../Core/Src/stm32h7rsxx_hal_msp.c:63:6:HAL_MspInit	176	static
../Core/Src/stm32h7rsxx_hal_msp.c:131:6:HAL_DCMIPP_MspInit	56	static
../Core/Src/stm32h7rsxx_hal_msp.c:191:6:HAL_DCMIPP_MspDeInit	16	static
../Core/Src/stm32h7rsxx_hal_msp.c:228:6:HAL_XSPI_MspInit	184	static
../Core/Src/stm32h7rsxx_hal_msp.c:288:6:HAL_XSPI_MspDeInit	16	static
../Core/Src/stm32h7rsxx_hal_msp.c:325:13:HAL_FMC_MspInit	168	static
../Core/Src/stm32h7rsxx_hal_msp.c:477:6:HAL_SDRAM_MspInit	16	static
../Core/Src/stm32h7rsxx_hal_msp.c:489:13:HAL_FMC_MspDeInit	8	static
../Core/Src/stm32h7rsxx_hal_msp.c:588:6:HAL_SDRAM_MspDeInit	16	static
