Archive member included to satisfy reference by file (symbol)

C:/ST/STM32CubeIDE_1.19.0/STM32CubeIDE/plugins/com.st.stm32cube.ide.mcu.externaltools.gnu-tools-for-stm32.13.3.rel1.win32_1.0.0.202411081344/tools/bin/../lib/gcc/arm-none-eabi/13.3.1/../../../../arm-none-eabi/lib/thumb/v7e-m+dp/hard\libc_nano.a(libc_a-exit.o)
                              C:/ST/STM32CubeIDE_1.19.0/STM32CubeIDE/plugins/com.st.stm32cube.ide.mcu.externaltools.gnu-tools-for-stm32.13.3.rel1.win32_1.0.0.202411081344/tools/bin/../lib/gcc/arm-none-eabi/13.3.1/../../../../arm-none-eabi/lib/thumb/v7e-m+dp/hard/crt0.o (exit)
C:/ST/STM32CubeIDE_1.19.0/STM32CubeIDE/plugins/com.st.stm32cube.ide.mcu.externaltools.gnu-tools-for-stm32.13.3.rel1.win32_1.0.0.202411081344/tools/bin/../lib/gcc/arm-none-eabi/13.3.1/../../../../arm-none-eabi/lib/thumb/v7e-m+dp/hard\libc_nano.a(libc_a-findfp.o)
                              C:/ST/STM32CubeIDE_1.19.0/STM32CubeIDE/plugins/com.st.stm32cube.ide.mcu.externaltools.gnu-tools-for-stm32.13.3.rel1.win32_1.0.0.202411081344/tools/bin/../lib/gcc/arm-none-eabi/13.3.1/../../../../arm-none-eabi/lib/thumb/v7e-m+dp/hard\libc_nano.a(libc_a-exit.o) (__stdio_exit_handler)
C:/ST/STM32CubeIDE_1.19.0/STM32CubeIDE/plugins/com.st.stm32cube.ide.mcu.externaltools.gnu-tools-for-stm32.13.3.rel1.win32_1.0.0.202411081344/tools/bin/../lib/gcc/arm-none-eabi/13.3.1/../../../../arm-none-eabi/lib/thumb/v7e-m+dp/hard\libc_nano.a(libc_a-fwalk.o)
                              C:/ST/STM32CubeIDE_1.19.0/STM32CubeIDE/plugins/com.st.stm32cube.ide.mcu.externaltools.gnu-tools-for-stm32.13.3.rel1.win32_1.0.0.202411081344/tools/bin/../lib/gcc/arm-none-eabi/13.3.1/../../../../arm-none-eabi/lib/thumb/v7e-m+dp/hard\libc_nano.a(libc_a-findfp.o) (_fwalk_sglue)
C:/ST/STM32CubeIDE_1.19.0/STM32CubeIDE/plugins/com.st.stm32cube.ide.mcu.externaltools.gnu-tools-for-stm32.13.3.rel1.win32_1.0.0.202411081344/tools/bin/../lib/gcc/arm-none-eabi/13.3.1/../../../../arm-none-eabi/lib/thumb/v7e-m+dp/hard\libc_nano.a(libc_a-stdio.o)
                              C:/ST/STM32CubeIDE_1.19.0/STM32CubeIDE/plugins/com.st.stm32cube.ide.mcu.externaltools.gnu-tools-for-stm32.13.3.rel1.win32_1.0.0.202411081344/tools/bin/../lib/gcc/arm-none-eabi/13.3.1/../../../../arm-none-eabi/lib/thumb/v7e-m+dp/hard\libc_nano.a(libc_a-findfp.o) (__sread)
C:/ST/STM32CubeIDE_1.19.0/STM32CubeIDE/plugins/com.st.stm32cube.ide.mcu.externaltools.gnu-tools-for-stm32.13.3.rel1.win32_1.0.0.202411081344/tools/bin/../lib/gcc/arm-none-eabi/13.3.1/../../../../arm-none-eabi/lib/thumb/v7e-m+dp/hard\libc_nano.a(libc_a-memset.o)
                              C:/ST/STM32CubeIDE_1.19.0/STM32CubeIDE/plugins/com.st.stm32cube.ide.mcu.externaltools.gnu-tools-for-stm32.13.3.rel1.win32_1.0.0.202411081344/tools/bin/../lib/gcc/arm-none-eabi/13.3.1/../../../../arm-none-eabi/lib/thumb/v7e-m+dp/hard/crt0.o (memset)
C:/ST/STM32CubeIDE_1.19.0/STM32CubeIDE/plugins/com.st.stm32cube.ide.mcu.externaltools.gnu-tools-for-stm32.13.3.rel1.win32_1.0.0.202411081344/tools/bin/../lib/gcc/arm-none-eabi/13.3.1/../../../../arm-none-eabi/lib/thumb/v7e-m+dp/hard\libc_nano.a(libc_a-closer.o)
                              C:/ST/STM32CubeIDE_1.19.0/STM32CubeIDE/plugins/com.st.stm32cube.ide.mcu.externaltools.gnu-tools-for-stm32.13.3.rel1.win32_1.0.0.202411081344/tools/bin/../lib/gcc/arm-none-eabi/13.3.1/../../../../arm-none-eabi/lib/thumb/v7e-m+dp/hard\libc_nano.a(libc_a-stdio.o) (_close_r)
C:/ST/STM32CubeIDE_1.19.0/STM32CubeIDE/plugins/com.st.stm32cube.ide.mcu.externaltools.gnu-tools-for-stm32.13.3.rel1.win32_1.0.0.202411081344/tools/bin/../lib/gcc/arm-none-eabi/13.3.1/../../../../arm-none-eabi/lib/thumb/v7e-m+dp/hard\libc_nano.a(libc_a-reent.o)
                              C:/ST/STM32CubeIDE_1.19.0/STM32CubeIDE/plugins/com.st.stm32cube.ide.mcu.externaltools.gnu-tools-for-stm32.13.3.rel1.win32_1.0.0.202411081344/tools/bin/../lib/gcc/arm-none-eabi/13.3.1/../../../../arm-none-eabi/lib/thumb/v7e-m+dp/hard\libc_nano.a(libc_a-closer.o) (errno)
C:/ST/STM32CubeIDE_1.19.0/STM32CubeIDE/plugins/com.st.stm32cube.ide.mcu.externaltools.gnu-tools-for-stm32.13.3.rel1.win32_1.0.0.202411081344/tools/bin/../lib/gcc/arm-none-eabi/13.3.1/../../../../arm-none-eabi/lib/thumb/v7e-m+dp/hard\libc_nano.a(libc_a-impure.o)
                              C:/ST/STM32CubeIDE_1.19.0/STM32CubeIDE/plugins/com.st.stm32cube.ide.mcu.externaltools.gnu-tools-for-stm32.13.3.rel1.win32_1.0.0.202411081344/tools/bin/../lib/gcc/arm-none-eabi/13.3.1/../../../../arm-none-eabi/lib/thumb/v7e-m+dp/hard\libc_nano.a(libc_a-reent.o) (_impure_ptr)
C:/ST/STM32CubeIDE_1.19.0/STM32CubeIDE/plugins/com.st.stm32cube.ide.mcu.externaltools.gnu-tools-for-stm32.13.3.rel1.win32_1.0.0.202411081344/tools/bin/../lib/gcc/arm-none-eabi/13.3.1/../../../../arm-none-eabi/lib/thumb/v7e-m+dp/hard\libc_nano.a(libc_a-lseekr.o)
[...]
Memory Configuration

Name             Origin             Length             Attributes
RAM              0x24000000         0x00071c00         xrw
RAM_NONCACHEABLEBUFFER 0x24071c00         0x00000400         xrw
ITCM             0x00000000         0x00010000         xrw
DTCM             0x20000000         0x00010000         rw
SRAMAHB          0x30000000         0x00008000         rw
BKPSRAM          0x38800000         0x00001000         rw
FLASH            0x70000000         0x08000000         xrw
*default*        0x00000000         0xffffffff

Linker script and memory map

LOAD C:/ST/STM32CubeIDE_1.19.0/STM32CubeIDE/plugins/com.st.stm32cube.ide.mcu.externaltools.gnu-tools-for-stm32.13.3.rel1.win32_1.0.0.202411081344/tools/bin/../lib/gcc/arm-none-eabi/13.3.1/thumb/v7e-m+dp/hard/crti.o
LOAD C:/ST/STM32CubeIDE_1.19.0/STM32CubeIDE/plugins/com.st.stm32cube.ide.mcu.externaltools.gnu-tools-for-stm32.13.3.rel1.win32_1.0.0.202411081344/tools/bin/../lib/gcc/arm-none-eabi/13.3.1/thumb/v7e-m+dp/hard/crtbegin.o
LOAD C:/ST/STM32CubeIDE_1.19.0/STM32CubeIDE/plugins/com.st.stm32cube.ide.mcu.externaltools.gnu-tools-for-stm32.13.3.rel1.win32_1.0.0.202411081344/tools/bin/../lib/gcc/arm-none-eabi/13.3.1/../../../../arm-none-eabi/lib/thumb/v7e-m+dp/hard/crt0.o
LOAD ./Core/Src/main.o
LOAD ./Core/Src/stm32h7rsxx_hal_msp.o
LOAD ./Core/Src/stm32h7rsxx_it.o
LOAD ./Core/Src/syscalls.o
LOAD ./Core/Src/sysmem.o
LOAD ./Core/Src/system_stm32h7rsxx.o
LOAD ./Core/Src/usbd_video.o
LOAD ./Core/Src/usbd_video_if.o
LOAD ./Core/Startup/startup_stm32h7s3l8hx.o
LOAD ./Drivers/STM32H7RSxx_HAL_Driver/stm32h7rsxx_hal.o
LOAD ./Drivers/STM32H7RSxx_HAL_Driver/stm32h7rsxx_hal_cortex.o
LOAD ./Drivers/STM32H7RSxx_HAL_Driver/stm32h7rsxx_hal_dcmipp.o
LOAD ./Drivers/STM32H7RSxx_HAL_Driver/stm32h7rsxx_hal_dma.o
LOAD ./Drivers/STM32H7RSxx_HAL_Driver/stm32h7rsxx_hal_dma_ex.o
LOAD ./Drivers/STM32H7RSxx_HAL_Driver/stm32h7rsxx_hal_exti.o
LOAD ./Drivers/STM32H7RSxx_HAL_Driver/stm32h7rsxx_hal_flash.o
LOAD ./Drivers/STM32H7RSxx_HAL_Driver/stm32h7rsxx_hal_flash_ex.o
LOAD ./Drivers/STM32H7RSxx_HAL_Driver/stm32h7rsxx_hal_gpio.o
LOAD ./Drivers/STM32H7RSxx_HAL_Driver/stm32h7rsxx_hal_pcd.o
LOAD ./Drivers/STM32H7RSxx_HAL_Driver/stm32h7rsxx_hal_pcd_ex.o
LOAD ./Drivers/STM32H7RSxx_HAL_Driver/stm32h7rsxx_hal_pwr.o
LOAD ./Drivers/STM32H7RSxx_HAL_Driver/stm32h7rsxx_hal_pwr_ex.o
LOAD ./Drivers/STM32H7RSxx_HAL_Driver/stm32h7rsxx_hal_rcc.o
LOAD ./Drivers/STM32H7RSxx_HAL_Driver/stm32h7rsxx_hal_rcc_ex.o
LOAD ./Drivers/STM32H7RSxx_HAL_Driver/stm32h7rsxx_ll_usb.o
LOAD ./Middlewares/ST/STM32_USB_Device_Library/Class/HID/Src/usbd_hid.o
LOAD ./Middlewares/ST/STM32_USB_Device_Library/Core/Src/usbd_core.o
LOAD ./Middlewares/ST/STM32_USB_Device_Library/Core/Src/usbd_ctlreq.o
LOAD ./Middlewares/ST/STM32_USB_Device_Library/Core/Src/usbd_ioreq.o
LOAD ./USB_DEVICE/App/usb_device.o
LOAD ./USB_DEVICE/App/usbd_desc.o
LOAD ./USB_DEVICE/Target/usbd_conf.o
START GROUP
LOAD C:/ST/STM32CubeIDE_1.19.0/STM32CubeIDE/plugins/com.st.stm32cube.ide.mcu.externaltools.gnu-tools-for-stm32.13.3.rel1.win32_1.0.0.202411081344/tools/bin/../lib/gcc/arm-none-eabi/13.3.1/../../../../arm-none-eabi/lib/thumb/v7e-m+dp/hard\libc_nano.a
LOAD C:/ST/STM32CubeIDE_1.19.0/STM32CubeIDE/plugins/com.st.stm32cube.ide.mcu.externaltools.gnu-tools-for-stm32.13.3.rel1.win32_1.0.0.202411081344/tools/bin/../lib/gcc/arm-none-eabi/13.3.1/../../../../arm-none-eabi/lib/thumb/v7e-m+dp/hard\libm.a
END GROUP
START GROUP
LOAD C:/ST/STM32CubeIDE_1.19.0/STM32CubeIDE/plugins/com.st.stm32cube.ide.mcu.externaltools.gnu-tools-for-stm32.13.3.rel1.win32_1.0.0.202411081344/tools/bin/../lib/gcc/arm-none-eabi/13.3.1/thumb/v7e-m+dp/hard\libgcc.a
LOAD C:/ST/STM32CubeIDE_1.19.0/STM32CubeIDE/plugins/com.st.stm32cube.ide.mcu.externaltools.gnu-tools-for-stm32.13.3.rel1.win32_1.0.0.202411081344/tools/bin/../lib/gcc/arm-none-eabi/13.3.1/../../../../arm-none-eabi/lib/thumb/v7e-m+dp/hard\libc_nano.a
END GROUP
START GROUP
LOAD C:/ST/STM32CubeIDE_1.19.0/STM32CubeIDE/plugins/com.st.stm32cube.ide.mcu.externaltools.gnu-tools-for-stm32.13.3.rel1.win32_1.0.0.202411081344/tools/bin/../lib/gcc/arm-none-eabi/13.3.1/thumb/v7e-m+dp/hard\libgcc.a
LOAD C:/ST/STM32CubeIDE_1.19.0/STM32CubeIDE/plugins/com.st.stm32cube.ide.mcu.externaltools.gnu-tools-for-stm32.13.3.rel1.win32_1.0.0.202411081344/tools/bin/../lib/gcc/arm-none-eabi/13.3.1/../../../../arm-none-eabi/lib/thumb/v7e-m+dp/hard\libc_nano.a
LOAD C:/ST/STM32CubeIDE_1.19.0/STM32CubeIDE/plugins/com.st.stm32cube.ide.mcu.externaltools.gnu-tools-for-stm32.13.3.rel1.win32_1.0.0.202411081344/tools/bin/../lib/gcc/arm-none-eabi/13.3.1/../../../../arm-none-eabi/lib/thumb/v7e-m+dp/hard\libnosys.a
END GROUP
START GROUP
LOAD C:/ST/STM32CubeIDE_1.19.0/STM32CubeIDE/plugins/com.st.stm32cube.ide.mcu.externaltools.gnu-tools-for-stm32.13.3.rel1.win32_1.0.0.202411081344/tools/bin/../lib/gcc/arm-none-eabi/13.3.1/thumb/v7e-m+dp/hard\libgcc.a
LOAD C:/ST/STM32CubeIDE_1.19.0/STM32CubeIDE/plugins/com.st.stm32cube.ide.mcu.externaltools.gnu-tools-for-stm32.13.3.rel1.win32_1.0.0.202411081344/tools/bin/../lib/gcc/arm-none-eabi/13.3.1/../../../../arm-none-eabi/lib/thumb/v7e-m+dp/hard\libc_nano.a
LOAD C:/ST/STM32CubeIDE_1.19.0/STM32CubeIDE/plugins/com.st.stm32cube.ide.mcu.externaltools.gnu-tools-for-stm32.13.3.rel1.win32_1.0.0.202411081344/tools/bin/../lib/gcc/arm-none-eabi/13.3.1/../../../../arm-none-eabi/lib/thumb/v7e-m+dp/hard\libnosys.a
END GROUP
LOAD C:/ST/STM32CubeIDE_1.19.0/STM32CubeIDE/plugins/com.st.stm32cube.ide.mcu.externaltools.gnu-tools-for-stm32.13.3.rel1.win32_1.0.0.202411081344/tools/bin/../lib/gcc/arm-none-eabi/13.3.1/thumb/v7e-m+dp/hard/crtend.o
LOAD C:/ST/STM32CubeIDE_1.19.0/STM32CubeIDE/plugins/com.st.stm32cube.ide.mcu.externaltools.gnu-tools-for-stm32.13.3.rel1.win32_1.0.0.202411081344/tools/bin/../lib/gcc/arm-none-eabi/13.3.1/thumb/v7e-m+dp/hard/crtn.o
                0x20010000                        _estack = (ORIGIN (DTCM) + LENGTH (DTCM))
                0x00000200                        _Min_Heap_Size = 0x200
                0x00000400                        _Min_Stack_Size = 0x400
                0x70000000                        __FLASH_BEGIN = 0x70000000
                0x08000000                        __FLASH_SIZE = 0x8000000
                0x24000000                        __RAM_BEGIN = 0x24000000
                0x00071c00                        __RAM_SIZE = 0x71c00
                0x00000400                        __RAM_NONCACHEABLEBUFFER_SIZE = 0x400

.isr_vector     0x70000000      0x2b0
                0x70000000                        . = ALIGN (0x4)
 *(.isr_vector)
 .isr_vector    0x70000000      0x2b0 ./Core/Startup/startup_stm32h7s3l8hx.o
                0x70000000                g_pfnVectors
                0x700002b0                        . = ALIGN (0x4)

.text           0x700002b0     0x8410
                0x700002b0                        . = ALIGN (0x4)
 *(.text)
 .text          0x700002b0       0x40 C:/ST/STM32CubeIDE_1.19.0/STM32CubeIDE/plugins/com.st.stm32cube.ide.mcu.externaltools.gnu-tools-for-stm32.13.3.rel1.win32_1.0.0.202411081344/tools/bin/../lib/gcc/arm-none-eabi/13.3.1/thumb/v7e-m+dp/hard/crtbegin.o
 *(.text*)
 .text.main     0x700002f0       0x74 ./Core/Src/main.o
                0x700002f0                main
 .text.MX_DCMIPP_Init
                0x70000364       0x84 ./Core/Src/main.o
 .text.MX_DMA_Init
                0x700003e8       0x3c ./Core/Src/main.o
 .text.MX_GPIO_Init
                0x70000424       0xf8 ./Core/Src/main.o
 .text.MX_USB_DEVICE_Init
                0x7000051c       0x60 ./Core/Src/main.o
 .text.MPU_Config
                0x7000057c       0x4e ./Core/Src/main.o
 *fill*         0x700005ca        0x2 
 .text.CPU_CACHE_Enable
                0x700005cc       0xdc ./Core/Src/main.o
 .text.SystemClock_Config
                0x700006a8       0xd0 ./Core/Src/main.o
                0x700006a8                SystemClock_Config
 .text.Error_Handler
                0x70000778        0xc ./Core/Src/main.o
                0x70000778                Error_Handler
 .text.HAL_MspInit
                0x70000784       0x38 ./Core/Src/stm32h7rsxx_hal_msp.o
                0x70000784                HAL_MspInit
 .text.HAL_DCMIPP_MspInit
                0x700007bc      0x11c ./Core/Src/stm32h7rsxx_hal_msp.o
                0x700007bc                HAL_DCMIPP_MspInit
 .text.NMI_Handler
                0x700008d8        0x8 ./Core/Src/stm32h7rsxx_it.o
                0x700008d8                NMI_Handler
 .text.HardFault_Handler
                0x700008e0        0x8 ./Core/Src/stm32h7rsxx_it.o
                0x700008e0                HardFault_Handler
 .text.MemManage_Handler
                0x700008e8        0x8 ./Core/Src/stm32h7rsxx_it.o
                0x700008e8                MemManage_Handler
 .text.BusFault_Handler
                0x700008f0        0x8 ./Core/Src/stm32h7rsxx_it.o
                0x700008f0                BusFault_Handler
 .text.UsageFault_Handler
                0x700008f8        0x8 ./Core/Src/stm32h7rsxx_it.o
                0x700008f8                UsageFault_Handler
 .text.SVC_Handler
                0x70000900        0xe ./Core/Src/stm32h7rsxx_it.o
                0x70000900                SVC_Handler
 .text.DebugMon_Handler
                0x7000090e        0xe ./Core/Src/stm32h7rsxx_it.o
                0x7000090e                DebugMon_Handler
 .text.PendSV_Handler
                0x7000091c        0xe ./Core/Src/stm32h7rsxx_it.o
                0x7000091c                PendSV_Handler
 .text.SysTick_Handler
                0x7000092a        0xc ./Core/Src/stm32h7rsxx_it.o
                0x7000092a                SysTick_Handler
 *fill*         0x70000936        0x2 
 .text.OTG_FS_IRQHandler
                0x70000938       0x14 ./Core/Src/stm32h7rsxx_it.o
                0x70000938                OTG_FS_IRQHandler
 .text.SystemInit
                0x7000094c       0x2c ./Core/Src/system_stm32h7rsxx.o
                0x7000094c                SystemInit
 .text.USBD_VIDEO_Init
                0x70000978       0xb0 ./Core/Src/usbd_video.o
 .text.USBD_VIDEO_DeInit
                0x70000a28       0x86 ./Core/Src/usbd_video.o
 *fill*         0x70000aae        0x2 
 .text.USBD_VIDEO_Setup
                0x70000ab0      0x280 ./Core/Src/usbd_video.o
 .text.USBD_VIDEO_DataIn
                0x70000d30      0x148 ./Core/Src/usbd_video.o
 .text.USBD_VIDEO_DataOut
                0x70000e78       0x1a ./Core/Src/usbd_video.o
 .text.USBD_VIDEO_EP0_RxReady
                0x70000e92       0x44 ./Core/Src/usbd_video.o
 *fill*         0x70000ed6        0x2 
 .text.USBD_VIDEO_GetFSCfgDesc
                0x70000ed8       0x20 ./Core/Src/usbd_video.o
 .text.USBD_VIDEO_GetHSCfgDesc
                0x70000ef8       0x20 ./Core/Src/usbd_video.o
 .text.USBD_VIDEO_GetDeviceQualifierDesc
                0x70000f18       0x20 ./Core/Src/usbd_video.o
 .text.USBD_VIDEO_RegisterInterface
                0x70000f38       0x34 ./Core/Src/usbd_video.o
                0x70000f38                USBD_VIDEO_RegisterInterface
 .text.USBD_VIDEO_SendFrame
                0x70000f6c      0x170 ./Core/Src/usbd_video.o
                0x70000f6c                USBD_VIDEO_SendFrame
 .text.VIDEO_Init_FS
                0x700010dc       0x70 ./Core/Src/usbd_video_if.o
 .text.VIDEO_DeInit_FS
                0x7000114c       0x1c ./Core/Src/usbd_video_if.o
 .text.VIDEO_Control_FS
                0x70001168      0x140 ./Core/Src/usbd_video_if.o
 .text.VIDEO_PrepareFrame_FS
                0x700012a8       0x18 ./Core/Src/usbd_video_if.o
 .text.VIDEO_InitCameraSensor
                0x700012c0        0xe ./Core/Src/usbd_video_if.o
 .text.VIDEO_ApplyCameraSettings
                0x700012ce        0xe ./Core/Src/usbd_video_if.o
 .text.Reset_Handler
                0x700012dc       0x50 ./Core/Startup/startup_stm32h7s3l8hx.o
                0x700012dc                Reset_Handler
 .text.Default_Handler
                0x7000132c        0x2 ./Core/Startup/startup_stm32h7s3l8hx.o
                0x7000132c                HPDMA1_Channel13_IRQHandler
                0x7000132c                EXTI2_IRQHandler
                0x7000132c                MCE2_IRQHandler
                0x7000132c                SAI1_A_IRQHandler
                0x7000132c                EXTI5_IRQHandler
                0x7000132c                I3C1_ER_IRQHandler
                0x7000132c                UART8_IRQHandler
                0x7000132c                SPI4_IRQHandler
                0x7000132c                EXTI13_IRQHandler
                0x7000132c                TIM1_CC_IRQHandler
                0x7000132c                XSPI1_IRQHandler
                0x7000132c                JPEG_IRQHandler
                0x7000132c                TAMP_IRQHandler
                0x7000132c                TIM6_IRQHandler
                0x7000132c                EXTI12_IRQHandler
                0x7000132c                CORDIC_IRQHandler
                0x7000132c                GFXTIM_IRQHandler
                0x7000132c                EXTI3_IRQHandler
                0x7000132c                LPTIM4_IRQHandler
                0x7000132c                GPDMA1_Channel5_IRQHandler
                0x7000132c                EXTI8_IRQHandler
                0x7000132c                LPTIM2_IRQHandler
                0x7000132c                GFXMMU_IRQHandler
                0x7000132c                I2C3_ER_IRQHandler
                0x7000132c                LPTIM3_IRQHandler
                0x7000132c                SAI2_A_IRQHandler
                0x7000132c                EXTI0_IRQHandler
                0x7000132c                HPDMA1_Channel9_IRQHandler
                0x7000132c                I2C2_EV_IRQHandler
                0x7000132c                FPU_IRQHandler
                0x7000132c                GPDMA1_Channel3_IRQHandler
                0x7000132c                GPDMA1_Channel7_IRQHandler
                0x7000132c                FDCAN1_IT1_IRQHandler
                0x7000132c                HPDMA1_Channel3_IRQHandler
                0x7000132c                ADC1_2_IRQHandler
                0x7000132c                GPDMA1_Channel9_IRQHandler
                0x7000132c                SPI1_IRQHandler
                0x7000132c                SAI1_B_IRQHandler
                0x7000132c                GPDMA1_Channel2_IRQHandler
                0x7000132c                I3C1_WKUP_IRQHandler
                0x7000132c                PKA_IRQHandler
                0x7000132c                HPDMA1_Channel2_IRQHandler
                0x7000132c                EXTI15_IRQHandler
                0x7000132c                TIM17_IRQHandler
                0x7000132c                USART3_IRQHandler
                0x7000132c                HPDMA1_Channel6_IRQHandler
                0x7000132c                CRYP_IRQHandler
                0x7000132c                RTC_IRQHandler
                0x7000132c                XSPI2_IRQHandler
                0x7000132c                EXTI9_IRQHandler
                0x7000132c                HPDMA1_Channel0_IRQHandler
                0x7000132c                LPTIM5_IRQHandler
                0x7000132c                HPDMA1_Channel1_IRQHandler
                0x7000132c                UART5_IRQHandler
                0x7000132c                TIM4_IRQHandler
                0x7000132c                I2C1_EV_IRQHandler
                0x7000132c                GPDMA1_Channel12_IRQHandler
                0x7000132c                HPDMA1_Channel7_IRQHandler
                0x7000132c                GPDMA1_Channel1_IRQHandler
                0x7000132c                TIM16_IRQHandler
                0x7000132c                GPDMA1_Channel15_IRQHandler
                0x7000132c                UART4_IRQHandler
                0x7000132c                TIM3_IRQHandler
                0x7000132c                RCC_IRQHandler
                0x7000132c                TIM1_TRG_COM_IRQHandler
                0x7000132c                SAI2_B_IRQHandler
                0x7000132c                Default_Handler
                0x7000132c                GPDMA1_Channel8_IRQHandler
                0x7000132c                HPDMA1_Channel8_IRQHandler
                0x7000132c                CEC_IRQHandler
                0x7000132c                TIM14_IRQHandler
                0x7000132c                TIM13_IRQHandler
                0x7000132c                GPDMA1_Channel11_IRQHandler
                0x7000132c                SPI5_IRQHandler
                0x7000132c                TIM12_IRQHandler
                0x7000132c                TIM7_IRQHandler
                0x7000132c                HPDMA1_Channel10_IRQHandler
                0x7000132c                SDMMC1_IRQHandler
                0x7000132c                SAES_IRQHandler
                0x7000132c                TIM5_IRQHandler
                0x7000132c                UCPD1_IRQHandler
                0x7000132c                GPDMA1_Channel0_IRQHandler
                0x7000132c                I3C1_EV_IRQHandler
                0x7000132c                HPDMA1_Channel5_IRQHandler
                0x7000132c                TIM15_IRQHandler
                0x7000132c                I2C3_EV_IRQHandler
                0x7000132c                HPDMA1_Channel4_IRQHandler
                0x7000132c                HPDMA1_Channel15_IRQHandler
                0x7000132c                TIM9_IRQHandler
                0x7000132c                SPDIF_RX_IRQHandler
                0x7000132c                PVD_PVM_IRQHandler
                0x7000132c                SPI2_IRQHandler
                0x7000132c                HPDMA1_Channel11_IRQHandler
                0x7000132c                EXTI14_IRQHandler
                0x7000132c                EXTI11_IRQHandler
                0x7000132c                CRS_IRQHandler
                0x7000132c                GPDMA1_Channel14_IRQHandler
                0x7000132c                EXTI4_IRQHandler
                0x7000132c                GPDMA1_Channel13_IRQHandler
                0x7000132c                RNG_IRQHandler
                0x7000132c                FDCAN2_IT1_IRQHandler
                0x7000132c                ETH_IRQHandler
                0x7000132c                TIM1_UP_IRQHandler
                0x7000132c                WWDG_IRQHandler
                0x7000132c                SPI6_IRQHandler
                0x7000132c                MDIOS_IRQHandler
                0x7000132c                FDCAN2_IT0_IRQHandler
                0x7000132c                IWDG_IRQHandler
                0x7000132c                HPDMA1_Channel14_IRQHandler
                0x7000132c                LPUART1_IRQHandler
                0x7000132c                FDCAN1_IT0_IRQHandler
                0x7000132c                TIM2_IRQHandler
                0x7000132c                PSSI_IRQHandler
                0x7000132c                MCE3_IRQHandler
                0x7000132c                GPDMA1_Channel4_IRQHandler
                0x7000132c                OTG_HS_IRQHandler
                0x7000132c                EXTI7_IRQHandler
                0x7000132c                DMA2D_IRQHandler
                0x7000132c                TIM1_BRK_IRQHandler
                0x7000132c                EXTI1_IRQHandler
                0x7000132c                SDMMC2_IRQHandler
                0x7000132c                UART7_IRQHandler
                0x7000132c                DTS_IRQHandler
                0x7000132c                USART2_IRQHandler
                0x7000132c                GPDMA1_Channel6_IRQHandler
                0x7000132c                ADF1_FLT0_IRQHandler
                0x7000132c                RAMECC_IRQHandler
                0x7000132c                I2C2_ER_IRQHandler
                0x7000132c                MCE1_IRQHandler
                0x7000132c                HPDMA1_Channel12_IRQHandler
                0x7000132c                FLASH_IRQHandler
                0x7000132c                USART1_IRQHandler
                0x7000132c                EXTI10_IRQHandler
                0x7000132c                SPI3_IRQHandler
                0x7000132c                WAKEUP_PIN_IRQHandler
                0x7000132c                DCMIPP_IRQHandler
                0x7000132c                I2C1_ER_IRQHandler
                0x7000132c                FMC_IRQHandler
                0x7000132c                EXTI6_IRQHandler
                0x7000132c                LPTIM1_IRQHandler
                0x7000132c                GPDMA1_Channel10_IRQHandler
                0x7000132c                HASH_IRQHandler
 .text.HAL_Init
                0x7000132e       0x30 ./Drivers/STM32H7RSxx_HAL_Driver/stm32h7rsxx_hal.o
                0x7000132e                HAL_Init
 *fill*         0x7000135e        0x2 
 .text.HAL_InitTick
                0x70001360       0x78 ./Drivers/STM32H7RSxx_HAL_Driver/stm32h7rsxx_hal.o
                0x70001360                HAL_InitTick
 .text.HAL_IncTick
                0x700013d8       0x28 ./Drivers/STM32H7RSxx_HAL_Driver/stm32h7rsxx_hal.o
                0x700013d8                HAL_IncTick
 .text.HAL_GetTick
                0x70001400       0x18 ./Drivers/STM32H7RSxx_HAL_Driver/stm32h7rsxx_hal.o
                0x70001400                HAL_GetTick
 .text.HAL_Delay
                0x70001418       0x48 ./Drivers/STM32H7RSxx_HAL_Driver/stm32h7rsxx_hal.o
                0x70001418                HAL_Delay
 .text.HAL_SuspendTick
                0x70001460       0x20 ./Drivers/STM32H7RSxx_HAL_Driver/stm32h7rsxx_hal.o
                0x70001460                HAL_SuspendTick
 .text.HAL_ResumeTick
                0x70001480       0x20 ./Drivers/STM32H7RSxx_HAL_Driver/stm32h7rsxx_hal.o
                0x70001480                HAL_ResumeTick
 .text.__NVIC_SetPriorityGrouping
                0x700014a0       0x48 ./Drivers/STM32H7RSxx_HAL_Driver/stm32h7rsxx_hal_cortex.o
 .text.__NVIC_GetPriorityGrouping
                0x700014e8       0x1c ./Drivers/STM32H7RSxx_HAL_Driver/stm32h7rsxx_hal_cortex.o
 .text.__NVIC_EnableIRQ
                0x70001504       0x3c ./Drivers/STM32H7RSxx_HAL_Driver/stm32h7rsxx_hal_cortex.o
 .text.__NVIC_SetPriority
                0x70001540       0x54 ./Drivers/STM32H7RSxx_HAL_Driver/stm32h7rsxx_hal_cortex.o
 .text.NVIC_EncodePriority
                0x70001594       0x66 ./Drivers/STM32H7RSxx_HAL_Driver/stm32h7rsxx_hal_cortex.o
 *fill*         0x700015fa        0x2 
 .text.SysTick_Config
                0x700015fc       0x44 ./Drivers/STM32H7RSxx_HAL_Driver/stm32h7rsxx_hal_cortex.o
 .text.HAL_NVIC_SetPriorityGrouping
                0x70001640       0x16 ./Drivers/STM32H7RSxx_HAL_Driver/stm32h7rsxx_hal_cortex.o
                0x70001640                HAL_NVIC_SetPriorityGrouping
 .text.HAL_NVIC_SetPriority
                0x70001656       0x34 ./Drivers/STM32H7RSxx_HAL_Driver/stm32h7rsxx_hal_cortex.o
                0x70001656                HAL_NVIC_SetPriority
 .text.HAL_NVIC_EnableIRQ
                0x7000168a       0x1c ./Drivers/STM32H7RSxx_HAL_Driver/stm32h7rsxx_hal_cortex.o
                0x7000168a                HAL_NVIC_EnableIRQ
 .text.HAL_SYSTICK_Config
                0x700016a6       0x18 ./Drivers/STM32H7RSxx_HAL_Driver/stm32h7rsxx_hal_cortex.o
                0x700016a6                HAL_SYSTICK_Config
 *fill*         0x700016be        0x2 
 .text.HAL_MPU_Enable
                0x700016c0       0x44 ./Drivers/STM32H7RSxx_HAL_Driver/stm32h7rsxx_hal_cortex.o
                0x700016c0                HAL_MPU_Enable
 .text.HAL_MPU_Disable
                0x70001704       0x3c ./Drivers/STM32H7RSxx_HAL_Driver/stm32h7rsxx_hal_cortex.o
                0x70001704                HAL_MPU_Disable
 .text.HAL_MPU_ConfigRegion
                0x70001740       0x8c ./Drivers/STM32H7RSxx_HAL_Driver/stm32h7rsxx_hal_cortex.o
                0x70001740                HAL_MPU_ConfigRegion
 .text.HAL_DCMIPP_Init
                0x700017cc       0x5c ./Drivers/STM32H7RSxx_HAL_Driver/stm32h7rsxx_hal_dcmipp.o
                0x700017cc                HAL_DCMIPP_Init
 .text.HAL_DCMIPP_PARALLEL_SetConfig
                0x70001828       0xda ./Drivers/STM32H7RSxx_HAL_Driver/stm32h7rsxx_hal_dcmipp.o
                0x70001828                HAL_DCMIPP_PARALLEL_SetConfig
 .text.HAL_DCMIPP_PIPE_SetConfig
                0x70001902       0x72 ./Drivers/STM32H7RSxx_HAL_Driver/stm32h7rsxx_hal_dcmipp.o
                0x70001902                HAL_DCMIPP_PIPE_SetConfig
 .text.HAL_DCMIPP_PIPE_Start
                0x70001974       0x54 ./Drivers/STM32H7RSxx_HAL_Driver/stm32h7rsxx_hal_dcmipp.o
                0x70001974                HAL_DCMIPP_PIPE_Start
 .text.Pipe_Config
                0x700019c8       0x38 ./Drivers/STM32H7RSxx_HAL_Driver/stm32h7rsxx_hal_dcmipp.o
 .text.DCMIPP_SetConfig
                0x70001a00       0x60 ./Drivers/STM32H7RSxx_HAL_Driver/stm32h7rsxx_hal_dcmipp.o
 .text.DCMIPP_EnableCapture
                0x70001a60       0x44 ./Drivers/STM32H7RSxx_HAL_Driver/stm32h7rsxx_hal_dcmipp.o
 .text.HAL_GPIO_Init
                0x70001aa4      0x2c0 ./Drivers/STM32H7RSxx_HAL_Driver/stm32h7rsxx_hal_gpio.o
                0x70001aa4                HAL_GPIO_Init
 .text.HAL_PCD_Init
                0x70001d64      0x230 ./Drivers/STM32H7RSxx_HAL_Driver/stm32h7rsxx_hal_pcd.o
                0x70001d64                HAL_PCD_Init
 .text.HAL_PCD_Start
                0x70001f94       0x6a ./Drivers/STM32H7RSxx_HAL_Driver/stm32h7rsxx_hal_pcd.o
                0x70001f94                HAL_PCD_Start
 .text.HAL_PCD_IRQHandler
                0x70001ffe      0x99c ./Drivers/STM32H7RSxx_HAL_Driver/stm32h7rsxx_hal_pcd.o
                0x70001ffe                HAL_PCD_IRQHandler
 .text.HAL_PCD_SetAddress
                0x7000299a       0x48 ./Drivers/STM32H7RSxx_HAL_Driver/stm32h7rsxx_hal_pcd.o
                0x7000299a                HAL_PCD_SetAddress
 .text.HAL_PCD_EP_Open
                0x700029e2       0xd4 ./Drivers/STM32H7RSxx_HAL_Driver/stm32h7rsxx_hal_pcd.o
                0x700029e2                HAL_PCD_EP_Open
 .text.HAL_PCD_EP_Close
                0x70002ab6       0x94 ./Drivers/STM32H7RSxx_HAL_Driver/stm32h7rsxx_hal_pcd.o
                0x70002ab6                HAL_PCD_EP_Close
 .text.HAL_PCD_EP_Receive
                0x70002b4a       0x76 ./Drivers/STM32H7RSxx_HAL_Driver/stm32h7rsxx_hal_pcd.o
                0x70002b4a                HAL_PCD_EP_Receive
 .text.HAL_PCD_EP_Transmit
                0x70002bc0       0x74 ./Drivers/STM32H7RSxx_HAL_Driver/stm32h7rsxx_hal_pcd.o
                0x70002bc0                HAL_PCD_EP_Transmit
 .text.HAL_PCD_EP_SetStall
                0x70002c34       0xc6 ./Drivers/STM32H7RSxx_HAL_Driver/stm32h7rsxx_hal_pcd.o
                0x70002c34                HAL_PCD_EP_SetStall
 .text.HAL_PCD_EP_ClrStall
                0x70002cfa       0xac ./Drivers/STM32H7RSxx_HAL_Driver/stm32h7rsxx_hal_pcd.o
                0x70002cfa                HAL_PCD_EP_ClrStall
 .text.HAL_PCD_EP_Abort
                0x70002da6       0x62 ./Drivers/STM32H7RSxx_HAL_Driver/stm32h7rsxx_hal_pcd.o
                0x70002da6                HAL_PCD_EP_Abort
 .text.PCD_WriteEmptyTxFifo
                0x70002e08      0x118 ./Drivers/STM32H7RSxx_HAL_Driver/stm32h7rsxx_hal_pcd.o
 .text.PCD_EP_OutXfrComplete_int
                0x70002f20      0x1d0 ./Drivers/STM32H7RSxx_HAL_Driver/stm32h7rsxx_hal_pcd.o
 .text.PCD_EP_OutSetupPacket_int
                0x700030f0       0x8c ./Drivers/STM32H7RSxx_HAL_Driver/stm32h7rsxx_hal_pcd.o
 .text.HAL_PCDEx_SetTxFiFo
                0x7000317c       0x8e ./Drivers/STM32H7RSxx_HAL_Driver/stm32h7rsxx_hal_pcd_ex.o
                0x7000317c                HAL_PCDEx_SetTxFiFo
 .text.HAL_PCDEx_SetRxFiFo
                0x7000320a       0x22 ./Drivers/STM32H7RSxx_HAL_Driver/stm32h7rsxx_hal_pcd_ex.o
                0x7000320a                HAL_PCDEx_SetRxFiFo
 .text.HAL_PCDEx_ActivateLPM
                0x7000322c       0x48 ./Drivers/STM32H7RSxx_HAL_Driver/stm32h7rsxx_hal_pcd_ex.o
                0x7000322c                HAL_PCDEx_ActivateLPM
 .text.HAL_PCDEx_LPM_Callback
                0x70003274       0x18 ./Drivers/STM32H7RSxx_HAL_Driver/stm32h7rsxx_hal_pcd_ex.o
                0x70003274                HAL_PCDEx_LPM_Callback
 .text.HAL_PWR_ConfigPVD
                0x7000328c       0xf4 ./Drivers/STM32H7RSxx_HAL_Driver/stm32h7rsxx_hal_pwr.o
                0x7000328c                HAL_PWR_ConfigPVD
 .text.HAL_PWR_EnablePVD
                0x70003380       0x20 ./Drivers/STM32H7RSxx_HAL_Driver/stm32h7rsxx_hal_pwr.o
                0x70003380                HAL_PWR_EnablePVD
 .text.HAL_PWREx_EnableUSBReg
                0x700033a0       0x20 ./Drivers/STM32H7RSxx_HAL_Driver/stm32h7rsxx_hal_pwr_ex.o
                0x700033a0                HAL_PWREx_EnableUSBReg
 .text.HAL_PWREx_EnableUSBVoltageDetector
                0x700033c0       0x48 ./Drivers/STM32H7RSxx_HAL_Driver/stm32h7rsxx_hal_pwr_ex.o
                0x700033c0                HAL_PWREx_EnableUSBVoltageDetector
 .text.HAL_RCC_OscConfig
                0x70003408      0x674 ./Drivers/STM32H7RSxx_HAL_Driver/stm32h7rsxx_hal_rcc.o
                0x70003408                HAL_RCC_OscConfig
 .text.HAL_RCC_ClockConfig
                0x70003a7c      0x330 ./Drivers/STM32H7RSxx_HAL_Driver/stm32h7rsxx_hal_rcc.o
                0x70003a7c                HAL_RCC_ClockConfig
 .text.HAL_RCC_GetSysClockFreq
                0x70003dac      0x2cc ./Drivers/STM32H7RSxx_HAL_Driver/stm32h7rsxx_hal_rcc.o
                0x70003dac                HAL_RCC_GetSysClockFreq
 .text.HAL_RCC_GetHCLKFreq
                0x70004078       0x50 ./Drivers/STM32H7RSxx_HAL_Driver/stm32h7rsxx_hal_rcc.o
                0x70004078                HAL_RCC_GetHCLKFreq
 .text.RCC_PLL_Config
                0x700040c8      0x2ac ./Drivers/STM32H7RSxx_HAL_Driver/stm32h7rsxx_hal_rcc.o
 .text.HAL_RCCEx_PeriphCLKConfig
                0x70004374      0xe08 ./Drivers/STM32H7RSxx_HAL_Driver/stm32h7rsxx_hal_rcc_ex.o
                0x70004374                HAL_RCCEx_PeriphCLKConfig
 .text.USB_CoreInit
                0x7000517c       0xa4 ./Drivers/STM32H7RSxx_HAL_Driver/stm32h7rsxx_ll_usb.o
                0x7000517c                USB_CoreInit
 .text.USB_SetTurnaroundTime
                0x70005220      0x144 ./Drivers/STM32H7RSxx_HAL_Driver/stm32h7rsxx_ll_usb.o
                0x70005220                USB_SetTurnaroundTime
 .text.USB_EnableGlobalInt
                0x70005364       0x22 ./Drivers/STM32H7RSxx_HAL_Driver/stm32h7rsxx_ll_usb.o
                0x70005364                USB_EnableGlobalInt
 .text.USB_DisableGlobalInt
                0x70005386       0x22 ./Drivers/STM32H7RSxx_HAL_Driver/stm32h7rsxx_ll_usb.o
                0x70005386                USB_DisableGlobalInt
 .text.USB_SetCurrentMode
                0x700053a8       0x98 ./Drivers/STM32H7RSxx_HAL_Driver/stm32h7rsxx_ll_usb.o
                0x700053a8                USB_SetCurrentMode
 .text.USB_DevInit
                0x70005440      0x33c ./Drivers/STM32H7RSxx_HAL_Driver/stm32h7rsxx_ll_usb.o
                0x70005440                USB_DevInit
 .text.USB_FlushTxFifo
                0x7000577c       0x64 ./Drivers/STM32H7RSxx_HAL_Driver/stm32h7rsxx_ll_usb.o
                0x7000577c                USB_FlushTxFifo
 .text.USB_FlushRxFifo
                0x700057e0       0x5c ./Drivers/STM32H7RSxx_HAL_Driver/stm32h7rsxx_ll_usb.o
                0x700057e0                USB_FlushRxFifo
 .text.USB_SetDevSpeed
                0x7000583c       0x32 ./Drivers/STM32H7RSxx_HAL_Driver/stm32h7rsxx_ll_usb.o
                0x7000583c                USB_SetDevSpeed
 .text.USB_GetDevSpeed
                0x7000586e       0x4a ./Drivers/STM32H7RSxx_HAL_Driver/stm32h7rsxx_ll_usb.o
                0x7000586e                USB_GetDevSpeed
 .text.USB_ActivateEndpoint
                0x700058b8      0x110 ./Drivers/STM32H7RSxx_HAL_Driver/stm32h7rsxx_ll_usb.o
                0x700058b8                USB_ActivateEndpoint
 .text.USB_DeactivateEndpoint
                0x700059c8      0x1b8 ./Drivers/STM32H7RSxx_HAL_Driver/stm32h7rsxx_ll_usb.o
                0x700059c8                USB_DeactivateEndpoint
 .text.USB_EPStartXfer
                0x70005b80      0x548 ./Drivers/STM32H7RSxx_HAL_Driver/stm32h7rsxx_ll_usb.o
                0x70005b80                USB_EPStartXfer
 .text.USB_EPStopXfer
                0x700060c8      0x154 ./Drivers/STM32H7RSxx_HAL_Driver/stm32h7rsxx_ll_usb.o
                0x700060c8                USB_EPStopXfer
 .text.USB_WritePacket
                0x7000621c       0x7c ./Drivers/STM32H7RSxx_HAL_Driver/stm32h7rsxx_ll_usb.o
                0x7000621c                USB_WritePacket
 .text.USB_ReadPacket
                0x70006298       0xb0 ./Drivers/STM32H7RSxx_HAL_Driver/stm32h7rsxx_ll_usb.o
                0x70006298                USB_ReadPacket
 .text.USB_EPSetStall
                0x70006348       0xdc ./Drivers/STM32H7RSxx_HAL_Driver/stm32h7rsxx_ll_usb.o
                0x70006348                USB_EPSetStall
 .text.USB_EPClearStall
                0x70006424       0xcc ./Drivers/STM32H7RSxx_HAL_Driver/stm32h7rsxx_ll_usb.o
                0x70006424                USB_EPClearStall
 .text.USB_SetDevAddress
                0x700064f0       0x4c ./Drivers/STM32H7RSxx_HAL_Driver/stm32h7rsxx_ll_usb.o
                0x700064f0                USB_SetDevAddress
 .text.USB_DevConnect
                0x7000653c       0x42 ./Drivers/STM32H7RSxx_HAL_Driver/stm32h7rsxx_ll_usb.o
                0x7000653c                USB_DevConnect
 .text.USB_DevDisconnect
                0x7000657e       0x42 ./Drivers/STM32H7RSxx_HAL_Driver/stm32h7rsxx_ll_usb.o
                0x7000657e                USB_DevDisconnect
 .text.USB_ReadInterrupts
                0x700065c0       0x26 ./Drivers/STM32H7RSxx_HAL_Driver/stm32h7rsxx_ll_usb.o
                0x700065c0                USB_ReadInterrupts
 .text.USB_ReadDevAllOutEpInterrupt
                0x700065e6       0x34 ./Drivers/STM32H7RSxx_HAL_Driver/stm32h7rsxx_ll_usb.o
                0x700065e6                USB_ReadDevAllOutEpInterrupt
 .text.USB_ReadDevAllInEpInterrupt
                0x7000661a       0x34 ./Drivers/STM32H7RSxx_HAL_Driver/stm32h7rsxx_ll_usb.o
                0x7000661a                USB_ReadDevAllInEpInterrupt
 .text.USB_ReadDevOutEPInterrupt
                0x7000664e       0x3c ./Drivers/STM32H7RSxx_HAL_Driver/stm32h7rsxx_ll_usb.o
                0x7000664e                USB_ReadDevOutEPInterrupt
 .text.USB_ReadDevInEPInterrupt
                0x7000668a       0x5c ./Drivers/STM32H7RSxx_HAL_Driver/stm32h7rsxx_ll_usb.o
                0x7000668a                USB_ReadDevInEPInterrupt
 .text.USB_GetMode
                0x700066e6       0x1c ./Drivers/STM32H7RSxx_HAL_Driver/stm32h7rsxx_ll_usb.o
                0x700066e6                USB_GetMode
 *fill*         0x70006702        0x2 
 .text.USB_ActivateSetup
                0x70006704       0x48 ./Drivers/STM32H7RSxx_HAL_Driver/stm32h7rsxx_ll_usb.o
                0x70006704                USB_ActivateSetup
 .text.USB_EP0_OutStart
                0x7000674c       0xbc ./Drivers/STM32H7RSxx_HAL_Driver/stm32h7rsxx_ll_usb.o
                0x7000674c                USB_EP0_OutStart
 .text.USB_CoreReset
                0x70006808       0x62 ./Drivers/STM32H7RSxx_HAL_Driver/stm32h7rsxx_ll_usb.o
 .text.USBD_Init
                0x7000686a       0x60 ./Middlewares/ST/STM32_USB_Device_Library/Core/Src/usbd_core.o
                0x7000686a                USBD_Init
 .text.USBD_RegisterClass
                0x700068ca       0x6c ./Middlewares/ST/STM32_USB_Device_Library/Core/Src/usbd_core.o
                0x700068ca                USBD_RegisterClass
 .text.USBD_Start
                0x70006936       0x18 ./Middlewares/ST/STM32_USB_Device_Library/Core/Src/usbd_core.o
                0x70006936                USBD_Start
 .text.USBD_RunTestMode
                0x7000694e       0x16 ./Middlewares/ST/STM32_USB_Device_Library/Core/Src/usbd_core.o
                0x7000694e                USBD_RunTestMode
 .text.USBD_SetClassConfig
                0x70006964       0x38 ./Middlewares/ST/STM32_USB_Device_Library/Core/Src/usbd_core.o
                0x70006964                USBD_SetClassConfig
 .text.USBD_ClrClassConfig
                0x7000699c       0x34 ./Middlewares/ST/STM32_USB_Device_Library/Core/Src/usbd_core.o
                0x7000699c                USBD_ClrClassConfig
 .text.USBD_LL_SetupStage
                0x700069d0       0xaa ./Middlewares/ST/STM32_USB_Device_Library/Core/Src/usbd_core.o
                0x700069d0                USBD_LL_SetupStage
 .text.USBD_LL_DataOutStage
                0x70006a7a      0x166 ./Middlewares/ST/STM32_USB_Device_Library/Core/Src/usbd_core.o
                0x70006a7a                USBD_LL_DataOutStage
 .text.USBD_LL_DataInStage
                0x70006be0      0x164 ./Middlewares/ST/STM32_USB_Device_Library/Core/Src/usbd_core.o
                0x70006be0                USBD_LL_DataInStage
 .text.USBD_LL_Reset
                0x70006d44       0xa4 ./Middlewares/ST/STM32_USB_Device_Library/Core/Src/usbd_core.o
                0x70006d44                USBD_LL_Reset
 .text.USBD_LL_SetSpeed
                0x70006de8       0x20 ./Middlewares/ST/STM32_USB_Device_Library/Core/Src/usbd_core.o
                0x70006de8                USBD_LL_SetSpeed
 .text.USBD_LL_Suspend
                0x70006e08       0x38 ./Middlewares/ST/STM32_USB_Device_Library/Core/Src/usbd_core.o
                0x70006e08                USBD_LL_Suspend
 .text.USBD_LL_Resume
                0x70006e40       0x30 ./Middlewares/ST/STM32_USB_Device_Library/Core/Src/usbd_core.o
                0x70006e40                USBD_LL_Resume
 .text.USBD_LL_SOF
                0x70006e70       0x40 ./Middlewares/ST/STM32_USB_Device_Library/Core/Src/usbd_core.o
                0x70006e70                USBD_LL_SOF
 .text.USBD_LL_IsoINIncomplete
                0x70006eb0       0x64 ./Middlewares/ST/STM32_USB_Device_Library/Core/Src/usbd_core.o
                0x70006eb0                USBD_LL_IsoINIncomplete
 .text.USBD_LL_IsoOUTIncomplete
                0x70006f14       0x64 ./Middlewares/ST/STM32_USB_Device_Library/Core/Src/usbd_core.o
                0x70006f14                USBD_LL_IsoOUTIncomplete
 .text.USBD_LL_DevConnected
                0x70006f78       0x16 ./Middlewares/ST/STM32_USB_Device_Library/Core/Src/usbd_core.o
                0x70006f78                USBD_LL_DevConnected
 .text.USBD_LL_DevDisconnected
                0x70006f8e       0x46 ./Middlewares/ST/STM32_USB_Device_Library/Core/Src/usbd_core.o
                0x70006f8e                USBD_LL_DevDisconnected
 .text.USBD_CoreFindIF
                0x70006fd4       0x1a ./Middlewares/ST/STM32_USB_Device_Library/Core/Src/usbd_core.o
                0x70006fd4                USBD_CoreFindIF
 .text.USBD_CoreFindEP
                0x70006fee       0x1a ./Middlewares/ST/STM32_USB_Device_Library/Core/Src/usbd_core.o
                0x70006fee                USBD_CoreFindEP
 .text.SWAPBYTE
                0x70007008       0x3e ./Middlewares/ST/STM32_USB_Device_Library/Core/Src/usbd_ctlreq.o
 *fill*         0x70007046        0x2 
 .text.USBD_StdDevReq
                0x70007048       0xe4 ./Middlewares/ST/STM32_USB_Device_Library/Core/Src/usbd_ctlreq.o
                0x70007048                USBD_StdDevReq
 .text.USBD_StdItfReq
                0x7000712c       0xd8 ./Middlewares/ST/STM32_USB_Device_Library/Core/Src/usbd_ctlreq.o
                0x7000712c                USBD_StdItfReq
 .text.USBD_StdEPReq
                0x70007204      0x33a ./Middlewares/ST/STM32_USB_Device_Library/Core/Src/usbd_ctlreq.o
                0x70007204                USBD_StdEPReq
 *fill*         0x7000753e        0x2 
 .text.USBD_GetDescriptor
                0x70007540      0x328 ./Middlewares/ST/STM32_USB_Device_Library/Core/Src/usbd_ctlreq.o
 .text.USBD_SetAddress
                0x70007868       0x88 ./Middlewares/ST/STM32_USB_Device_Library/Core/Src/usbd_ctlreq.o
 .text.USBD_SetConfig
                0x700078f0      0x154 ./Middlewares/ST/STM32_USB_Device_Library/Core/Src/usbd_ctlreq.o
 .text.USBD_GetConfig
                0x70007a44       0x6c ./Middlewares/ST/STM32_USB_Device_Library/Core/Src/usbd_ctlreq.o
 .text.USBD_GetStatus
                0x70007ab0       0x68 ./Middlewares/ST/STM32_USB_Device_Library/Core/Src/usbd_ctlreq.o
 .text.USBD_SetFeature
                0x70007b18       0x52 ./Middlewares/ST/STM32_USB_Device_Library/Core/Src/usbd_ctlreq.o
 .text.USBD_ClrFeature
                0x70007b6a       0x44 ./Middlewares/ST/STM32_USB_Device_Library/Core/Src/usbd_ctlreq.o
 .text.USBD_ParseSetupRequest
                0x70007bae       0x74 ./Middlewares/ST/STM32_USB_Device_Library/Core/Src/usbd_ctlreq.o
                0x70007bae                USBD_ParseSetupRequest
 .text.USBD_CtlError
                0x70007c22       0x22 ./Middlewares/ST/STM32_USB_Device_Library/Core/Src/usbd_ctlreq.o
                0x70007c22                USBD_CtlError
 .text.USBD_GetString
                0x70007c44       0xa4 ./Middlewares/ST/STM32_USB_Device_Library/Core/Src/usbd_ctlreq.o
                0x70007c44                USBD_GetString
 .text.USBD_GetLen
                0x70007ce8       0x34 ./Middlewares/ST/STM32_USB_Device_Library/Core/Src/usbd_ctlreq.o
 .text.USBD_CtlSendData
                0x70007d1c       0x36 ./Middlewares/ST/STM32_USB_Device_Library/Core/Src/usbd_ioreq.o
                0x70007d1c                USBD_CtlSendData
 .text.USBD_CtlContinueSendData
                0x70007d52       0x22 ./Middlewares/ST/STM32_USB_Device_Library/Core/Src/usbd_ioreq.o
                0x70007d52                USBD_CtlContinueSendData
 .text.USBD_CtlPrepareRx
                0x70007d74       0x3a ./Middlewares/ST/STM32_USB_Device_Library/Core/Src/usbd_ioreq.o
                0x70007d74                USBD_CtlPrepareRx
 .text.USBD_CtlContinueRx
                0x70007dae       0x22 ./Middlewares/ST/STM32_USB_Device_Library/Core/Src/usbd_ioreq.o
                0x70007dae                USBD_CtlContinueRx
 .text.USBD_CtlSendStatus
                0x70007dd0       0x26 ./Middlewares/ST/STM32_USB_Device_Library/Core/Src/usbd_ioreq.o
                0x70007dd0                USBD_CtlSendStatus
 .text.USBD_CtlReceiveStatus
                0x70007df6       0x26 ./Middlewares/ST/STM32_USB_Device_Library/Core/Src/usbd_ioreq.o
                0x70007df6                USBD_CtlReceiveStatus
 .text.USBD_VIDEO_DeviceDescriptor
                0x70007e1c       0x24 ./USB_DEVICE/App/usbd_desc.o
                0x70007e1c                USBD_VIDEO_DeviceDescriptor
 .text.USBD_VIDEO_LangIDStrDescriptor
                0x70007e40       0x24 ./USB_DEVICE/App/usbd_desc.o
                0x70007e40                USBD_VIDEO_LangIDStrDescriptor
 .text.USBD_VIDEO_ProductStrDescriptor
                0x70007e64       0x28 ./USB_DEVICE/App/usbd_desc.o
                0x70007e64                USBD_VIDEO_ProductStrDescriptor
 .text.USBD_VIDEO_ManufacturerStrDescriptor
                0x70007e8c       0x28 ./USB_DEVICE/App/usbd_desc.o
                0x70007e8c                USBD_VIDEO_ManufacturerStrDescriptor
 .text.USBD_VIDEO_SerialStrDescriptor
                0x70007eb4       0x24 ./USB_DEVICE/App/usbd_desc.o
                0x70007eb4                USBD_VIDEO_SerialStrDescriptor
 .text.USBD_VIDEO_ConfigStrDescriptor
                0x70007ed8       0x28 ./USB_DEVICE/App/usbd_desc.o
                0x70007ed8                USBD_VIDEO_ConfigStrDescriptor
 .text.USBD_VIDEO_InterfaceStrDescriptor
                0x70007f00       0x28 ./USB_DEVICE/App/usbd_desc.o
                0x70007f00                USBD_VIDEO_InterfaceStrDescriptor
 .text.Get_SerialNum
                0x70007f28       0x58 ./USB_DEVICE/App/usbd_desc.o
 .text.IntToUnicode
                0x70007f80       0x7a ./USB_DEVICE/App/usbd_desc.o
 *fill*         0x70007ffa        0x2 
 .text.HAL_PCD_MspInit
                0x70007ffc       0xb0 ./USB_DEVICE/Target/usbd_conf.o
                0x70007ffc                HAL_PCD_MspInit
 .text.HAL_PCD_SetupStageCallback
                0x700080ac       0x24 ./USB_DEVICE/Target/usbd_conf.o
                0x700080ac                HAL_PCD_SetupStageCallback
 .text.HAL_PCD_DataOutStageCallback
                0x700080d0       0x36 ./USB_DEVICE/Target/usbd_conf.o
                0x700080d0                HAL_PCD_DataOutStageCallback
 .text.HAL_PCD_DataInStageCallback
                0x70008106       0x34 ./USB_DEVICE/Target/usbd_conf.o
                0x70008106                HAL_PCD_DataInStageCallback
 .text.HAL_PCD_SOFCallback
                0x7000813a       0x1c ./USB_DEVICE/Target/usbd_conf.o
                0x7000813a                HAL_PCD_SOFCallback
 .text.HAL_PCD_ResetCallback
                0x70008156       0x50 ./USB_DEVICE/Target/usbd_conf.o
                0x70008156                HAL_PCD_ResetCallback
 *fill*         0x700081a6        0x2 
 .text.HAL_PCD_SuspendCallback
                0x700081a8       0x38 ./USB_DEVICE/Target/usbd_conf.o
                0x700081a8                HAL_PCD_SuspendCallback
 .text.HAL_PCD_ResumeCallback
                0x700081e0       0x50 ./USB_DEVICE/Target/usbd_conf.o
                0x700081e0                HAL_PCD_ResumeCallback
 .text.HAL_PCD_ISOOUTIncompleteCallback
                0x70008230       0x24 ./USB_DEVICE/Target/usbd_conf.o
                0x70008230                HAL_PCD_ISOOUTIncompleteCallback
 .text.HAL_PCD_ISOINIncompleteCallback
                0x70008254       0x24 ./USB_DEVICE/Target/usbd_conf.o
                0x70008254                HAL_PCD_ISOINIncompleteCallback
 .text.HAL_PCD_ConnectCallback
                0x70008278       0x1c ./USB_DEVICE/Target/usbd_conf.o
                0x70008278                HAL_PCD_ConnectCallback
 .text.HAL_PCD_DisconnectCallback
                0x70008294       0x1c ./USB_DEVICE/Target/usbd_conf.o
                0x70008294                HAL_PCD_DisconnectCallback
 .text.USBD_LL_Init
                0x700082b0       0xa4 ./USB_DEVICE/Target/usbd_conf.o
                0x700082b0                USBD_LL_Init
 .text.USBD_LL_Start
                0x70008354       0x36 ./USB_DEVICE/Target/usbd_conf.o
                0x70008354                USBD_LL_Start
 .text.USBD_LL_OpenEP
                0x7000838a       0x4c ./USB_DEVICE/Target/usbd_conf.o
                0x7000838a                USBD_LL_OpenEP
 .text.USBD_LL_CloseEP
                0x700083d6       0x3e ./USB_DEVICE/Target/usbd_conf.o
                0x700083d6                USBD_LL_CloseEP
 .text.USBD_LL_StallEP
                0x70008414       0x3e ./USB_DEVICE/Target/usbd_conf.o
                0x70008414                USBD_LL_StallEP
 .text.USBD_LL_ClearStallEP
                0x70008452       0x3e ./USB_DEVICE/Target/usbd_conf.o
                0x70008452                USBD_LL_ClearStallEP
 .text.USBD_LL_IsStallEP
                0x70008490       0x58 ./USB_DEVICE/Target/usbd_conf.o
                0x70008490                USBD_LL_IsStallEP
 .text.USBD_LL_SetUSBAddress
                0x700084e8       0x3e ./USB_DEVICE/Target/usbd_conf.o
                0x700084e8                USBD_LL_SetUSBAddress
 .text.USBD_LL_Transmit
                0x70008526       0x42 ./USB_DEVICE/Target/usbd_conf.o
                0x70008526                USBD_LL_Transmit
 .text.USBD_LL_PrepareReceive
                0x70008568       0x42 ./USB_DEVICE/Target/usbd_conf.o
                0x70008568                USBD_LL_PrepareReceive
 *fill*         0x700085aa        0x2 
 .text.USBD_static_malloc
                0x700085ac       0x1c ./USB_DEVICE/Target/usbd_conf.o
                0x700085ac                USBD_static_malloc
 .text.USBD_static_free
                0x700085c8       0x14 ./USB_DEVICE/Target/usbd_conf.o
                0x700085c8                USBD_static_free
 .text.USBD_Get_USB_Status
                0x700085dc       0x58 ./USB_DEVICE/Target/usbd_conf.o
                0x700085dc                USBD_Get_USB_Status
 .text.memset   0x70008634       0x10 C:/ST/STM32CubeIDE_1.19.0/STM32CubeIDE/plugins/com.st.stm32cube.ide.mcu.externaltools.gnu-tools-for-stm32.13.3.rel1.win32_1.0.0.202411081344/tools/bin/../lib/gcc/arm-none-eabi/13.3.1/../../../../arm-none-eabi/lib/thumb/v7e-m+dp/hard\libc_nano.a(libc_a-memset.o)
                0x70008634                memset
 .text.__libc_init_array
                0x70008644       0x48 C:/ST/STM32CubeIDE_1.19.0/STM32CubeIDE/plugins/com.st.stm32cube.ide.mcu.externaltools.gnu-tools-for-stm32.13.3.rel1.win32_1.0.0.202411081344/tools/bin/../lib/gcc/arm-none-eabi/13.3.1/../../../../arm-none-eabi/lib/thumb/v7e-m+dp/hard\libc_nano.a(libc_a-init.o)
                0x70008644                __libc_init_array
 .text.memcpy   0x7000868c       0x1c C:/ST/STM32CubeIDE_1.19.0/STM32CubeIDE/plugins/com.st.stm32cube.ide.mcu.externaltools.gnu-tools-for-stm32.13.3.rel1.win32_1.0.0.202411081344/tools/bin/../lib/gcc/arm-none-eabi/13.3.1/../../../../arm-none-eabi/lib/thumb/v7e-m+dp/hard\libc_nano.a(libc_a-memcpy-stub.o)
                0x7000868c                memcpy
 *(.glue_7)
 .glue_7        0x700086a8        0x0 linker stubs
 *(.glue_7t)
 .glue_7t       0x700086a8        0x0 linker stubs
 *(.eh_frame)
 .eh_frame      0x700086a8        0x0 C:/ST/STM32CubeIDE_1.19.0/STM32CubeIDE/plugins/com.st.stm32cube.ide.mcu.externaltools.gnu-tools-for-stm32.13.3.rel1.win32_1.0.0.202411081344/tools/bin/../lib/gcc/arm-none-eabi/13.3.1/thumb/v7e-m+dp/hard/crtbegin.o
 *(.init)
 .init          0x700086a8        0x4 C:/ST/STM32CubeIDE_1.19.0/STM32CubeIDE/plugins/com.st.stm32cube.ide.mcu.externaltools.gnu-tools-for-stm32.13.3.rel1.win32_1.0.0.202411081344/tools/bin/../lib/gcc/arm-none-eabi/13.3.1/thumb/v7e-m+dp/hard/crti.o
                0x700086a8                _init
 .init          0x700086ac        0x8 C:/ST/STM32CubeIDE_1.19.0/STM32CubeIDE/plugins/com.st.stm32cube.ide.mcu.externaltools.gnu-tools-for-stm32.13.3.rel1.win32_1.0.0.202411081344/tools/bin/../lib/gcc/arm-none-eabi/13.3.1/thumb/v7e-m+dp/hard/crtn.o
 *(.fini)
 .fini          0x700086b4        0x4 C:/ST/STM32CubeIDE_1.19.0/STM32CubeIDE/plugins/com.st.stm32cube.ide.mcu.externaltools.gnu-tools-for-stm32.13.3.rel1.win32_1.0.0.202411081344/tools/bin/../lib/gcc/arm-none-eabi/13.3.1/thumb/v7e-m+dp/hard/crti.o
                0x700086b4                _fini
 .fini          0x700086b8        0x8 C:/ST/STM32CubeIDE_1.19.0/STM32CubeIDE/plugins/com.st.stm32cube.ide.mcu.externaltools.gnu-tools-for-stm32.13.3.rel1.win32_1.0.0.202411081344/tools/bin/../lib/gcc/arm-none-eabi/13.3.1/thumb/v7e-m+dp/hard/crtn.o
                0x700086c0                        . = ALIGN (0x4)
                0x700086c0                        _etext = .

.vfp11_veneer   0x700086c0        0x0
 .vfp11_veneer  0x700086c0        0x0 linker stubs

.v4_bx          0x700086c0        0x0
 .v4_bx         0x700086c0        0x0 linker stubs

.iplt           0x700086c0        0x0
 .iplt          0x700086c0        0x0 C:/ST/STM32CubeIDE_1.19.0/STM32CubeIDE/plugins/com.st.stm32cube.ide.mcu.externaltools.gnu-tools-for-stm32.13.3.rel1.win32_1.0.0.202411081344/tools/bin/../lib/gcc/arm-none-eabi/13.3.1/thumb/v7e-m+dp/hard/crtbegin.o

.rodata         0x700086c0       0x4c
                0x700086c0                        . = ALIGN (0x4)
 *(.rodata)
 .rodata        0x700086c0        0x8 ./Drivers/STM32H7RSxx_HAL_Driver/stm32h7rsxx_hal_rcc.o
 .rodata        0x700086c8       0x44 ./USB_DEVICE/App/usbd_desc.o
 *(.rodata*)
                0x7000870c                        . = ALIGN (0x4)

.ARM.extab      0x7000870c        0x0
                0x7000870c                        . = ALIGN (0x4)
 *(.ARM.extab* .gnu.linkonce.armextab.*)
                0x7000870c                        . = ALIGN (0x4)

.ARM            0x7000870c        0x0
                0x7000870c                        . = ALIGN (0x4)
                0x7000870c                        __exidx_start = .
 *(.ARM.exidx*)
                0x7000870c                        __exidx_end = .
                0x7000870c                        . = ALIGN (0x4)

.preinit_array  0x7000870c        0x0
                0x7000870c                        . = ALIGN (0x4)
                0x7000870c                        PROVIDE (__preinit_array_start = .)
 *(.preinit_array*)
                0x7000870c                        PROVIDE (__preinit_array_end = .)
                0x7000870c                        . = ALIGN (0x4)

.init_array     0x7000870c        0x4
                0x7000870c                        . = ALIGN (0x4)
                0x7000870c                        PROVIDE (__init_array_start = .)
 *(SORT_BY_NAME(.init_array.*))
 *(.init_array*)
 .init_array    0x7000870c        0x4 C:/ST/STM32CubeIDE_1.19.0/STM32CubeIDE/plugins/com.st.stm32cube.ide.mcu.externaltools.gnu-tools-for-stm32.13.3.rel1.win32_1.0.0.202411081344/tools/bin/../lib/gcc/arm-none-eabi/13.3.1/thumb/v7e-m+dp/hard/crtbegin.o
                0x70008710                        PROVIDE (__init_array_end = .)
                0x70008710                        . = ALIGN (0x4)

.fini_array     0x70008710        0x4
                0x70008710                        . = ALIGN (0x4)
                [!provide]                        PROVIDE (__fini_array_start = .)
 *(SORT_BY_NAME(.fini_array.*))
 *(.fini_array*)
 .fini_array    0x70008710        0x4 C:/ST/STM32CubeIDE_1.19.0/STM32CubeIDE/plugins/com.st.stm32cube.ide.mcu.externaltools.gnu-tools-for-stm32.13.3.rel1.win32_1.0.0.202411081344/tools/bin/../lib/gcc/arm-none-eabi/13.3.1/thumb/v7e-m+dp/hard/crtbegin.o
                [!provide]                        PROVIDE (__fini_array_end = .)
                0x70008714                        . = ALIGN (0x4)
                0x70008714                        _sidata = LOADADDR (.data)

.rel.dyn        0x70008714        0x0
 .rel.iplt      0x70008714        0x0 C:/ST/STM32CubeIDE_1.19.0/STM32CubeIDE/plugins/com.st.stm32cube.ide.mcu.externaltools.gnu-tools-for-stm32.13.3.rel1.win32_1.0.0.202411081344/tools/bin/../lib/gcc/arm-none-eabi/13.3.1/thumb/v7e-m+dp/hard/crtbegin.o

.data           0x24000000      0x188 load address 0x70008714
                0x24000000                        . = ALIGN (0x4)
                0x24000000                        _sdata = .
 *(.data)
 *(.data*)
 .data.activeBuffer
                0x24000000        0x4 ./Core/Src/main.o
                0x24000000                activeBuffer
 .data.SystemCoreClock
                0x24000004        0x4 ./Core/Src/system_stm32h7rsxx.o
                0x24000004                SystemCoreClock
 .data.USBD_VIDEO
                0x24000008       0x38 ./Core/Src/usbd_video.o
                0x24000008                USBD_VIDEO
 .data.videoProbeControl
                0x24000040       0x22 ./Core/Src/usbd_video.o
 *fill*         0x24000062        0x2 
 .data.USBD_VIDEO_CfgDesc
                0x24000064       0xa9 ./Core/Src/usbd_video.o
 *fill*         0x2400010d        0x3 
 .data.USBD_VIDEO_DeviceQualifierDesc
                0x24000110        0xa ./Core/Src/usbd_video.o
 *fill*         0x2400011a        0x2 
 .data.USBD_VIDEO_fops_FS
                0x2400011c       0x10 ./Core/Src/usbd_video_if.o
                0x2400011c                USBD_VIDEO_fops_FS
 .data.uwTickPrio
                0x2400012c        0x4 ./Drivers/STM32H7RSxx_HAL_Driver/stm32h7rsxx_hal.o
                0x2400012c                uwTickPrio
 .data.uwTickFreq
                0x24000130        0x1 ./Drivers/STM32H7RSxx_HAL_Driver/stm32h7rsxx_hal.o
                0x24000130                uwTickFreq
 *fill*         0x24000131        0x3 
 .data.VIDEO_Desc
                0x24000134       0x20 ./USB_DEVICE/App/usbd_desc.o
                0x24000134                VIDEO_Desc
 .data.USBD_DeviceDesc
                0x24000154       0x12 ./USB_DEVICE/App/usbd_desc.o
                0x24000154                USBD_DeviceDesc
 *fill*         0x24000166        0x2 
 .data.USBD_LangIDDesc
                0x24000168        0x4 ./USB_DEVICE/App/usbd_desc.o
                0x24000168                USBD_LangIDDesc
 .data.USBD_StringSerial
                0x2400016c       0x1a ./USB_DEVICE/App/usbd_desc.o
                0x2400016c                USBD_StringSerial
 *(.RamFunc)
 *(.RamFunc*)
                0x24000188                        . = ALIGN (0x4)
 *fill*         0x24000186        0x2 
                0x24000188                        _edata = .

.igot.plt       0x24000188        0x0 load address 0x7000889c
 .igot.plt      0x24000188        0x0 C:/ST/STM32CubeIDE_1.19.0/STM32CubeIDE/plugins/com.st.stm32cube.ide.mcu.externaltools.gnu-tools-for-stm32.13.3.rel1.win32_1.0.0.202411081344/tools/bin/../lib/gcc/arm-none-eabi/13.3.1/thumb/v7e-m+dp/hard/crtbegin.o

.axisram        0x24000188    0x4b000 load address 0x7000889c
 .axisram       0x24000188    0x4b000 ./Core/Src/main.o
                0x24000188                frameBuffer1
                0x24025988                frameBuffer2
                0x2404b188                        . = ALIGN (0x4)

.bss            0x2404b188      0xd14 load address 0x7005389c
                0x2404b188                        _sbss = .
                0x2404b188                        __bss_start__ = _sbss
 *(.bss)
 .bss           0x2404b188       0x1c C:/ST/STM32CubeIDE_1.19.0/STM32CubeIDE/plugins/com.st.stm32cube.ide.mcu.externaltools.gnu-tools-for-stm32.13.3.rel1.win32_1.0.0.202411081344/tools/bin/../lib/gcc/arm-none-eabi/13.3.1/thumb/v7e-m+dp/hard/crtbegin.o
 *(.bss*)
 .bss.phdcmipp  0x2404b1a4        0xc ./Core/Src/main.o
                0x2404b1a4                phdcmipp
 .bss.readyBuffer
                0x2404b1b0        0x4 ./Core/Src/main.o
                0x2404b1b0                readyBuffer
 .bss.frameReady
                0x2404b1b4        0x1 ./Core/Src/main.o
                0x2404b1b4                frameReady
 *fill*         0x2404b1b5        0x3 
 .bss.videoCommitControl
                0x2404b1b8       0x22 ./Core/Src/usbd_video.o
 *fill*         0x2404b1da        0x2 
 .bss.camera_control
                0x2404b1dc       0x14 ./Core/Src/usbd_video_if.o
 .bss.camera_initialized
                0x2404b1f0        0x1 ./Core/Src/usbd_video_if.o
 *fill*         0x2404b1f1        0x3 
 .bss.uwTick    0x2404b1f4        0x4 ./Drivers/STM32H7RSxx_HAL_Driver/stm32h7rsxx_hal.o
                0x2404b1f4                uwTick
 .bss.cfgidx.0  0x2404b1f8        0x1 ./Middlewares/ST/STM32_USB_Device_Library/Core/Src/usbd_ctlreq.o
 *fill*         0x2404b1f9        0x3 
 .bss.hUsbDeviceFS
                0x2404b1fc      0x2dc ./USB_DEVICE/App/usb_device.o
                0x2404b1fc                hUsbDeviceFS
 .bss.USBD_StrDesc
                0x2404b4d8      0x200 ./USB_DEVICE/App/usbd_desc.o
                0x2404b4d8                USBD_StrDesc
 .bss.hpcd_USB_OTG_FS
                0x2404b6d8      0x4e4 ./USB_DEVICE/Target/usbd_conf.o
                0x2404b6d8                hpcd_USB_OTG_FS
 .bss.mem.0     0x2404bbbc      0x2e0 ./USB_DEVICE/Target/usbd_conf.o
 *(COMMON)
                0x2404be9c                        . = ALIGN (0x4)
                0x2404be9c                        _ebss = .
                0x2404be9c                        __bss_end__ = _ebss

RW_NONCACHEABLE
                0x24071c00        0x0
                0x24071c00                        __NONCACHEABLEBUFFER_BEGIN = .
 *(noncacheable_buffer)
                0x24071c00                        __NONCACHEABLEBUFFER_END = .

._user_heap_stack
                0x20000000      0x600
                0x20000000                        . = ALIGN (0x8)
                [!provide]                        PROVIDE (end = .)
                0x20000000                        PROVIDE (_end = .)
                0x20000200                        . = (. + _Min_Heap_Size)
 *fill*         0x20000000      0x200 
                0x20000600                        . = (. + _Min_Stack_Size)
 *fill*         0x20000200      0x400 
                0x20000600                        . = ALIGN (0x8)

/DISCARD/
 libc.a(*)
 libm.a(*)
 libgcc.a(*)

.ARM.attributes
                0x00000000       0x2e
 *(.ARM.attributes)
 .ARM.attributes
                0x00000000       0x20 C:/ST/STM32CubeIDE_1.19.0/STM32CubeIDE/plugins/com.st.stm32cube.ide.mcu.externaltools.gnu-tools-for-stm32.13.3.rel1.win32_1.0.0.202411081344/tools/bin/../lib/gcc/arm-none-eabi/13.3.1/thumb/v7e-m+dp/hard/crti.o
 .ARM.attributes
                0x00000020       0x32 C:/ST/STM32CubeIDE_1.19.0/STM32CubeIDE/plugins/com.st.stm32cube.ide.mcu.externaltools.gnu-tools-for-stm32.13.3.rel1.win32_1.0.0.202411081344/tools/bin/../lib/gcc/arm-none-eabi/13.3.1/thumb/v7e-m+dp/hard/crtbegin.o
 .ARM.attributes
                0x00000052       0x32 ./Core/Src/main.o
 .ARM.attributes
                0x00000084       0x32 ./Core/Src/stm32h7rsxx_hal_msp.o
 .ARM.attributes
                0x000000b6       0x32 ./Core/Src/stm32h7rsxx_it.o
 .ARM.attributes
                0x000000e8       0x32 ./Core/Src/system_stm32h7rsxx.o
 .ARM.attributes
                0x0000011a       0x32 ./Core/Src/usbd_video.o
 .ARM.attributes
                0x0000014c       0x32 ./Core/Src/usbd_video_if.o
 .ARM.attributes
                0x0000017e       0x21 ./Core/Startup/startup_stm32h7s3l8hx.o
 .ARM.attributes
                0x0000019f       0x32 ./Drivers/STM32H7RSxx_HAL_Driver/stm32h7rsxx_hal.o
 .ARM.attributes
                0x000001d1       0x32 ./Drivers/STM32H7RSxx_HAL_Driver/stm32h7rsxx_hal_cortex.o
 .ARM.attributes
                0x00000203       0x32 ./Drivers/STM32H7RSxx_HAL_Driver/stm32h7rsxx_hal_dcmipp.o
 .ARM.attributes
                0x00000235       0x32 ./Drivers/STM32H7RSxx_HAL_Driver/stm32h7rsxx_hal_gpio.o
 .ARM.attributes
                0x00000267       0x32 ./Drivers/STM32H7RSxx_HAL_Driver/stm32h7rsxx_hal_pcd.o
 .ARM.attributes
                0x00000299       0x32 ./Drivers/STM32H7RSxx_HAL_Driver/stm32h7rsxx_hal_pcd_ex.o
 .ARM.attributes
                0x000002cb       0x32 ./Drivers/STM32H7RSxx_HAL_Driver/stm32h7rsxx_hal_pwr.o
 .ARM.attributes
                0x000002fd       0x32 ./Drivers/STM32H7RSxx_HAL_Driver/stm32h7rsxx_hal_pwr_ex.o
 .ARM.attributes
                0x0000032f       0x32 ./Drivers/STM32H7RSxx_HAL_Driver/stm32h7rsxx_hal_rcc.o
 .ARM.attributes
                0x00000361       0x32 ./Drivers/STM32H7RSxx_HAL_Driver/stm32h7rsxx_hal_rcc_ex.o
 .ARM.attributes
                0x00000393       0x32 ./Drivers/STM32H7RSxx_HAL_Driver/stm32h7rsxx_ll_usb.o
 .ARM.attributes
                0x000003c5       0x32 ./Middlewares/ST/STM32_USB_Device_Library/Core/Src/usbd_core.o
 .ARM.attributes
                0x000003f7       0x32 ./Middlewares/ST/STM32_USB_Device_Library/Core/Src/usbd_ctlreq.o
 .ARM.attributes
                0x00000429       0x32 ./Middlewares/ST/STM32_USB_Device_Library/Core/Src/usbd_ioreq.o
 .ARM.attributes
                0x0000045b       0x32 ./USB_DEVICE/App/usb_device.o
 .ARM.attributes
                0x0000048d       0x32 ./USB_DEVICE/App/usbd_desc.o
 .ARM.attributes
                0x000004bf       0x32 ./USB_DEVICE/Target/usbd_conf.o
 .ARM.attributes
                0x000004f1       0x32 C:/ST/STM32CubeIDE_1.19.0/STM32CubeIDE/plugins/com.st.stm32cube.ide.mcu.externaltools.gnu-tools-for-stm32.13.3.rel1.win32_1.0.0.202411081344/tools/bin/../lib/gcc/arm-none-eabi/13.3.1/../../../../arm-none-eabi/lib/thumb/v7e-m+dp/hard\libc_nano.a(libc_a-memset.o)
 .ARM.attributes
                0x00000523       0x32 C:/ST/STM32CubeIDE_1.19.0/STM32CubeIDE/plugins/com.st.stm32cube.ide.mcu.externaltools.gnu-tools-for-stm32.13.3.rel1.win32_1.0.0.202411081344/tools/bin/../lib/gcc/arm-none-eabi/13.3.1/../../../../arm-none-eabi/lib/thumb/v7e-m+dp/hard\libc_nano.a(libc_a-init.o)
 .ARM.attributes
                0x00000555       0x32 C:/ST/STM32CubeIDE_1.19.0/STM32CubeIDE/plugins/com.st.stm32cube.ide.mcu.externaltools.gnu-tools-for-stm32.13.3.rel1.win32_1.0.0.202411081344/tools/bin/../lib/gcc/arm-none-eabi/13.3.1/../../../../arm-none-eabi/lib/thumb/v7e-m+dp/hard\libc_nano.a(libc_a-memcpy-stub.o)
 .ARM.attributes
                0x00000587       0x20 C:/ST/STM32CubeIDE_1.19.0/STM32CubeIDE/plugins/com.st.stm32cube.ide.mcu.externaltools.gnu-tools-for-stm32.13.3.rel1.win32_1.0.0.202411081344/tools/bin/../lib/gcc/arm-none-eabi/13.3.1/thumb/v7e-m+dp/hard/crtn.o
OUTPUT(CMOS-TTL-webcam_Appli.elf elf32-littlearm)
LOAD linker stubs
LOAD C:/ST/STM32CubeIDE_1.19.0/STM32CubeIDE/plugins/com.st.stm32cube.ide.mcu.externaltools.gnu-tools-for-stm32.13.3.rel1.win32_1.0.0.202411081344/tools/bin/../lib/gcc/arm-none-eabi/13.3.1/../../../../arm-none-eabi/lib/thumb/v7e-m+dp/hard\libc.a
LOAD C:/ST/STM32CubeIDE_1.19.0/STM32CubeIDE/plugins/com.st.stm32cube.ide.mcu.externaltools.gnu-tools-for-stm32.13.3.rel1.win32_1.0.0.202411081344/tools/bin/../lib/gcc/arm-none-eabi/13.3.1/../../../../arm-none-eabi/lib/thumb/v7e-m+dp/hard\libm.a
LOAD C:/ST/STM32CubeIDE_1.19.0/STM32CubeIDE/plugins/com.st.stm32cube.ide.mcu.externaltools.gnu-tools-for-stm32.13.3.rel1.win32_1.0.0.202411081344/tools/bin/../lib/gcc/arm-none-eabi/13.3.1/thumb/v7e-m+dp/hard\libgcc.a

.debug_info     0x00000000    0x15693
 .debug_info    0x00000000     0x26bd ./Core/Src/main.o
 .debug_info    0x000026bd      0xc1c ./Core/Src/stm32h7rsxx_hal_msp.o
 .debug_info    0x000032d9      0x6bc ./Core/Src/stm32h7rsxx_it.o
 .debug_info    0x00003995      0x9bd ./Core/Src/system_stm32h7rsxx.o
 .debug_info    0x00004352      0xc62 ./Core/Src/usbd_video.o
 .debug_info    0x00004fb4      0x40f ./Core/Src/usbd_video_if.o
 .debug_info    0x000053c3       0x30 ./Core/Startup/startup_stm32h7s3l8hx.o
 .debug_info    0x000053f3     0x18a1 ./Drivers/STM32H7RSxx_HAL_Driver/stm32h7rsxx_hal.o
 .debug_info    0x00006c94     0x1103 ./Drivers/STM32H7RSxx_HAL_Driver/stm32h7rsxx_hal_cortex.o
 .debug_info    0x00007d97     0x1359 ./Drivers/STM32H7RSxx_HAL_Driver/stm32h7rsxx_hal_dcmipp.o
 .debug_info    0x000090f0      0x702 ./Drivers/STM32H7RSxx_HAL_Driver/stm32h7rsxx_hal_gpio.o
 .debug_info    0x000097f2     0x157a ./Drivers/STM32H7RSxx_HAL_Driver/stm32h7rsxx_hal_pcd.o
 .debug_info    0x0000ad6c      0x8c9 ./Drivers/STM32H7RSxx_HAL_Driver/stm32h7rsxx_hal_pcd_ex.o
 .debug_info    0x0000b635      0x88c ./Drivers/STM32H7RSxx_HAL_Driver/stm32h7rsxx_hal_pwr.o
 .debug_info    0x0000bec1      0xb87 ./Drivers/STM32H7RSxx_HAL_Driver/stm32h7rsxx_hal_pwr_ex.o
 .debug_info    0x0000ca48     0x1464 ./Drivers/STM32H7RSxx_HAL_Driver/stm32h7rsxx_hal_rcc.o
 .debug_info    0x0000deac      0xd71 ./Drivers/STM32H7RSxx_HAL_Driver/stm32h7rsxx_hal_rcc_ex.o
 .debug_info    0x0000ec1d     0x1a38 ./Drivers/STM32H7RSxx_HAL_Driver/stm32h7rsxx_ll_usb.o
 .debug_info    0x00010655      0xe20 ./Middlewares/ST/STM32_USB_Device_Library/Core/Src/usbd_core.o
 .debug_info    0x00011475      0xaf9 ./Middlewares/ST/STM32_USB_Device_Library/Core/Src/usbd_ctlreq.o
 .debug_info    0x00011f6e      0x770 ./Middlewares/ST/STM32_USB_Device_Library/Core/Src/usbd_ioreq.o
 .debug_info    0x000126de      0x60a ./USB_DEVICE/App/usb_device.o
 .debug_info    0x00012ce8      0x454 ./USB_DEVICE/App/usbd_desc.o
 .debug_info    0x0001313c     0x2557 ./USB_DEVICE/Target/usbd_conf.o

.debug_abbrev   0x00000000     0x366e
 .debug_abbrev  0x00000000      0x3fb ./Core/Src/main.o
 .debug_abbrev  0x000003fb      0x1f4 ./Core/Src/stm32h7rsxx_hal_msp.o
 .debug_abbrev  0x000005ef      0x1a4 ./Core/Src/stm32h7rsxx_it.o
 .debug_abbrev  0x00000793      0x12e ./Core/Src/system_stm32h7rsxx.o
 .debug_abbrev  0x000008c1      0x2d6 ./Core/Src/usbd_video.o
 .debug_abbrev  0x00000b97      0x1fc ./Core/Src/usbd_video_if.o
 .debug_abbrev  0x00000d93       0x24 ./Core/Startup/startup_stm32h7s3l8hx.o
 .debug_abbrev  0x00000db7      0x34a ./Drivers/STM32H7RSxx_HAL_Driver/stm32h7rsxx_hal.o
 .debug_abbrev  0x00001101      0x31f ./Drivers/STM32H7RSxx_HAL_Driver/stm32h7rsxx_hal_cortex.o
 .debug_abbrev  0x00001420      0x21d ./Drivers/STM32H7RSxx_HAL_Driver/stm32h7rsxx_hal_dcmipp.o
 .debug_abbrev  0x0000163d      0x1ec ./Drivers/STM32H7RSxx_HAL_Driver/stm32h7rsxx_hal_gpio.o
 .debug_abbrev  0x00001829      0x2ed ./Drivers/STM32H7RSxx_HAL_Driver/stm32h7rsxx_hal_pcd.o
 .debug_abbrev  0x00001b16      0x25a ./Drivers/STM32H7RSxx_HAL_Driver/stm32h7rsxx_hal_pcd_ex.o
 .debug_abbrev  0x00001d70      0x177 ./Drivers/STM32H7RSxx_HAL_Driver/stm32h7rsxx_hal_pwr.o
 .debug_abbrev  0x00001ee7      0x250 ./Drivers/STM32H7RSxx_HAL_Driver/stm32h7rsxx_hal_pwr_ex.o
 .debug_abbrev  0x00002137      0x2df ./Drivers/STM32H7RSxx_HAL_Driver/stm32h7rsxx_hal_rcc.o
 .debug_abbrev  0x00002416      0x24f ./Drivers/STM32H7RSxx_HAL_Driver/stm32h7rsxx_hal_rcc_ex.o
 .debug_abbrev  0x00002665      0x2b3 ./Drivers/STM32H7RSxx_HAL_Driver/stm32h7rsxx_ll_usb.o
 .debug_abbrev  0x00002918      0x27c ./Middlewares/ST/STM32_USB_Device_Library/Core/Src/usbd_core.o
 .debug_abbrev  0x00002b94      0x26f ./Middlewares/ST/STM32_USB_Device_Library/Core/Src/usbd_ctlreq.o
 .debug_abbrev  0x00002e03      0x19a ./Middlewares/ST/STM32_USB_Device_Library/Core/Src/usbd_ioreq.o
 .debug_abbrev  0x00002f9d      0x190 ./USB_DEVICE/App/usb_device.o
 .debug_abbrev  0x0000312d      0x1e2 ./USB_DEVICE/App/usbd_desc.o
 .debug_abbrev  0x0000330f      0x35f ./USB_DEVICE/Target/usbd_conf.o

.debug_aranges  0x00000000     0x1250
 .debug_aranges
                0x00000000       0x78 ./Core/Src/main.o
 .debug_aranges
                0x00000078       0x30 ./Core/Src/stm32h7rsxx_hal_msp.o
 .debug_aranges
                0x000000a8       0x68 ./Core/Src/stm32h7rsxx_it.o
 .debug_aranges
                0x00000110       0x28 ./Core/Src/system_stm32h7rsxx.o
 .debug_aranges
                0x00000138       0x70 ./Core/Src/usbd_video.o
 .debug_aranges
                0x000001a8       0x58 ./Core/Src/usbd_video_if.o
 .debug_aranges
                0x00000200       0x28 ./Core/Startup/startup_stm32h7s3l8hx.o
 .debug_aranges
                0x00000228      0x240 ./Drivers/STM32H7RSxx_HAL_Driver/stm32h7rsxx_hal.o
 .debug_aranges
                0x00000468      0x130 ./Drivers/STM32H7RSxx_HAL_Driver/stm32h7rsxx_hal_cortex.o
 .debug_aranges
                0x00000598      0x180 ./Drivers/STM32H7RSxx_HAL_Driver/stm32h7rsxx_hal_dcmipp.o
 .debug_aranges
                0x00000718       0x60 ./Drivers/STM32H7RSxx_HAL_Driver/stm32h7rsxx_hal_gpio.o
 .debug_aranges
                0x00000778      0x140 ./Drivers/STM32H7RSxx_HAL_Driver/stm32h7rsxx_hal_pcd.o
 .debug_aranges
                0x000008b8       0x60 ./Drivers/STM32H7RSxx_HAL_Driver/stm32h7rsxx_hal_pcd_ex.o
 .debug_aranges
                0x00000918       0x90 ./Drivers/STM32H7RSxx_HAL_Driver/stm32h7rsxx_hal_pwr.o
 .debug_aranges
                0x000009a8      0x1c8 ./Drivers/STM32H7RSxx_HAL_Driver/stm32h7rsxx_hal_pwr_ex.o
 .debug_aranges
                0x00000b70      0x130 ./Drivers/STM32H7RSxx_HAL_Driver/stm32h7rsxx_hal_rcc.o
 .debug_aranges
                0x00000ca0       0xc8 ./Drivers/STM32H7RSxx_HAL_Driver/stm32h7rsxx_hal_rcc_ex.o
 .debug_aranges
                0x00000d68      0x1a0 ./Drivers/STM32H7RSxx_HAL_Driver/stm32h7rsxx_ll_usb.o
 .debug_aranges
                0x00000f08       0xd8 ./Middlewares/ST/STM32_USB_Device_Library/Core/Src/usbd_core.o
 .debug_aranges
                0x00000fe0       0x90 ./Middlewares/ST/STM32_USB_Device_Library/Core/Src/usbd_ctlreq.o
 .debug_aranges
                0x00001070       0x50 ./Middlewares/ST/STM32_USB_Device_Library/Core/Src/usbd_ioreq.o
 .debug_aranges
                0x000010c0       0x20 ./USB_DEVICE/App/usb_device.o
 .debug_aranges
                0x000010e0       0x60 ./USB_DEVICE/App/usbd_desc.o
 .debug_aranges
                0x00001140      0x110 ./USB_DEVICE/Target/usbd_conf.o

.debug_rnglists
                0x00000000      0xda0
 .debug_rnglists
                0x00000000       0x59 ./Core/Src/main.o
 .debug_rnglists
                0x00000059       0x20 ./Core/Src/stm32h7rsxx_hal_msp.o
 .debug_rnglists
                0x00000079       0x49 ./Core/Src/stm32h7rsxx_it.o
 .debug_rnglists
                0x000000c2       0x1a ./Core/Src/system_stm32h7rsxx.o
 .debug_rnglists
                0x000000dc       0x54 ./Core/Src/usbd_video.o
 .debug_rnglists
                0x00000130       0x40 ./Core/Src/usbd_video_if.o
 .debug_rnglists
                0x00000170       0x19 ./Core/Startup/startup_stm32h7s3l8hx.o
 .debug_rnglists
                0x00000189      0x1ae ./Drivers/STM32H7RSxx_HAL_Driver/stm32h7rsxx_hal.o
 .debug_rnglists
                0x00000337       0xe0 ./Drivers/STM32H7RSxx_HAL_Driver/stm32h7rsxx_hal_cortex.o
 .debug_rnglists
                0x00000417      0x121 ./Drivers/STM32H7RSxx_HAL_Driver/stm32h7rsxx_hal_dcmipp.o
 .debug_rnglists
                0x00000538       0x45 ./Drivers/STM32H7RSxx_HAL_Driver/stm32h7rsxx_hal_gpio.o
 .debug_rnglists
                0x0000057d       0xf4 ./Drivers/STM32H7RSxx_HAL_Driver/stm32h7rsxx_hal_pcd.o
 .debug_rnglists
                0x00000671       0x45 ./Drivers/STM32H7RSxx_HAL_Driver/stm32h7rsxx_hal_pcd_ex.o
 .debug_rnglists
                0x000006b6       0x68 ./Drivers/STM32H7RSxx_HAL_Driver/stm32h7rsxx_hal_pwr.o
 .debug_rnglists
                0x0000071e      0x154 ./Drivers/STM32H7RSxx_HAL_Driver/stm32h7rsxx_hal_pwr_ex.o
 .debug_rnglists
                0x00000872       0xea ./Drivers/STM32H7RSxx_HAL_Driver/stm32h7rsxx_hal_rcc.o
 .debug_rnglists
                0x0000095c       0x98 ./Drivers/STM32H7RSxx_HAL_Driver/stm32h7rsxx_hal_rcc_ex.o
 .debug_rnglists
                0x000009f4      0x147 ./Drivers/STM32H7RSxx_HAL_Driver/stm32h7rsxx_ll_usb.o
 .debug_rnglists
                0x00000b3b       0xa1 ./Middlewares/ST/STM32_USB_Device_Library/Core/Src/usbd_core.o
 .debug_rnglists
                0x00000bdc       0x6e ./Middlewares/ST/STM32_USB_Device_Library/Core/Src/usbd_ctlreq.o
 .debug_rnglists
                0x00000c4a       0x37 ./Middlewares/ST/STM32_USB_Device_Library/Core/Src/usbd_ioreq.o
 .debug_rnglists
                0x00000c81       0x13 ./USB_DEVICE/App/usb_device.o
 .debug_rnglists
                0x00000c94       0x43 ./USB_DEVICE/App/usbd_desc.o
 .debug_rnglists
                0x00000cd7       0xc9 ./USB_DEVICE/Target/usbd_conf.o

.debug_macro    0x00000000    0x32d7a
 .debug_macro   0x00000000      0x3c2 ./Core/Src/main.o
 .debug_macro   0x000003c2      0xaf0 ./Core/Src/main.o
 .debug_macro   0x00000eb2      0x1bc ./Core/Src/main.o
 .debug_macro   0x0000106e       0x2e ./Core/Src/main.o
 .debug_macro   0x0000109c       0x42 ./Core/Src/main.o
 .debug_macro   0x000010de       0x22 ./Core/Src/main.o
 .debug_macro   0x00001100       0x8e ./Core/Src/main.o
 .debug_macro   0x0000118e       0x51 ./Core/Src/main.o
 .debug_macro   0x000011df      0x103 ./Core/Src/main.o
 .debug_macro   0x000012e2       0x6a ./Core/Src/main.o
 .debug_macro   0x0000134c      0x1df ./Core/Src/main.o
 .debug_macro   0x0000152b       0x1c ./Core/Src/main.o
 .debug_macro   0x00001547       0x22 ./Core/Src/main.o
 .debug_macro   0x00001569       0xfb ./Core/Src/main.o
 .debug_macro   0x00001664     0x1313 ./Core/Src/main.o
 .debug_macro   0x00002977      0x11f ./Core/Src/main.o
 .debug_macro   0x00002a96       0x22 ./Core/Src/main.o
 .debug_macro   0x00002ab8    0x21462 ./Core/Src/main.o
 .debug_macro   0x00023f1a       0x6d ./Core/Src/main.o
 .debug_macro   0x00023f87     0x3478 ./Core/Src/main.o
 .debug_macro   0x000273ff       0x61 ./Core/Src/main.o
 .debug_macro   0x00027460       0x29 ./Core/Src/main.o
 .debug_macro   0x00027489       0x43 ./Core/Src/main.o
 .debug_macro   0x000274cc       0x34 ./Core/Src/main.o
 .debug_macro   0x00027500      0x190 ./Core/Src/main.o
 .debug_macro   0x00027690      0x370 ./Core/Src/main.o
 .debug_macro   0x00027a00       0x16 ./Core/Src/main.o
 .debug_macro   0x00027a16       0x4a ./Core/Src/main.o
 .debug_macro   0x00027a60       0x34 ./Core/Src/main.o
 .debug_macro   0x00027a94       0x10 ./Core/Src/main.o
 .debug_macro   0x00027aa4       0x58 ./Core/Src/main.o
 .debug_macro   0x00027afc       0x8e ./Core/Src/main.o
 .debug_macro   0x00027b8a       0x1c ./Core/Src/main.o
 .debug_macro   0x00027ba6      0x185 ./Core/Src/main.o
 .debug_macro   0x00027d2b      0x19b ./Core/Src/main.o
 .debug_macro   0x00027ec6       0x64 ./Core/Src/main.o
 .debug_macro   0x00027f2a      0xac3 ./Core/Src/main.o
 .debug_macro   0x000289ed     0x1f68 ./Core/Src/main.o
 .debug_macro   0x0002a955      0x93a ./Core/Src/main.o
 .debug_macro   0x0002b28f      0x170 ./Core/Src/main.o
 .debug_macro   0x0002b3ff      0x1ba ./Core/Src/main.o
 .debug_macro   0x0002b5b9      0x2e8 ./Core/Src/main.o
 .debug_macro   0x0002b8a1      0x590 ./Core/Src/main.o
 .debug_macro   0x0002be31      0x52e ./Core/Src/main.o
 .debug_macro   0x0002c35f       0xba ./Core/Src/main.o
 .debug_macro   0x0002c419      0x27c ./Core/Src/main.o
 .debug_macro   0x0002c695      0x39f ./Core/Src/main.o
 .debug_macro   0x0002ca34      0x2c0 ./Core/Src/main.o
 .debug_macro   0x0002ccf4      0x3fb ./Core/Src/main.o
 .debug_macro   0x0002d0ef       0xb0 ./Core/Src/main.o
 .debug_macro   0x0002d19f      0x11c ./Core/Src/main.o
 .debug_macro   0x0002d2bb      0x293 ./Core/Src/main.o
 .debug_macro   0x0002d54e       0x90 ./Core/Src/main.o
 .debug_macro   0x0002d5de      0x210 ./Core/Src/main.o
 .debug_macro   0x0002d7ee      0x2a0 ./Core/Src/main.o
 .debug_macro   0x0002da8e       0x3c ./Core/Src/main.o
 .debug_macro   0x0002daca      0x58d ./Core/Src/main.o
 .debug_macro   0x0002e057       0x1c ./Core/Src/main.o
 .debug_macro   0x0002e073       0x3c ./Core/Src/main.o
 .debug_macro   0x0002e0af       0x10 ./Core/Src/main.o
 .debug_macro   0x0002e0bf       0x1c ./Core/Src/main.o
 .debug_macro   0x0002e0db       0x16 ./Core/Src/main.o
 .debug_macro   0x0002e0f1      0x146 ./Core/Src/main.o
 .debug_macro   0x0002e237       0x16 ./Core/Src/main.o
 .debug_macro   0x0002e24d       0x16 ./Core/Src/main.o
 .debug_macro   0x0002e263       0x29 ./Core/Src/main.o
 .debug_macro   0x0002e28c       0x16 ./Core/Src/main.o
 .debug_macro   0x0002e2a2       0x20 ./Core/Src/main.o
 .debug_macro   0x0002e2c2       0x79 ./Core/Src/main.o
 .debug_macro   0x0002e33b      0x215 ./Core/Src/main.o
 .debug_macro   0x0002e550       0x1c ./Core/Src/main.o
 .debug_macro   0x0002e56c      0x1df ./Core/Src/main.o
 .debug_macro   0x0002e74b      0x29a ./Core/Src/stm32h7rsxx_hal_msp.o
 .debug_macro   0x0002e9e5      0x2a4 ./Core/Src/stm32h7rsxx_it.o
 .debug_macro   0x0002ec89      0x296 ./Core/Src/system_stm32h7rsxx.o
 .debug_macro   0x0002ef1f      0x391 ./Core/Src/usbd_video.o
 .debug_macro   0x0002f2b0       0x16 ./Core/Src/usbd_video.o
 .debug_macro   0x0002f2c6       0x9e ./Core/Src/usbd_video.o
 .debug_macro   0x0002f364      0x112 ./Core/Src/usbd_video.o
 .debug_macro   0x0002f476       0x16 ./Core/Src/usbd_video.o
 .debug_macro   0x0002f48c      0x20f ./Core/Src/usbd_video.o
 .debug_macro   0x0002f69b      0x427 ./Core/Src/usbd_video_if.o
 .debug_macro   0x0002fac2      0x2d2 ./Drivers/STM32H7RSxx_HAL_Driver/stm32h7rsxx_hal.o
 .debug_macro   0x0002fd94      0x290 ./Drivers/STM32H7RSxx_HAL_Driver/stm32h7rsxx_hal_cortex.o
 .debug_macro   0x00030024      0x298 ./Drivers/STM32H7RSxx_HAL_Driver/stm32h7rsxx_hal_dcmipp.o
 .debug_macro   0x000302bc      0x297 ./Drivers/STM32H7RSxx_HAL_Driver/stm32h7rsxx_hal_gpio.o
 .debug_macro   0x00030553      0x29c ./Drivers/STM32H7RSxx_HAL_Driver/stm32h7rsxx_hal_pcd.o
 .debug_macro   0x000307ef      0x290 ./Drivers/STM32H7RSxx_HAL_Driver/stm32h7rsxx_hal_pcd_ex.o
 .debug_macro   0x00030a7f      0x2af ./Drivers/STM32H7RSxx_HAL_Driver/stm32h7rsxx_hal_pwr.o
 .debug_macro   0x00030d2e      0x2c9 ./Drivers/STM32H7RSxx_HAL_Driver/stm32h7rsxx_hal_pwr_ex.o
 .debug_macro   0x00030ff7      0x2f6 ./Drivers/STM32H7RSxx_HAL_Driver/stm32h7rsxx_hal_rcc.o
 .debug_macro   0x000312ed      0x290 ./Drivers/STM32H7RSxx_HAL_Driver/stm32h7rsxx_hal_rcc_ex.o
 .debug_macro   0x0003157d      0x290 ./Drivers/STM32H7RSxx_HAL_Driver/stm32h7rsxx_ll_usb.o
 .debug_macro   0x0003180d      0x378 ./Middlewares/ST/STM32_USB_Device_Library/Core/Src/usbd_core.o
 .debug_macro   0x00031b85      0x382 ./Middlewares/ST/STM32_USB_Device_Library/Core/Src/usbd_ctlreq.o
 .debug_macro   0x00031f07      0x37e ./Middlewares/ST/STM32_USB_Device_Library/Core/Src/usbd_ioreq.o
 .debug_macro   0x00032285      0x3a2 ./USB_DEVICE/App/usb_device.o
 .debug_macro   0x00032627       0x22 ./USB_DEVICE/App/usb_device.o
 .debug_macro   0x00032649      0x3b5 ./USB_DEVICE/App/usbd_desc.o
 .debug_macro   0x000329fe      0x37c ./USB_DEVICE/Target/usbd_conf.o

.debug_line     0x00000000    0x168ea
 .debug_line    0x00000000      0xd72 ./Core/Src/main.o
 .debug_line    0x00000d72      0x96e ./Core/Src/stm32h7rsxx_hal_msp.o
 .debug_line    0x000016e0      0x9a8 ./Core/Src/stm32h7rsxx_it.o
 .debug_line    0x00002088      0x9e8 ./Core/Src/system_stm32h7rsxx.o
 .debug_line    0x00002a70      0xd4a ./Core/Src/usbd_video.o
 .debug_line    0x000037ba      0xc71 ./Core/Src/usbd_video_if.o
 .debug_line    0x0000442b       0x7b ./Core/Startup/startup_stm32h7s3l8hx.o
 .debug_line    0x000044a6     0x1154 ./Drivers/STM32H7RSxx_HAL_Driver/stm32h7rsxx_hal.o
 .debug_line    0x000055fa      0xefc ./Drivers/STM32H7RSxx_HAL_Driver/stm32h7rsxx_hal_cortex.o
 .debug_line    0x000064f6     0x12be ./Drivers/STM32H7RSxx_HAL_Driver/stm32h7rsxx_hal_dcmipp.o
 .debug_line    0x000077b4      0xcd3 ./Drivers/STM32H7RSxx_HAL_Driver/stm32h7rsxx_hal_gpio.o
 .debug_line    0x00008487     0x1664 ./Drivers/STM32H7RSxx_HAL_Driver/stm32h7rsxx_hal_pcd.o
 .debug_line    0x00009aeb      0xbaf ./Drivers/STM32H7RSxx_HAL_Driver/stm32h7rsxx_hal_pcd_ex.o
 .debug_line    0x0000a69a      0xb15 ./Drivers/STM32H7RSxx_HAL_Driver/stm32h7rsxx_hal_pwr.o
 .debug_line    0x0000b1af     0x1142 ./Drivers/STM32H7RSxx_HAL_Driver/stm32h7rsxx_hal_pwr_ex.o
 .debug_line    0x0000c2f1     0x1976 ./Drivers/STM32H7RSxx_HAL_Driver/stm32h7rsxx_hal_rcc.o
 .debug_line    0x0000dc67     0x1cc2 ./Drivers/STM32H7RSxx_HAL_Driver/stm32h7rsxx_hal_rcc_ex.o
 .debug_line    0x0000f929     0x1f92 ./Drivers/STM32H7RSxx_HAL_Driver/stm32h7rsxx_ll_usb.o
 .debug_line    0x000118bb      0xfb3 ./Middlewares/ST/STM32_USB_Device_Library/Core/Src/usbd_core.o
 .debug_line    0x0001286e     0x11ad ./Middlewares/ST/STM32_USB_Device_Library/Core/Src/usbd_ctlreq.o
 .debug_line    0x00013a1b      0xac9 ./Middlewares/ST/STM32_USB_Device_Library/Core/Src/usbd_ioreq.o
 .debug_line    0x000144e4      0xa79 ./USB_DEVICE/App/usb_device.o
 .debug_line    0x00014f5d      0xb38 ./USB_DEVICE/App/usbd_desc.o
 .debug_line    0x00015a95      0xe55 ./USB_DEVICE/Target/usbd_conf.o

.debug_str      0x00000000   0x133a45
 .debug_str     0x00000000   0x133a45 ./Core/Src/main.o
                             0x12e89b (size before relaxing)
 .debug_str     0x00133a45   0x12b6fc ./Core/Src/stm32h7rsxx_hal_msp.o
 .debug_str     0x00133a45   0x12b549 ./Core/Src/stm32h7rsxx_it.o
 .debug_str     0x00133a45   0x12b483 ./Core/Src/system_stm32h7rsxx.o
 .debug_str     0x00133a45   0x12d22a ./Core/Src/usbd_video.o
 .debug_str     0x00133a45   0x12ce02 ./Core/Src/usbd_video_if.o
 .debug_str     0x00133a45       0x93 ./Core/Startup/startup_stm32h7s3l8hx.o
 .debug_str     0x00133a45   0x12c956 ./Drivers/STM32H7RSxx_HAL_Driver/stm32h7rsxx_hal.o
 .debug_str     0x00133a45   0x12bf58 ./Drivers/STM32H7RSxx_HAL_Driver/stm32h7rsxx_hal_cortex.o
 .debug_str     0x00133a45   0x12bbe3 ./Drivers/STM32H7RSxx_HAL_Driver/stm32h7rsxx_hal_dcmipp.o
 .debug_str     0x00133a45   0x12b377 ./Drivers/STM32H7RSxx_HAL_Driver/stm32h7rsxx_hal_gpio.o
 .debug_str     0x00133a45   0x12bd4a ./Drivers/STM32H7RSxx_HAL_Driver/stm32h7rsxx_hal_pcd.o
 .debug_str     0x00133a45   0x12b6f2 ./Drivers/STM32H7RSxx_HAL_Driver/stm32h7rsxx_hal_pcd_ex.o
 .debug_str     0x00133a45   0x12b513 ./Drivers/STM32H7RSxx_HAL_Driver/stm32h7rsxx_hal_pwr.o
 .debug_str     0x00133a45   0x12ba35 ./Drivers/STM32H7RSxx_HAL_Driver/stm32h7rsxx_hal_pwr_ex.o
 .debug_str     0x00133a45   0x12be2d ./Drivers/STM32H7RSxx_HAL_Driver/stm32h7rsxx_hal_rcc.o
 .debug_str     0x00133a45   0x12bbdd ./Drivers/STM32H7RSxx_HAL_Driver/stm32h7rsxx_hal_rcc_ex.o
 .debug_str     0x00133a45   0x12bc44 ./Drivers/STM32H7RSxx_HAL_Driver/stm32h7rsxx_ll_usb.o
 .debug_str     0x00133a45   0x12cabf ./Middlewares/ST/STM32_USB_Device_Library/Core/Src/usbd_core.o
 .debug_str     0x00133a45   0x12c8ea ./Middlewares/ST/STM32_USB_Device_Library/Core/Src/usbd_ctlreq.o
 .debug_str     0x00133a45   0x12c7bf ./Middlewares/ST/STM32_USB_Device_Library/Core/Src/usbd_ioreq.o
 .debug_str     0x00133a45   0x12c969 ./USB_DEVICE/App/usb_device.o
 .debug_str     0x00133a45   0x12c6b4 ./USB_DEVICE/App/usbd_desc.o
 .debug_str     0x00133a45   0x12dfad ./USB_DEVICE/Target/usbd_conf.o

.comment        0x00000000       0x43
 .comment       0x00000000       0x43 ./Core/Src/main.o
                                 0x44 (size before relaxing)
 .comment       0x00000043       0x44 ./Core/Src/stm32h7rsxx_hal_msp.o
 .comment       0x00000043       0x44 ./Core/Src/stm32h7rsxx_it.o
 .comment       0x00000043       0x44 ./Core/Src/system_stm32h7rsxx.o
 .comment       0x00000043       0x44 ./Core/Src/usbd_video.o
 .comment       0x00000043       0x44 ./Core/Src/usbd_video_if.o
 .comment       0x00000043       0x44 ./Drivers/STM32H7RSxx_HAL_Driver/stm32h7rsxx_hal.o
 .comment       0x00000043       0x44 ./Drivers/STM32H7RSxx_HAL_Driver/stm32h7rsxx_hal_cortex.o
 .comment       0x00000043       0x44 ./Drivers/STM32H7RSxx_HAL_Driver/stm32h7rsxx_hal_dcmipp.o
 .comment       0x00000043       0x44 ./Drivers/STM32H7RSxx_HAL_Driver/stm32h7rsxx_hal_gpio.o
 .comment       0x00000043       0x44 ./Drivers/STM32H7RSxx_HAL_Driver/stm32h7rsxx_hal_pcd.o
 .comment       0x00000043       0x44 ./Drivers/STM32H7RSxx_HAL_Driver/stm32h7rsxx_hal_pcd_ex.o
 .comment       0x00000043       0x44 ./Drivers/STM32H7RSxx_HAL_Driver/stm32h7rsxx_hal_pwr.o
 .comment       0x00000043       0x44 ./Drivers/STM32H7RSxx_HAL_Driver/stm32h7rsxx_hal_pwr_ex.o
 .comment       0x00000043       0x44 ./Drivers/STM32H7RSxx_HAL_Driver/stm32h7rsxx_hal_rcc.o
 .comment       0x00000043       0x44 ./Drivers/STM32H7RSxx_HAL_Driver/stm32h7rsxx_hal_rcc_ex.o
 .comment       0x00000043       0x44 ./Drivers/STM32H7RSxx_HAL_Driver/stm32h7rsxx_ll_usb.o
 .comment       0x00000043       0x44 ./Middlewares/ST/STM32_USB_Device_Library/Core/Src/usbd_core.o
 .comment       0x00000043       0x44 ./Middlewares/ST/STM32_USB_Device_Library/Core/Src/usbd_ctlreq.o
 .comment       0x00000043       0x44 ./Middlewares/ST/STM32_USB_Device_Library/Core/Src/usbd_ioreq.o
 .comment       0x00000043       0x44 ./USB_DEVICE/App/usb_device.o
 .comment       0x00000043       0x44 ./USB_DEVICE/App/usbd_desc.o
 .comment       0x00000043       0x44 ./USB_DEVICE/Target/usbd_conf.o

.debug_frame    0x00000000     0x4b54
 .debug_frame   0x00000000      0x1b0 ./Core/Src/main.o
 .debug_frame   0x000001b0       0x7c ./Core/Src/stm32h7rsxx_hal_msp.o
 .debug_frame   0x0000022c      0x120 ./Core/Src/stm32h7rsxx_it.o
 .debug_frame   0x0000034c       0x58 ./Core/Src/system_stm32h7rsxx.o
 .debug_frame   0x000003a4      0x1bc ./Core/Src/usbd_video.o
 .debug_frame   0x00000560      0x120 ./Core/Src/usbd_video_if.o
 .debug_frame   0x00000680      0x9a0 ./Drivers/STM32H7RSxx_HAL_Driver/stm32h7rsxx_hal.o
 .debug_frame   0x00001020      0x508 ./Drivers/STM32H7RSxx_HAL_Driver/stm32h7rsxx_hal_cortex.o
 .debug_frame   0x00001528      0x6f0 ./Drivers/STM32H7RSxx_HAL_Driver/stm32h7rsxx_hal_dcmipp.o
 .debug_frame   0x00001c18      0x174 ./Drivers/STM32H7RSxx_HAL_Driver/stm32h7rsxx_hal_gpio.o
 .debug_frame   0x00001d8c      0x590 ./Drivers/STM32H7RSxx_HAL_Driver/stm32h7rsxx_hal_pcd.o
 .debug_frame   0x0000231c      0x174 ./Drivers/STM32H7RSxx_HAL_Driver/stm32h7rsxx_hal_pcd_ex.o
 .debug_frame   0x00002490      0x218 ./Drivers/STM32H7RSxx_HAL_Driver/stm32h7rsxx_hal_pwr.o
 .debug_frame   0x000026a8      0x758 ./Drivers/STM32H7RSxx_HAL_Driver/stm32h7rsxx_hal_pwr_ex.o
 .debug_frame   0x00002e00      0x510 ./Drivers/STM32H7RSxx_HAL_Driver/stm32h7rsxx_hal_rcc.o
 .debug_frame   0x00003310      0x32c ./Drivers/STM32H7RSxx_HAL_Driver/stm32h7rsxx_hal_rcc_ex.o
 .debug_frame   0x0000363c      0x7c0 ./Drivers/STM32H7RSxx_HAL_Driver/stm32h7rsxx_ll_usb.o
 .debug_frame   0x00003dfc      0x390 ./Middlewares/ST/STM32_USB_Device_Library/Core/Src/usbd_core.o
 .debug_frame   0x0000418c      0x23c ./Middlewares/ST/STM32_USB_Device_Library/Core/Src/usbd_ctlreq.o
 .debug_frame   0x000043c8      0x10c ./Middlewares/ST/STM32_USB_Device_Library/Core/Src/usbd_ioreq.o
 .debug_frame   0x000044d4       0x2c ./USB_DEVICE/App/usb_device.o
 .debug_frame   0x00004500      0x160 ./USB_DEVICE/App/usbd_desc.o
 .debug_frame   0x00004660      0x480 ./USB_DEVICE/Target/usbd_conf.o
 .debug_frame   0x00004ae0       0x20 C:/ST/STM32CubeIDE_1.19.0/STM32CubeIDE/plugins/com.st.stm32cube.ide.mcu.externaltools.gnu-tools-for-stm32.13.3.rel1.win32_1.0.0.202411081344/tools/bin/../lib/gcc/arm-none-eabi/13.3.1/../../../../arm-none-eabi/lib/thumb/v7e-m+dp/hard\libc_nano.a(libc_a-memset.o)
 .debug_frame   0x00004b00       0x2c C:/ST/STM32CubeIDE_1.19.0/STM32CubeIDE/plugins/com.st.stm32cube.ide.mcu.externaltools.gnu-tools-for-stm32.13.3.rel1.win32_1.0.0.202411081344/tools/bin/../lib/gcc/arm-none-eabi/13.3.1/../../../../arm-none-eabi/lib/thumb/v7e-m+dp/hard\libc_nano.a(libc_a-init.o)
 .debug_frame   0x00004b2c       0x28 C:/ST/STM32CubeIDE_1.19.0/STM32CubeIDE/plugins/com.st.stm32cube.ide.mcu.externaltools.gnu-tools-for-stm32.13.3.rel1.win32_1.0.0.202411081344/tools/bin/../lib/gcc/arm-none-eabi/13.3.1/../../../../arm-none-eabi/lib/thumb/v7e-m+dp/hard\libc_nano.a(libc_a-memcpy-stub.o)

.debug_line_str
                0x00000000       0x77
 .debug_line_str
                0x00000000       0x77 ./Core/Startup/startup_stm32h7s3l8hx.o
