Archive member included to satisfy reference by file (symbol)

C:/ST/STM32CubeIDE_1.19.0/STM32CubeIDE/plugins/com.st.stm32cube.ide.mcu.externaltools.gnu-tools-for-stm32.13.3.rel1.win32_1.0.0.202411081344/tools/bin/../lib/gcc/arm-none-eabi/13.3.1/../../../../arm-none-eabi/lib/thumb/v7e-m+dp/hard\libc_nano.a(libc_a-exit.o)
                              C:/ST/STM32CubeIDE_1.19.0/STM32CubeIDE/plugins/com.st.stm32cube.ide.mcu.externaltools.gnu-tools-for-stm32.13.3.rel1.win32_1.0.0.202411081344/tools/bin/../lib/gcc/arm-none-eabi/13.3.1/../../../../arm-none-eabi/lib/thumb/v7e-m+dp/hard/crt0.o (exit)
C:/ST/STM32CubeIDE_1.19.0/STM32CubeIDE/plugins/com.st.stm32cube.ide.mcu.externaltools.gnu-tools-for-stm32.13.3.rel1.win32_1.0.0.202411081344/tools/bin/../lib/gcc/arm-none-eabi/13.3.1/../../../../arm-none-eabi/lib/thumb/v7e-m+dp/hard\libc_nano.a(libc_a-findfp.o)
                              C:/ST/STM32CubeIDE_1.19.0/STM32CubeIDE/plugins/com.st.stm32cube.ide.mcu.externaltools.gnu-tools-for-stm32.13.3.rel1.win32_1.0.0.202411081344/tools/bin/../lib/gcc/arm-none-eabi/13.3.1/../../../../arm-none-eabi/lib/thumb/v7e-m+dp/hard\libc_nano.a(libc_a-exit.o) (__stdio_exit_handler)
C:/ST/STM32CubeIDE_1.19.0/STM32CubeIDE/plugins/com.st.stm32cube.ide.mcu.externaltools.gnu-tools-for-stm32.13.3.rel1.win32_1.0.0.202411081344/tools/bin/../lib/gcc/arm-none-eabi/13.3.1/../../../../arm-none-eabi/lib/thumb/v7e-m+dp/hard\libc_nano.a(libc_a-fwalk.o)
                              C:/ST/STM32CubeIDE_1.19.0/STM32CubeIDE/plugins/com.st.stm32cube.ide.mcu.externaltools.gnu-tools-for-stm32.13.3.rel1.win32_1.0.0.202411081344/tools/bin/../lib/gcc/arm-none-eabi/13.3.1/../../../../arm-none-eabi/lib/thumb/v7e-m+dp/hard\libc_nano.a(libc_a-findfp.o) (_fwalk_sglue)
C:/ST/STM32CubeIDE_1.19.0/STM32CubeIDE/plugins/com.st.stm32cube.ide.mcu.externaltools.gnu-tools-for-stm32.13.3.rel1.win32_1.0.0.202411081344/tools/bin/../lib/gcc/arm-none-eabi/13.3.1/../../../../arm-none-eabi/lib/thumb/v7e-m+dp/hard\libc_nano.a(libc_a-stdio.o)
                              C:/ST/STM32CubeIDE_1.19.0/STM32CubeIDE/plugins/com.st.stm32cube.ide.mcu.externaltools.gnu-tools-for-stm32.13.3.rel1.win32_1.0.0.202411081344/tools/bin/../lib/gcc/arm-none-eabi/13.3.1/../../../../arm-none-eabi/lib/thumb/v7e-m+dp/hard\libc_nano.a(libc_a-findfp.o) (__sread)
C:/ST/STM32CubeIDE_1.19.0/STM32CubeIDE/plugins/com.st.stm32cube.ide.mcu.externaltools.gnu-tools-for-stm32.13.3.rel1.win32_1.0.0.202411081344/tools/bin/../lib/gcc/arm-none-eabi/13.3.1/../../../../arm-none-eabi/lib/thumb/v7e-m+dp/hard\libc_nano.a(libc_a-memset.o)
                              C:/ST/STM32CubeIDE_1.19.0/STM32CubeIDE/plugins/com.st.stm32cube.ide.mcu.externaltools.gnu-tools-for-stm32.13.3.rel1.win32_1.0.0.202411081344/tools/bin/../lib/gcc/arm-none-eabi/13.3.1/../../../../arm-none-eabi/lib/thumb/v7e-m+dp/hard/crt0.o (memset)
C:/ST/STM32CubeIDE_1.19.0/STM32CubeIDE/plugins/com.st.stm32cube.ide.mcu.externaltools.gnu-tools-for-stm32.13.3.rel1.win32_1.0.0.202411081344/tools/bin/../lib/gcc/arm-none-eabi/13.3.1/../../../../arm-none-eabi/lib/thumb/v7e-m+dp/hard\libc_nano.a(libc_a-closer.o)
                              C:/ST/STM32CubeIDE_1.19.0/STM32CubeIDE/plugins/com.st.stm32cube.ide.mcu.externaltools.gnu-tools-for-stm32.13.3.rel1.win32_1.0.0.202411081344/tools/bin/../lib/gcc/arm-none-eabi/13.3.1/../../../../arm-none-eabi/lib/thumb/v7e-m+dp/hard\libc_nano.a(libc_a-stdio.o) (_close_r)
C:/ST/STM32CubeIDE_1.19.0/STM32CubeIDE/plugins/com.st.stm32cube.ide.mcu.externaltools.gnu-tools-for-stm32.13.3.rel1.win32_1.0.0.202411081344/tools/bin/../lib/gcc/arm-none-eabi/13.3.1/../../../../arm-none-eabi/lib/thumb/v7e-m+dp/hard\libc_nano.a(libc_a-reent.o)
                              C:/ST/STM32CubeIDE_1.19.0/STM32CubeIDE/plugins/com.st.stm32cube.ide.mcu.externaltools.gnu-tools-for-stm32.13.3.rel1.win32_1.0.0.202411081344/tools/bin/../lib/gcc/arm-none-eabi/13.3.1/../../../../arm-none-eabi/lib/thumb/v7e-m+dp/hard\libc_nano.a(libc_a-closer.o) (errno)
C:/ST/STM32CubeIDE_1.19.0/STM32CubeIDE/plugins/com.st.stm32cube.ide.mcu.externaltools.gnu-tools-for-stm32.13.3.rel1.win32_1.0.0.202411081344/tools/bin/../lib/gcc/arm-none-eabi/13.3.1/../../../../arm-none-eabi/lib/thumb/v7e-m+dp/hard\libc_nano.a(libc_a-impure.o)
                              C:/ST/STM32CubeIDE_1.19.0/STM32CubeIDE/plugins/com.st.stm32cube.ide.mcu.externaltools.gnu-tools-for-stm32.13.3.rel1.win32_1.0.0.202411081344/tools/bin/../lib/gcc/arm-none-eabi/13.3.1/../../../../arm-none-eabi/lib/thumb/v7e-m+dp/hard\libc_nano.a(libc_a-reent.o) (_impure_ptr)
C:/ST/STM32CubeIDE_1.19.0/STM32CubeIDE/plugins/com.st.stm32cube.ide.mcu.externaltools.gnu-tools-for-stm32.13.3.rel1.win32_1.0.0.202411081344/tools/bin/../lib/gcc/arm-none-eabi/13.3.1/../../../../arm-none-eabi/lib/thumb/v7e-m+dp/hard\libc_nano.a(libc_a-lseekr.o)
[...]
Memory Configuration

Name             Origin             Length             Attributes
RAM              0x24000000         0x00071c00         xrw
RAM_NONCACHEABLEBUFFER 0x24071c00         0x00000400         xrw
ITCM             0x00000000         0x00010000         xrw
DTCM             0x20000000         0x00010000         rw
SRAMAHB          0x30000000         0x00008000         rw
BKPSRAM          0x38800000         0x00001000         rw
FLASH            0x70000000         0x08000000         xrw
*default*        0x00000000         0xffffffff

Linker script and memory map

LOAD C:/ST/STM32CubeIDE_1.19.0/STM32CubeIDE/plugins/com.st.stm32cube.ide.mcu.externaltools.gnu-tools-for-stm32.13.3.rel1.win32_1.0.0.202411081344/tools/bin/../lib/gcc/arm-none-eabi/13.3.1/thumb/v7e-m+dp/hard/crti.o
LOAD C:/ST/STM32CubeIDE_1.19.0/STM32CubeIDE/plugins/com.st.stm32cube.ide.mcu.externaltools.gnu-tools-for-stm32.13.3.rel1.win32_1.0.0.202411081344/tools/bin/../lib/gcc/arm-none-eabi/13.3.1/thumb/v7e-m+dp/hard/crtbegin.o
LOAD C:/ST/STM32CubeIDE_1.19.0/STM32CubeIDE/plugins/com.st.stm32cube.ide.mcu.externaltools.gnu-tools-for-stm32.13.3.rel1.win32_1.0.0.202411081344/tools/bin/../lib/gcc/arm-none-eabi/13.3.1/../../../../arm-none-eabi/lib/thumb/v7e-m+dp/hard/crt0.o
LOAD ./Core/Src/main.o
LOAD ./Core/Src/stm32h7rsxx_hal_msp.o
LOAD ./Core/Src/stm32h7rsxx_it.o
LOAD ./Core/Src/syscalls.o
LOAD ./Core/Src/sysmem.o
LOAD ./Core/Src/system_stm32h7rsxx.o
LOAD ./Core/Src/usbd_video.o
LOAD ./Core/Src/usbd_video_if.o
LOAD ./Core/Startup/startup_stm32h7s3l8hx.o
LOAD ./Drivers/STM32H7RSxx_HAL_Driver/stm32h7rsxx_hal.o
LOAD ./Drivers/STM32H7RSxx_HAL_Driver/stm32h7rsxx_hal_cortex.o
LOAD ./Drivers/STM32H7RSxx_HAL_Driver/stm32h7rsxx_hal_dcmipp.o
LOAD ./Drivers/STM32H7RSxx_HAL_Driver/stm32h7rsxx_hal_dma.o
LOAD ./Drivers/STM32H7RSxx_HAL_Driver/stm32h7rsxx_hal_dma_ex.o
LOAD ./Drivers/STM32H7RSxx_HAL_Driver/stm32h7rsxx_hal_exti.o
LOAD ./Drivers/STM32H7RSxx_HAL_Driver/stm32h7rsxx_hal_flash.o
LOAD ./Drivers/STM32H7RSxx_HAL_Driver/stm32h7rsxx_hal_flash_ex.o
LOAD ./Drivers/STM32H7RSxx_HAL_Driver/stm32h7rsxx_hal_gpio.o
LOAD ./Drivers/STM32H7RSxx_HAL_Driver/stm32h7rsxx_hal_nand.o
LOAD ./Drivers/STM32H7RSxx_HAL_Driver/stm32h7rsxx_hal_nor.o
LOAD ./Drivers/STM32H7RSxx_HAL_Driver/stm32h7rsxx_hal_pcd.o
LOAD ./Drivers/STM32H7RSxx_HAL_Driver/stm32h7rsxx_hal_pcd_ex.o
LOAD ./Drivers/STM32H7RSxx_HAL_Driver/stm32h7rsxx_hal_pwr.o
LOAD ./Drivers/STM32H7RSxx_HAL_Driver/stm32h7rsxx_hal_pwr_ex.o
LOAD ./Drivers/STM32H7RSxx_HAL_Driver/stm32h7rsxx_hal_rcc.o
LOAD ./Drivers/STM32H7RSxx_HAL_Driver/stm32h7rsxx_hal_rcc_ex.o
LOAD ./Drivers/STM32H7RSxx_HAL_Driver/stm32h7rsxx_hal_sdram.o
LOAD ./Drivers/STM32H7RSxx_HAL_Driver/stm32h7rsxx_hal_sram.o
LOAD ./Drivers/STM32H7RSxx_HAL_Driver/stm32h7rsxx_ll_fmc.o
LOAD ./Drivers/STM32H7RSxx_HAL_Driver/stm32h7rsxx_ll_usb.o
LOAD ./Middlewares/ST/STM32_USB_Device_Library/usbd_core.o
LOAD ./Middlewares/ST/STM32_USB_Device_Library/usbd_ctlreq.o
LOAD ./Middlewares/ST/STM32_USB_Device_Library/usbd_customhid.o
LOAD ./Middlewares/ST/STM32_USB_Device_Library/usbd_ioreq.o
LOAD ./USB_DEVICE/App/usb_device.o
LOAD ./USB_DEVICE/App/usbd_custom_hid_if.o
LOAD ./USB_DEVICE/App/usbd_desc.o
LOAD ./USB_DEVICE/Target/usbd_conf.o
START GROUP
LOAD C:/ST/STM32CubeIDE_1.19.0/STM32CubeIDE/plugins/com.st.stm32cube.ide.mcu.externaltools.gnu-tools-for-stm32.13.3.rel1.win32_1.0.0.202411081344/tools/bin/../lib/gcc/arm-none-eabi/13.3.1/../../../../arm-none-eabi/lib/thumb/v7e-m+dp/hard\libc_nano.a
LOAD C:/ST/STM32CubeIDE_1.19.0/STM32CubeIDE/plugins/com.st.stm32cube.ide.mcu.externaltools.gnu-tools-for-stm32.13.3.rel1.win32_1.0.0.202411081344/tools/bin/../lib/gcc/arm-none-eabi/13.3.1/../../../../arm-none-eabi/lib/thumb/v7e-m+dp/hard\libm.a
END GROUP
START GROUP
LOAD C:/ST/STM32CubeIDE_1.19.0/STM32CubeIDE/plugins/com.st.stm32cube.ide.mcu.externaltools.gnu-tools-for-stm32.13.3.rel1.win32_1.0.0.202411081344/tools/bin/../lib/gcc/arm-none-eabi/13.3.1/thumb/v7e-m+dp/hard\libgcc.a
LOAD C:/ST/STM32CubeIDE_1.19.0/STM32CubeIDE/plugins/com.st.stm32cube.ide.mcu.externaltools.gnu-tools-for-stm32.13.3.rel1.win32_1.0.0.202411081344/tools/bin/../lib/gcc/arm-none-eabi/13.3.1/../../../../arm-none-eabi/lib/thumb/v7e-m+dp/hard\libc_nano.a
END GROUP
START GROUP
LOAD C:/ST/STM32CubeIDE_1.19.0/STM32CubeIDE/plugins/com.st.stm32cube.ide.mcu.externaltools.gnu-tools-for-stm32.13.3.rel1.win32_1.0.0.202411081344/tools/bin/../lib/gcc/arm-none-eabi/13.3.1/thumb/v7e-m+dp/hard\libgcc.a
LOAD C:/ST/STM32CubeIDE_1.19.0/STM32CubeIDE/plugins/com.st.stm32cube.ide.mcu.externaltools.gnu-tools-for-stm32.13.3.rel1.win32_1.0.0.202411081344/tools/bin/../lib/gcc/arm-none-eabi/13.3.1/../../../../arm-none-eabi/lib/thumb/v7e-m+dp/hard\libc_nano.a
LOAD C:/ST/STM32CubeIDE_1.19.0/STM32CubeIDE/plugins/com.st.stm32cube.ide.mcu.externaltools.gnu-tools-for-stm32.13.3.rel1.win32_1.0.0.202411081344/tools/bin/../lib/gcc/arm-none-eabi/13.3.1/../../../../arm-none-eabi/lib/thumb/v7e-m+dp/hard\libnosys.a
END GROUP
START GROUP
LOAD C:/ST/STM32CubeIDE_1.19.0/STM32CubeIDE/plugins/com.st.stm32cube.ide.mcu.externaltools.gnu-tools-for-stm32.13.3.rel1.win32_1.0.0.202411081344/tools/bin/../lib/gcc/arm-none-eabi/13.3.1/thumb/v7e-m+dp/hard\libgcc.a
LOAD C:/ST/STM32CubeIDE_1.19.0/STM32CubeIDE/plugins/com.st.stm32cube.ide.mcu.externaltools.gnu-tools-for-stm32.13.3.rel1.win32_1.0.0.202411081344/tools/bin/../lib/gcc/arm-none-eabi/13.3.1/../../../../arm-none-eabi/lib/thumb/v7e-m+dp/hard\libc_nano.a
LOAD C:/ST/STM32CubeIDE_1.19.0/STM32CubeIDE/plugins/com.st.stm32cube.ide.mcu.externaltools.gnu-tools-for-stm32.13.3.rel1.win32_1.0.0.202411081344/tools/bin/../lib/gcc/arm-none-eabi/13.3.1/../../../../arm-none-eabi/lib/thumb/v7e-m+dp/hard\libnosys.a
END GROUP
LOAD C:/ST/STM32CubeIDE_1.19.0/STM32CubeIDE/plugins/com.st.stm32cube.ide.mcu.externaltools.gnu-tools-for-stm32.13.3.rel1.win32_1.0.0.202411081344/tools/bin/../lib/gcc/arm-none-eabi/13.3.1/thumb/v7e-m+dp/hard/crtend.o
LOAD C:/ST/STM32CubeIDE_1.19.0/STM32CubeIDE/plugins/com.st.stm32cube.ide.mcu.externaltools.gnu-tools-for-stm32.13.3.rel1.win32_1.0.0.202411081344/tools/bin/../lib/gcc/arm-none-eabi/13.3.1/thumb/v7e-m+dp/hard/crtn.o
                0x20010000                        _estack = (ORIGIN (DTCM) + LENGTH (DTCM))
                0x00000200                        _Min_Heap_Size = 0x200
                0x00000400                        _Min_Stack_Size = 0x400
                0x70000000                        __FLASH_BEGIN = 0x70000000
                0x08000000                        __FLASH_SIZE = 0x8000000
                0x24000000                        __RAM_BEGIN = 0x24000000
                0x00071c00                        __RAM_SIZE = 0x71c00
                0x00000400                        __RAM_NONCACHEABLEBUFFER_SIZE = 0x400

.isr_vector     0x70000000      0x2b0
                0x70000000                        . = ALIGN (0x4)
 *(.isr_vector)
 .isr_vector    0x70000000      0x2b0 ./Core/Startup/startup_stm32h7s3l8hx.o
                0x70000000                g_pfnVectors
                0x700002b0                        . = ALIGN (0x4)

.text           0x700002b0     0x84f8
                0x700002b0                        . = ALIGN (0x4)
 *(.text)
 .text          0x700002b0       0x40 C:/ST/STM32CubeIDE_1.19.0/STM32CubeIDE/plugins/com.st.stm32cube.ide.mcu.externaltools.gnu-tools-for-stm32.13.3.rel1.win32_1.0.0.202411081344/tools/bin/../lib/gcc/arm-none-eabi/13.3.1/thumb/v7e-m+dp/hard/crtbegin.o
 *(.text*)
 .text.main     0x700002f0       0x74 ./Core/Src/main.o
                0x700002f0                main
 .text.MX_DCMIPP_Init
                0x70000364       0x84 ./Core/Src/main.o
 .text.MX_DMA_Init
                0x700003e8       0x3c ./Core/Src/main.o
 .text.MX_GPIO_Init
                0x70000424       0xf8 ./Core/Src/main.o
 .text.MX_USB_DEVICE_Init
                0x7000051c       0xb8 ./Core/Src/main.o
 .text.MPU_Config
                0x700005d4       0x4e ./Core/Src/main.o
 *fill*         0x70000622        0x2 
 .text.CPU_CACHE_Enable
                0x70000624       0xdc ./Core/Src/main.o
 .text.SystemClock_Config
                0x70000700      0x130 ./Core/Src/main.o
                0x70000700                SystemClock_Config
 .text.Error_Handler
                0x70000830        0xc ./Core/Src/main.o
                0x70000830                Error_Handler
 .text.HAL_MspInit
                0x7000083c       0x2a ./Core/Src/stm32h7rsxx_hal_msp.o
                0x7000083c                HAL_MspInit
 *fill*         0x70000866        0x2 
 .text.HAL_DCMIPP_MspInit
                0x70000868      0x11c ./Core/Src/stm32h7rsxx_hal_msp.o
                0x70000868                HAL_DCMIPP_MspInit
 .text.NMI_Handler
                0x70000984        0x8 ./Core/Src/stm32h7rsxx_it.o
                0x70000984                NMI_Handler
 .text.HardFault_Handler
                0x7000098c        0x8 ./Core/Src/stm32h7rsxx_it.o
                0x7000098c                HardFault_Handler
 .text.MemManage_Handler
                0x70000994        0x8 ./Core/Src/stm32h7rsxx_it.o
                0x70000994                MemManage_Handler
 .text.BusFault_Handler
                0x7000099c        0x8 ./Core/Src/stm32h7rsxx_it.o
                0x7000099c                BusFault_Handler
 .text.UsageFault_Handler
                0x700009a4        0x8 ./Core/Src/stm32h7rsxx_it.o
                0x700009a4                UsageFault_Handler
 .text.SVC_Handler
                0x700009ac        0xe ./Core/Src/stm32h7rsxx_it.o
                0x700009ac                SVC_Handler
 .text.DebugMon_Handler
                0x700009ba        0xe ./Core/Src/stm32h7rsxx_it.o
                0x700009ba                DebugMon_Handler
 .text.PendSV_Handler
                0x700009c8        0xe ./Core/Src/stm32h7rsxx_it.o
                0x700009c8                PendSV_Handler
 .text.SysTick_Handler
                0x700009d6        0xc ./Core/Src/stm32h7rsxx_it.o
                0x700009d6                SysTick_Handler
 *fill*         0x700009e2        0x2 
 .text.OTG_HS_IRQHandler
                0x700009e4       0x14 ./Core/Src/stm32h7rsxx_it.o
                0x700009e4                OTG_HS_IRQHandler
 .text.SystemInit
                0x700009f8       0x2c ./Core/Src/system_stm32h7rsxx.o
                0x700009f8                SystemInit
 .text.USBD_VIDEO_Init
                0x70000a24       0xb0 ./Core/Src/usbd_video.o
 .text.USBD_VIDEO_DeInit
                0x70000ad4       0x86 ./Core/Src/usbd_video.o
 *fill*         0x70000b5a        0x2 
 .text.USBD_VIDEO_Setup
                0x70000b5c      0x280 ./Core/Src/usbd_video.o
 .text.USBD_VIDEO_DataIn
                0x70000ddc      0x148 ./Core/Src/usbd_video.o
 .text.USBD_VIDEO_DataOut
                0x70000f24       0x1a ./Core/Src/usbd_video.o
 .text.USBD_VIDEO_EP0_RxReady
                0x70000f3e       0x44 ./Core/Src/usbd_video.o
 *fill*         0x70000f82        0x2 
 .text.USBD_VIDEO_GetFSCfgDesc
                0x70000f84       0x20 ./Core/Src/usbd_video.o
 .text.USBD_VIDEO_GetHSCfgDesc
                0x70000fa4       0x20 ./Core/Src/usbd_video.o
 .text.USBD_VIDEO_GetDeviceQualifierDesc
                0x70000fc4       0x20 ./Core/Src/usbd_video.o
 .text.USBD_VIDEO_RegisterInterface
                0x70000fe4       0x34 ./Core/Src/usbd_video.o
                0x70000fe4                USBD_VIDEO_RegisterInterface
 .text.USBD_VIDEO_SendFrame
                0x70001018      0x170 ./Core/Src/usbd_video.o
                0x70001018                USBD_VIDEO_SendFrame
 .text.VIDEO_Init_FS
                0x70001188       0x70 ./Core/Src/usbd_video_if.o
 .text.VIDEO_DeInit_FS
                0x700011f8       0x1c ./Core/Src/usbd_video_if.o
 .text.VIDEO_Control_FS
                0x70001214      0x140 ./Core/Src/usbd_video_if.o
 .text.VIDEO_PrepareFrame_FS
                0x70001354       0x18 ./Core/Src/usbd_video_if.o
 .text.VIDEO_InitCameraSensor
                0x7000136c        0xe ./Core/Src/usbd_video_if.o
 .text.VIDEO_ApplyCameraSettings
                0x7000137a        0xe ./Core/Src/usbd_video_if.o
 .text.Reset_Handler
                0x70001388       0x50 ./Core/Startup/startup_stm32h7s3l8hx.o
                0x70001388                Reset_Handler
 .text.Default_Handler
                0x700013d8        0x2 ./Core/Startup/startup_stm32h7s3l8hx.o
                0x700013d8                HPDMA1_Channel13_IRQHandler
                0x700013d8                EXTI2_IRQHandler
                0x700013d8                MCE2_IRQHandler
                0x700013d8                SAI1_A_IRQHandler
                0x700013d8                EXTI5_IRQHandler
                0x700013d8                I3C1_ER_IRQHandler
                0x700013d8                UART8_IRQHandler
                0x700013d8                SPI4_IRQHandler
                0x700013d8                EXTI13_IRQHandler
                0x700013d8                TIM1_CC_IRQHandler
                0x700013d8                XSPI1_IRQHandler
                0x700013d8                JPEG_IRQHandler
                0x700013d8                TAMP_IRQHandler
                0x700013d8                TIM6_IRQHandler
                0x700013d8                EXTI12_IRQHandler
                0x700013d8                CORDIC_IRQHandler
                0x700013d8                GFXTIM_IRQHandler
                0x700013d8                EXTI3_IRQHandler
                0x700013d8                LPTIM4_IRQHandler
                0x700013d8                GPDMA1_Channel5_IRQHandler
                0x700013d8                EXTI8_IRQHandler
                0x700013d8                LPTIM2_IRQHandler
                0x700013d8                GFXMMU_IRQHandler
                0x700013d8                I2C3_ER_IRQHandler
                0x700013d8                LPTIM3_IRQHandler
                0x700013d8                SAI2_A_IRQHandler
                0x700013d8                EXTI0_IRQHandler
                0x700013d8                HPDMA1_Channel9_IRQHandler
                0x700013d8                I2C2_EV_IRQHandler
                0x700013d8                FPU_IRQHandler
                0x700013d8                GPDMA1_Channel3_IRQHandler
                0x700013d8                GPDMA1_Channel7_IRQHandler
                0x700013d8                FDCAN1_IT1_IRQHandler
                0x700013d8                HPDMA1_Channel3_IRQHandler
                0x700013d8                ADC1_2_IRQHandler
                0x700013d8                GPDMA1_Channel9_IRQHandler
                0x700013d8                SPI1_IRQHandler
                0x700013d8                SAI1_B_IRQHandler
                0x700013d8                GPDMA1_Channel2_IRQHandler
                0x700013d8                I3C1_WKUP_IRQHandler
                0x700013d8                PKA_IRQHandler
                0x700013d8                HPDMA1_Channel2_IRQHandler
                0x700013d8                EXTI15_IRQHandler
                0x700013d8                TIM17_IRQHandler
                0x700013d8                USART3_IRQHandler
                0x700013d8                HPDMA1_Channel6_IRQHandler
                0x700013d8                CRYP_IRQHandler
                0x700013d8                RTC_IRQHandler
                0x700013d8                XSPI2_IRQHandler
                0x700013d8                EXTI9_IRQHandler
                0x700013d8                HPDMA1_Channel0_IRQHandler
                0x700013d8                LPTIM5_IRQHandler
                0x700013d8                HPDMA1_Channel1_IRQHandler
                0x700013d8                UART5_IRQHandler
                0x700013d8                TIM4_IRQHandler
                0x700013d8                I2C1_EV_IRQHandler
                0x700013d8                GPDMA1_Channel12_IRQHandler
                0x700013d8                HPDMA1_Channel7_IRQHandler
                0x700013d8                GPDMA1_Channel1_IRQHandler
                0x700013d8                TIM16_IRQHandler
                0x700013d8                GPDMA1_Channel15_IRQHandler
                0x700013d8                UART4_IRQHandler
                0x700013d8                TIM3_IRQHandler
                0x700013d8                RCC_IRQHandler
                0x700013d8                TIM1_TRG_COM_IRQHandler
                0x700013d8                SAI2_B_IRQHandler
                0x700013d8                Default_Handler
                0x700013d8                GPDMA1_Channel8_IRQHandler
                0x700013d8                HPDMA1_Channel8_IRQHandler
                0x700013d8                CEC_IRQHandler
                0x700013d8                TIM14_IRQHandler
                0x700013d8                TIM13_IRQHandler
                0x700013d8                GPDMA1_Channel11_IRQHandler
                0x700013d8                SPI5_IRQHandler
                0x700013d8                TIM12_IRQHandler
                0x700013d8                TIM7_IRQHandler
                0x700013d8                HPDMA1_Channel10_IRQHandler
                0x700013d8                SDMMC1_IRQHandler
                0x700013d8                SAES_IRQHandler
                0x700013d8                TIM5_IRQHandler
                0x700013d8                UCPD1_IRQHandler
                0x700013d8                GPDMA1_Channel0_IRQHandler
                0x700013d8                I3C1_EV_IRQHandler
                0x700013d8                HPDMA1_Channel5_IRQHandler
                0x700013d8                TIM15_IRQHandler
                0x700013d8                I2C3_EV_IRQHandler
                0x700013d8                HPDMA1_Channel4_IRQHandler
                0x700013d8                HPDMA1_Channel15_IRQHandler
                0x700013d8                TIM9_IRQHandler
                0x700013d8                SPDIF_RX_IRQHandler
                0x700013d8                PVD_PVM_IRQHandler
                0x700013d8                SPI2_IRQHandler
                0x700013d8                HPDMA1_Channel11_IRQHandler
                0x700013d8                EXTI14_IRQHandler
                0x700013d8                EXTI11_IRQHandler
                0x700013d8                CRS_IRQHandler
                0x700013d8                GPDMA1_Channel14_IRQHandler
                0x700013d8                EXTI4_IRQHandler
                0x700013d8                GPDMA1_Channel13_IRQHandler
                0x700013d8                RNG_IRQHandler
                0x700013d8                FDCAN2_IT1_IRQHandler
                0x700013d8                ETH_IRQHandler
                0x700013d8                TIM1_UP_IRQHandler
                0x700013d8                WWDG_IRQHandler
                0x700013d8                SPI6_IRQHandler
                0x700013d8                MDIOS_IRQHandler
                0x700013d8                FDCAN2_IT0_IRQHandler
                0x700013d8                IWDG_IRQHandler
                0x700013d8                HPDMA1_Channel14_IRQHandler
                0x700013d8                LPUART1_IRQHandler
                0x700013d8                FDCAN1_IT0_IRQHandler
                0x700013d8                TIM2_IRQHandler
                0x700013d8                PSSI_IRQHandler
                0x700013d8                MCE3_IRQHandler
                0x700013d8                GPDMA1_Channel4_IRQHandler
                0x700013d8                EXTI7_IRQHandler
                0x700013d8                DMA2D_IRQHandler
                0x700013d8                TIM1_BRK_IRQHandler
                0x700013d8                EXTI1_IRQHandler
                0x700013d8                SDMMC2_IRQHandler
                0x700013d8                UART7_IRQHandler
                0x700013d8                DTS_IRQHandler
                0x700013d8                USART2_IRQHandler
                0x700013d8                GPDMA1_Channel6_IRQHandler
                0x700013d8                ADF1_FLT0_IRQHandler
                0x700013d8                RAMECC_IRQHandler
                0x700013d8                I2C2_ER_IRQHandler
                0x700013d8                MCE1_IRQHandler
                0x700013d8                HPDMA1_Channel12_IRQHandler
                0x700013d8                FLASH_IRQHandler
                0x700013d8                USART1_IRQHandler
                0x700013d8                EXTI10_IRQHandler
                0x700013d8                OTG_FS_IRQHandler
                0x700013d8                SPI3_IRQHandler
                0x700013d8                WAKEUP_PIN_IRQHandler
                0x700013d8                DCMIPP_IRQHandler
                0x700013d8                I2C1_ER_IRQHandler
                0x700013d8                FMC_IRQHandler
                0x700013d8                EXTI6_IRQHandler
                0x700013d8                LPTIM1_IRQHandler
                0x700013d8                GPDMA1_Channel10_IRQHandler
                0x700013d8                HASH_IRQHandler
 .text.HAL_Init
                0x700013da       0x30 ./Drivers/STM32H7RSxx_HAL_Driver/stm32h7rsxx_hal.o
                0x700013da                HAL_Init
 *fill*         0x7000140a        0x2 
 .text.HAL_InitTick
                0x7000140c       0x78 ./Drivers/STM32H7RSxx_HAL_Driver/stm32h7rsxx_hal.o
                0x7000140c                HAL_InitTick
 .text.HAL_IncTick
                0x70001484       0x28 ./Drivers/STM32H7RSxx_HAL_Driver/stm32h7rsxx_hal.o
                0x70001484                HAL_IncTick
 .text.HAL_GetTick
                0x700014ac       0x18 ./Drivers/STM32H7RSxx_HAL_Driver/stm32h7rsxx_hal.o
                0x700014ac                HAL_GetTick
 .text.HAL_Delay
                0x700014c4       0x48 ./Drivers/STM32H7RSxx_HAL_Driver/stm32h7rsxx_hal.o
                0x700014c4                HAL_Delay
 .text.HAL_SuspendTick
                0x7000150c       0x20 ./Drivers/STM32H7RSxx_HAL_Driver/stm32h7rsxx_hal.o
                0x7000150c                HAL_SuspendTick
 .text.HAL_ResumeTick
                0x7000152c       0x20 ./Drivers/STM32H7RSxx_HAL_Driver/stm32h7rsxx_hal.o
                0x7000152c                HAL_ResumeTick
 .text.__NVIC_SetPriorityGrouping
                0x7000154c       0x48 ./Drivers/STM32H7RSxx_HAL_Driver/stm32h7rsxx_hal_cortex.o
 .text.__NVIC_GetPriorityGrouping
                0x70001594       0x1c ./Drivers/STM32H7RSxx_HAL_Driver/stm32h7rsxx_hal_cortex.o
 .text.__NVIC_EnableIRQ
                0x700015b0       0x3c ./Drivers/STM32H7RSxx_HAL_Driver/stm32h7rsxx_hal_cortex.o
 .text.__NVIC_SetPriority
                0x700015ec       0x54 ./Drivers/STM32H7RSxx_HAL_Driver/stm32h7rsxx_hal_cortex.o
 .text.NVIC_EncodePriority
                0x70001640       0x66 ./Drivers/STM32H7RSxx_HAL_Driver/stm32h7rsxx_hal_cortex.o
 *fill*         0x700016a6        0x2 
 .text.SysTick_Config
                0x700016a8       0x44 ./Drivers/STM32H7RSxx_HAL_Driver/stm32h7rsxx_hal_cortex.o
 .text.HAL_NVIC_SetPriorityGrouping
                0x700016ec       0x16 ./Drivers/STM32H7RSxx_HAL_Driver/stm32h7rsxx_hal_cortex.o
                0x700016ec                HAL_NVIC_SetPriorityGrouping
 .text.HAL_NVIC_SetPriority
                0x70001702       0x34 ./Drivers/STM32H7RSxx_HAL_Driver/stm32h7rsxx_hal_cortex.o
                0x70001702                HAL_NVIC_SetPriority
 .text.HAL_NVIC_EnableIRQ
                0x70001736       0x1c ./Drivers/STM32H7RSxx_HAL_Driver/stm32h7rsxx_hal_cortex.o
                0x70001736                HAL_NVIC_EnableIRQ
 .text.HAL_SYSTICK_Config
                0x70001752       0x18 ./Drivers/STM32H7RSxx_HAL_Driver/stm32h7rsxx_hal_cortex.o
                0x70001752                HAL_SYSTICK_Config
 *fill*         0x7000176a        0x2 
 .text.HAL_MPU_Enable
                0x7000176c       0x44 ./Drivers/STM32H7RSxx_HAL_Driver/stm32h7rsxx_hal_cortex.o
                0x7000176c                HAL_MPU_Enable
 .text.HAL_MPU_Disable
                0x700017b0       0x3c ./Drivers/STM32H7RSxx_HAL_Driver/stm32h7rsxx_hal_cortex.o
                0x700017b0                HAL_MPU_Disable
 .text.HAL_MPU_ConfigRegion
                0x700017ec       0x8c ./Drivers/STM32H7RSxx_HAL_Driver/stm32h7rsxx_hal_cortex.o
                0x700017ec                HAL_MPU_ConfigRegion
 .text.HAL_DCMIPP_Init
                0x70001878       0x5c ./Drivers/STM32H7RSxx_HAL_Driver/stm32h7rsxx_hal_dcmipp.o
                0x70001878                HAL_DCMIPP_Init
 .text.HAL_DCMIPP_PARALLEL_SetConfig
                0x700018d4       0xda ./Drivers/STM32H7RSxx_HAL_Driver/stm32h7rsxx_hal_dcmipp.o
                0x700018d4                HAL_DCMIPP_PARALLEL_SetConfig
 .text.HAL_DCMIPP_PIPE_SetConfig
                0x700019ae       0x72 ./Drivers/STM32H7RSxx_HAL_Driver/stm32h7rsxx_hal_dcmipp.o
                0x700019ae                HAL_DCMIPP_PIPE_SetConfig
 .text.HAL_DCMIPP_PIPE_Start
                0x70001a20       0x54 ./Drivers/STM32H7RSxx_HAL_Driver/stm32h7rsxx_hal_dcmipp.o
                0x70001a20                HAL_DCMIPP_PIPE_Start
 .text.Pipe_Config
                0x70001a74       0x38 ./Drivers/STM32H7RSxx_HAL_Driver/stm32h7rsxx_hal_dcmipp.o
 .text.DCMIPP_SetConfig
                0x70001aac       0x60 ./Drivers/STM32H7RSxx_HAL_Driver/stm32h7rsxx_hal_dcmipp.o
 .text.DCMIPP_EnableCapture
                0x70001b0c       0x44 ./Drivers/STM32H7RSxx_HAL_Driver/stm32h7rsxx_hal_dcmipp.o
 .text.HAL_GPIO_Init
                0x70001b50      0x2c0 ./Drivers/STM32H7RSxx_HAL_Driver/stm32h7rsxx_hal_gpio.o
                0x70001b50                HAL_GPIO_Init
 .text.HAL_PCD_Init
                0x70001e10      0x230 ./Drivers/STM32H7RSxx_HAL_Driver/stm32h7rsxx_hal_pcd.o
                0x70001e10                HAL_PCD_Init
 .text.HAL_PCD_Start
                0x70002040       0x6a ./Drivers/STM32H7RSxx_HAL_Driver/stm32h7rsxx_hal_pcd.o
                0x70002040                HAL_PCD_Start
 .text.HAL_PCD_IRQHandler
                0x700020aa      0x99c ./Drivers/STM32H7RSxx_HAL_Driver/stm32h7rsxx_hal_pcd.o
                0x700020aa                HAL_PCD_IRQHandler
 .text.HAL_PCD_SetAddress
                0x70002a46       0x48 ./Drivers/STM32H7RSxx_HAL_Driver/stm32h7rsxx_hal_pcd.o
                0x70002a46                HAL_PCD_SetAddress
 .text.HAL_PCD_EP_Open
                0x70002a8e       0xd4 ./Drivers/STM32H7RSxx_HAL_Driver/stm32h7rsxx_hal_pcd.o
                0x70002a8e                HAL_PCD_EP_Open
 .text.HAL_PCD_EP_Close
                0x70002b62       0x94 ./Drivers/STM32H7RSxx_HAL_Driver/stm32h7rsxx_hal_pcd.o
                0x70002b62                HAL_PCD_EP_Close
 .text.HAL_PCD_EP_Receive
                0x70002bf6       0x76 ./Drivers/STM32H7RSxx_HAL_Driver/stm32h7rsxx_hal_pcd.o
                0x70002bf6                HAL_PCD_EP_Receive
 .text.HAL_PCD_EP_Transmit
                0x70002c6c       0x74 ./Drivers/STM32H7RSxx_HAL_Driver/stm32h7rsxx_hal_pcd.o
                0x70002c6c                HAL_PCD_EP_Transmit
 .text.HAL_PCD_EP_SetStall
                0x70002ce0       0xc6 ./Drivers/STM32H7RSxx_HAL_Driver/stm32h7rsxx_hal_pcd.o
                0x70002ce0                HAL_PCD_EP_SetStall
 .text.HAL_PCD_EP_ClrStall
                0x70002da6       0xac ./Drivers/STM32H7RSxx_HAL_Driver/stm32h7rsxx_hal_pcd.o
                0x70002da6                HAL_PCD_EP_ClrStall
 .text.HAL_PCD_EP_Abort
                0x70002e52       0x62 ./Drivers/STM32H7RSxx_HAL_Driver/stm32h7rsxx_hal_pcd.o
                0x70002e52                HAL_PCD_EP_Abort
 .text.PCD_WriteEmptyTxFifo
                0x70002eb4      0x118 ./Drivers/STM32H7RSxx_HAL_Driver/stm32h7rsxx_hal_pcd.o
 .text.PCD_EP_OutXfrComplete_int
                0x70002fcc      0x1d0 ./Drivers/STM32H7RSxx_HAL_Driver/stm32h7rsxx_hal_pcd.o
 .text.PCD_EP_OutSetupPacket_int
                0x7000319c       0x8c ./Drivers/STM32H7RSxx_HAL_Driver/stm32h7rsxx_hal_pcd.o
 .text.HAL_PCDEx_SetTxFiFo
                0x70003228       0x8e ./Drivers/STM32H7RSxx_HAL_Driver/stm32h7rsxx_hal_pcd_ex.o
                0x70003228                HAL_PCDEx_SetTxFiFo
 .text.HAL_PCDEx_SetRxFiFo
                0x700032b6       0x22 ./Drivers/STM32H7RSxx_HAL_Driver/stm32h7rsxx_hal_pcd_ex.o
                0x700032b6                HAL_PCDEx_SetRxFiFo
 .text.HAL_PCDEx_ActivateLPM
                0x700032d8       0x48 ./Drivers/STM32H7RSxx_HAL_Driver/stm32h7rsxx_hal_pcd_ex.o
                0x700032d8                HAL_PCDEx_ActivateLPM
 .text.HAL_PCDEx_LPM_Callback
                0x70003320       0x18 ./Drivers/STM32H7RSxx_HAL_Driver/stm32h7rsxx_hal_pcd_ex.o
                0x70003320                HAL_PCDEx_LPM_Callback
 .text.HAL_PWR_ConfigPVD
                0x70003338       0xf4 ./Drivers/STM32H7RSxx_HAL_Driver/stm32h7rsxx_hal_pwr.o
                0x70003338                HAL_PWR_ConfigPVD
 .text.HAL_PWR_EnablePVD
                0x7000342c       0x20 ./Drivers/STM32H7RSxx_HAL_Driver/stm32h7rsxx_hal_pwr.o
                0x7000342c                HAL_PWR_EnablePVD
 .text.HAL_PWREx_EnableUSBReg
                0x7000344c       0x20 ./Drivers/STM32H7RSxx_HAL_Driver/stm32h7rsxx_hal_pwr_ex.o
                0x7000344c                HAL_PWREx_EnableUSBReg
 .text.HAL_PWREx_EnableUSBVoltageDetector
                0x7000346c       0x48 ./Drivers/STM32H7RSxx_HAL_Driver/stm32h7rsxx_hal_pwr_ex.o
                0x7000346c                HAL_PWREx_EnableUSBVoltageDetector
 .text.HAL_RCC_OscConfig
                0x700034b4      0x674 ./Drivers/STM32H7RSxx_HAL_Driver/stm32h7rsxx_hal_rcc.o
                0x700034b4                HAL_RCC_OscConfig
 .text.HAL_RCC_ClockConfig
                0x70003b28      0x330 ./Drivers/STM32H7RSxx_HAL_Driver/stm32h7rsxx_hal_rcc.o
                0x70003b28                HAL_RCC_ClockConfig
 .text.HAL_RCC_GetSysClockFreq
                0x70003e58      0x2cc ./Drivers/STM32H7RSxx_HAL_Driver/stm32h7rsxx_hal_rcc.o
                0x70003e58                HAL_RCC_GetSysClockFreq
 .text.HAL_RCC_GetHCLKFreq
                0x70004124       0x50 ./Drivers/STM32H7RSxx_HAL_Driver/stm32h7rsxx_hal_rcc.o
                0x70004124                HAL_RCC_GetHCLKFreq
 .text.RCC_PLL_Config
                0x70004174      0x2ac ./Drivers/STM32H7RSxx_HAL_Driver/stm32h7rsxx_hal_rcc.o
 .text.HAL_RCCEx_PeriphCLKConfig
                0x70004420      0xe08 ./Drivers/STM32H7RSxx_HAL_Driver/stm32h7rsxx_hal_rcc_ex.o
                0x70004420                HAL_RCCEx_PeriphCLKConfig
 .text.USB_CoreInit
                0x70005228       0xa4 ./Drivers/STM32H7RSxx_HAL_Driver/stm32h7rsxx_ll_usb.o
                0x70005228                USB_CoreInit
 .text.USB_SetTurnaroundTime
                0x700052cc      0x144 ./Drivers/STM32H7RSxx_HAL_Driver/stm32h7rsxx_ll_usb.o
                0x700052cc                USB_SetTurnaroundTime
 .text.USB_EnableGlobalInt
                0x70005410       0x22 ./Drivers/STM32H7RSxx_HAL_Driver/stm32h7rsxx_ll_usb.o
                0x70005410                USB_EnableGlobalInt
 .text.USB_DisableGlobalInt
                0x70005432       0x22 ./Drivers/STM32H7RSxx_HAL_Driver/stm32h7rsxx_ll_usb.o
                0x70005432                USB_DisableGlobalInt
 .text.USB_SetCurrentMode
                0x70005454       0x98 ./Drivers/STM32H7RSxx_HAL_Driver/stm32h7rsxx_ll_usb.o
                0x70005454                USB_SetCurrentMode
 .text.USB_DevInit
                0x700054ec      0x33c ./Drivers/STM32H7RSxx_HAL_Driver/stm32h7rsxx_ll_usb.o
                0x700054ec                USB_DevInit
 .text.USB_FlushTxFifo
                0x70005828       0x64 ./Drivers/STM32H7RSxx_HAL_Driver/stm32h7rsxx_ll_usb.o
                0x70005828                USB_FlushTxFifo
 .text.USB_FlushRxFifo
                0x7000588c       0x5c ./Drivers/STM32H7RSxx_HAL_Driver/stm32h7rsxx_ll_usb.o
                0x7000588c                USB_FlushRxFifo
 .text.USB_SetDevSpeed
                0x700058e8       0x32 ./Drivers/STM32H7RSxx_HAL_Driver/stm32h7rsxx_ll_usb.o
                0x700058e8                USB_SetDevSpeed
 .text.USB_GetDevSpeed
                0x7000591a       0x4a ./Drivers/STM32H7RSxx_HAL_Driver/stm32h7rsxx_ll_usb.o
                0x7000591a                USB_GetDevSpeed
 .text.USB_ActivateEndpoint
                0x70005964      0x110 ./Drivers/STM32H7RSxx_HAL_Driver/stm32h7rsxx_ll_usb.o
                0x70005964                USB_ActivateEndpoint
 .text.USB_DeactivateEndpoint
                0x70005a74      0x1b8 ./Drivers/STM32H7RSxx_HAL_Driver/stm32h7rsxx_ll_usb.o
                0x70005a74                USB_DeactivateEndpoint
 .text.USB_EPStartXfer
                0x70005c2c      0x548 ./Drivers/STM32H7RSxx_HAL_Driver/stm32h7rsxx_ll_usb.o
                0x70005c2c                USB_EPStartXfer
 .text.USB_EPStopXfer
                0x70006174      0x154 ./Drivers/STM32H7RSxx_HAL_Driver/stm32h7rsxx_ll_usb.o
                0x70006174                USB_EPStopXfer
 .text.USB_WritePacket
                0x700062c8       0x7c ./Drivers/STM32H7RSxx_HAL_Driver/stm32h7rsxx_ll_usb.o
                0x700062c8                USB_WritePacket
 .text.USB_ReadPacket
                0x70006344       0xb0 ./Drivers/STM32H7RSxx_HAL_Driver/stm32h7rsxx_ll_usb.o
                0x70006344                USB_ReadPacket
 .text.USB_EPSetStall
                0x700063f4       0xdc ./Drivers/STM32H7RSxx_HAL_Driver/stm32h7rsxx_ll_usb.o
                0x700063f4                USB_EPSetStall
 .text.USB_EPClearStall
                0x700064d0       0xcc ./Drivers/STM32H7RSxx_HAL_Driver/stm32h7rsxx_ll_usb.o
                0x700064d0                USB_EPClearStall
 .text.USB_SetDevAddress
                0x7000659c       0x4c ./Drivers/STM32H7RSxx_HAL_Driver/stm32h7rsxx_ll_usb.o
                0x7000659c                USB_SetDevAddress
 .text.USB_DevConnect
                0x700065e8       0x42 ./Drivers/STM32H7RSxx_HAL_Driver/stm32h7rsxx_ll_usb.o
                0x700065e8                USB_DevConnect
 .text.USB_DevDisconnect
                0x7000662a       0x42 ./Drivers/STM32H7RSxx_HAL_Driver/stm32h7rsxx_ll_usb.o
                0x7000662a                USB_DevDisconnect
 .text.USB_ReadInterrupts
                0x7000666c       0x26 ./Drivers/STM32H7RSxx_HAL_Driver/stm32h7rsxx_ll_usb.o
                0x7000666c                USB_ReadInterrupts
 .text.USB_ReadDevAllOutEpInterrupt
                0x70006692       0x34 ./Drivers/STM32H7RSxx_HAL_Driver/stm32h7rsxx_ll_usb.o
                0x70006692                USB_ReadDevAllOutEpInterrupt
 .text.USB_ReadDevAllInEpInterrupt
                0x700066c6       0x34 ./Drivers/STM32H7RSxx_HAL_Driver/stm32h7rsxx_ll_usb.o
                0x700066c6                USB_ReadDevAllInEpInterrupt
 .text.USB_ReadDevOutEPInterrupt
                0x700066fa       0x3c ./Drivers/STM32H7RSxx_HAL_Driver/stm32h7rsxx_ll_usb.o
                0x700066fa                USB_ReadDevOutEPInterrupt
 .text.USB_ReadDevInEPInterrupt
                0x70006736       0x5c ./Drivers/STM32H7RSxx_HAL_Driver/stm32h7rsxx_ll_usb.o
                0x70006736                USB_ReadDevInEPInterrupt
 .text.USB_GetMode
                0x70006792       0x1c ./Drivers/STM32H7RSxx_HAL_Driver/stm32h7rsxx_ll_usb.o
                0x70006792                USB_GetMode
 *fill*         0x700067ae        0x2 
 .text.USB_ActivateSetup
                0x700067b0       0x48 ./Drivers/STM32H7RSxx_HAL_Driver/stm32h7rsxx_ll_usb.o
                0x700067b0                USB_ActivateSetup
 .text.USB_EP0_OutStart
                0x700067f8       0xbc ./Drivers/STM32H7RSxx_HAL_Driver/stm32h7rsxx_ll_usb.o
                0x700067f8                USB_EP0_OutStart
 .text.USB_CoreReset
                0x700068b4       0x62 ./Drivers/STM32H7RSxx_HAL_Driver/stm32h7rsxx_ll_usb.o
 .text.USBD_Init
                0x70006916       0x60 ./Middlewares/ST/STM32_USB_Device_Library/usbd_core.o
                0x70006916                USBD_Init
 .text.USBD_RegisterClass
                0x70006976       0x6c ./Middlewares/ST/STM32_USB_Device_Library/usbd_core.o
                0x70006976                USBD_RegisterClass
 .text.USBD_Start
                0x700069e2       0x18 ./Middlewares/ST/STM32_USB_Device_Library/usbd_core.o
                0x700069e2                USBD_Start
 .text.USBD_RunTestMode
                0x700069fa       0x16 ./Middlewares/ST/STM32_USB_Device_Library/usbd_core.o
                0x700069fa                USBD_RunTestMode
 .text.USBD_SetClassConfig
                0x70006a10       0x38 ./Middlewares/ST/STM32_USB_Device_Library/usbd_core.o
                0x70006a10                USBD_SetClassConfig
 .text.USBD_ClrClassConfig
                0x70006a48       0x34 ./Middlewares/ST/STM32_USB_Device_Library/usbd_core.o
                0x70006a48                USBD_ClrClassConfig
 .text.USBD_LL_SetupStage
                0x70006a7c       0xaa ./Middlewares/ST/STM32_USB_Device_Library/usbd_core.o
                0x70006a7c                USBD_LL_SetupStage
 .text.USBD_LL_DataOutStage
                0x70006b26      0x166 ./Middlewares/ST/STM32_USB_Device_Library/usbd_core.o
                0x70006b26                USBD_LL_DataOutStage
 .text.USBD_LL_DataInStage
                0x70006c8c      0x164 ./Middlewares/ST/STM32_USB_Device_Library/usbd_core.o
                0x70006c8c                USBD_LL_DataInStage
 .text.USBD_LL_Reset
                0x70006df0       0xa4 ./Middlewares/ST/STM32_USB_Device_Library/usbd_core.o
                0x70006df0                USBD_LL_Reset
 .text.USBD_LL_SetSpeed
                0x70006e94       0x20 ./Middlewares/ST/STM32_USB_Device_Library/usbd_core.o
                0x70006e94                USBD_LL_SetSpeed
 .text.USBD_LL_Suspend
                0x70006eb4       0x38 ./Middlewares/ST/STM32_USB_Device_Library/usbd_core.o
                0x70006eb4                USBD_LL_Suspend
 .text.USBD_LL_Resume
                0x70006eec       0x30 ./Middlewares/ST/STM32_USB_Device_Library/usbd_core.o
                0x70006eec                USBD_LL_Resume
 .text.USBD_LL_SOF
                0x70006f1c       0x40 ./Middlewares/ST/STM32_USB_Device_Library/usbd_core.o
                0x70006f1c                USBD_LL_SOF
 .text.USBD_LL_IsoINIncomplete
                0x70006f5c       0x64 ./Middlewares/ST/STM32_USB_Device_Library/usbd_core.o
                0x70006f5c                USBD_LL_IsoINIncomplete
 .text.USBD_LL_IsoOUTIncomplete
                0x70006fc0       0x64 ./Middlewares/ST/STM32_USB_Device_Library/usbd_core.o
                0x70006fc0                USBD_LL_IsoOUTIncomplete
 .text.USBD_LL_DevConnected
                0x70007024       0x16 ./Middlewares/ST/STM32_USB_Device_Library/usbd_core.o
                0x70007024                USBD_LL_DevConnected
 .text.USBD_LL_DevDisconnected
                0x7000703a       0x46 ./Middlewares/ST/STM32_USB_Device_Library/usbd_core.o
                0x7000703a                USBD_LL_DevDisconnected
 .text.USBD_CoreFindIF
                0x70007080       0x1a ./Middlewares/ST/STM32_USB_Device_Library/usbd_core.o
                0x70007080                USBD_CoreFindIF
 .text.USBD_CoreFindEP
                0x7000709a       0x1a ./Middlewares/ST/STM32_USB_Device_Library/usbd_core.o
                0x7000709a                USBD_CoreFindEP
 .text.SWAPBYTE
                0x700070b4       0x3e ./Middlewares/ST/STM32_USB_Device_Library/usbd_ctlreq.o
 *fill*         0x700070f2        0x2 
 .text.USBD_StdDevReq
                0x700070f4       0xe4 ./Middlewares/ST/STM32_USB_Device_Library/usbd_ctlreq.o
                0x700070f4                USBD_StdDevReq
 .text.USBD_StdItfReq
                0x700071d8       0xd8 ./Middlewares/ST/STM32_USB_Device_Library/usbd_ctlreq.o
                0x700071d8                USBD_StdItfReq
 .text.USBD_StdEPReq
                0x700072b0      0x33a ./Middlewares/ST/STM32_USB_Device_Library/usbd_ctlreq.o
                0x700072b0                USBD_StdEPReq
 *fill*         0x700075ea        0x2 
 .text.USBD_GetDescriptor
                0x700075ec      0x328 ./Middlewares/ST/STM32_USB_Device_Library/usbd_ctlreq.o
 .text.USBD_SetAddress
                0x70007914       0x88 ./Middlewares/ST/STM32_USB_Device_Library/usbd_ctlreq.o
 .text.USBD_SetConfig
                0x7000799c      0x154 ./Middlewares/ST/STM32_USB_Device_Library/usbd_ctlreq.o
 .text.USBD_GetConfig
                0x70007af0       0x6c ./Middlewares/ST/STM32_USB_Device_Library/usbd_ctlreq.o
 .text.USBD_GetStatus
                0x70007b5c       0x68 ./Middlewares/ST/STM32_USB_Device_Library/usbd_ctlreq.o
 .text.USBD_SetFeature
                0x70007bc4       0x52 ./Middlewares/ST/STM32_USB_Device_Library/usbd_ctlreq.o
 .text.USBD_ClrFeature
                0x70007c16       0x44 ./Middlewares/ST/STM32_USB_Device_Library/usbd_ctlreq.o
 .text.USBD_ParseSetupRequest
                0x70007c5a       0x74 ./Middlewares/ST/STM32_USB_Device_Library/usbd_ctlreq.o
                0x70007c5a                USBD_ParseSetupRequest
 .text.USBD_CtlError
                0x70007cce       0x22 ./Middlewares/ST/STM32_USB_Device_Library/usbd_ctlreq.o
                0x70007cce                USBD_CtlError
 .text.USBD_GetString
                0x70007cf0       0xa4 ./Middlewares/ST/STM32_USB_Device_Library/usbd_ctlreq.o
                0x70007cf0                USBD_GetString
 .text.USBD_GetLen
                0x70007d94       0x34 ./Middlewares/ST/STM32_USB_Device_Library/usbd_ctlreq.o
 .text.USBD_CtlSendData
                0x70007dc8       0x36 ./Middlewares/ST/STM32_USB_Device_Library/usbd_ioreq.o
                0x70007dc8                USBD_CtlSendData
 .text.USBD_CtlContinueSendData
                0x70007dfe       0x22 ./Middlewares/ST/STM32_USB_Device_Library/usbd_ioreq.o
                0x70007dfe                USBD_CtlContinueSendData
 .text.USBD_CtlPrepareRx
                0x70007e20       0x3a ./Middlewares/ST/STM32_USB_Device_Library/usbd_ioreq.o
                0x70007e20                USBD_CtlPrepareRx
 .text.USBD_CtlContinueRx
                0x70007e5a       0x22 ./Middlewares/ST/STM32_USB_Device_Library/usbd_ioreq.o
                0x70007e5a                USBD_CtlContinueRx
 .text.USBD_CtlSendStatus
                0x70007e7c       0x26 ./Middlewares/ST/STM32_USB_Device_Library/usbd_ioreq.o
                0x70007e7c                USBD_CtlSendStatus
 .text.USBD_CtlReceiveStatus
                0x70007ea2       0x26 ./Middlewares/ST/STM32_USB_Device_Library/usbd_ioreq.o
                0x70007ea2                USBD_CtlReceiveStatus
 .text.USBD_CUSTOMHID_DeviceDescriptor
                0x70007ec8       0x24 ./USB_DEVICE/App/usbd_desc.o
                0x70007ec8                USBD_CUSTOMHID_DeviceDescriptor
 .text.USBD_CUSTOMHID_LangIDStrDescriptor
                0x70007eec       0x24 ./USB_DEVICE/App/usbd_desc.o
                0x70007eec                USBD_CUSTOMHID_LangIDStrDescriptor
 .text.USBD_CUSTOMHID_ProductStrDescriptor
                0x70007f10       0x28 ./USB_DEVICE/App/usbd_desc.o
                0x70007f10                USBD_CUSTOMHID_ProductStrDescriptor
 .text.USBD_CUSTOMHID_ManufacturerStrDescriptor
                0x70007f38       0x28 ./USB_DEVICE/App/usbd_desc.o
                0x70007f38                USBD_CUSTOMHID_ManufacturerStrDescriptor
 .text.USBD_CUSTOMHID_SerialStrDescriptor
                0x70007f60       0x24 ./USB_DEVICE/App/usbd_desc.o
                0x70007f60                USBD_CUSTOMHID_SerialStrDescriptor
 .text.USBD_CUSTOMHID_ConfigStrDescriptor
                0x70007f84       0x28 ./USB_DEVICE/App/usbd_desc.o
                0x70007f84                USBD_CUSTOMHID_ConfigStrDescriptor
 .text.USBD_CUSTOMHID_InterfaceStrDescriptor
                0x70007fac       0x28 ./USB_DEVICE/App/usbd_desc.o
                0x70007fac                USBD_CUSTOMHID_InterfaceStrDescriptor
 .text.Get_SerialNum
                0x70007fd4       0x58 ./USB_DEVICE/App/usbd_desc.o
 .text.IntToUnicode
                0x7000802c       0x7e ./USB_DEVICE/App/usbd_desc.o
 *fill*         0x700080aa        0x2 
 .text.HAL_PCD_MspInit
                0x700080ac       0xf0 ./USB_DEVICE/Target/usbd_conf.o
                0x700080ac                HAL_PCD_MspInit
 .text.HAL_PCD_SetupStageCallback
                0x7000819c       0x24 ./USB_DEVICE/Target/usbd_conf.o
                0x7000819c                HAL_PCD_SetupStageCallback
 .text.HAL_PCD_DataOutStageCallback
                0x700081c0       0x36 ./USB_DEVICE/Target/usbd_conf.o
                0x700081c0                HAL_PCD_DataOutStageCallback
 .text.HAL_PCD_DataInStageCallback
                0x700081f6       0x34 ./USB_DEVICE/Target/usbd_conf.o
                0x700081f6                HAL_PCD_DataInStageCallback
 .text.HAL_PCD_SOFCallback
                0x7000822a       0x1c ./USB_DEVICE/Target/usbd_conf.o
                0x7000822a                HAL_PCD_SOFCallback
 .text.HAL_PCD_ResetCallback
                0x70008246       0x50 ./USB_DEVICE/Target/usbd_conf.o
                0x70008246                HAL_PCD_ResetCallback
 *fill*         0x70008296        0x2 
 .text.HAL_PCD_SuspendCallback
                0x70008298       0x38 ./USB_DEVICE/Target/usbd_conf.o
                0x70008298                HAL_PCD_SuspendCallback
 .text.HAL_PCD_ResumeCallback
                0x700082d0       0x50 ./USB_DEVICE/Target/usbd_conf.o
                0x700082d0                HAL_PCD_ResumeCallback
 .text.HAL_PCD_ISOOUTIncompleteCallback
                0x70008320       0x24 ./USB_DEVICE/Target/usbd_conf.o
                0x70008320                HAL_PCD_ISOOUTIncompleteCallback
 .text.HAL_PCD_ISOINIncompleteCallback
                0x70008344       0x24 ./USB_DEVICE/Target/usbd_conf.o
                0x70008344                HAL_PCD_ISOINIncompleteCallback
 .text.HAL_PCD_ConnectCallback
                0x70008368       0x1c ./USB_DEVICE/Target/usbd_conf.o
                0x70008368                HAL_PCD_ConnectCallback
 .text.HAL_PCD_DisconnectCallback
                0x70008384       0x1c ./USB_DEVICE/Target/usbd_conf.o
                0x70008384                HAL_PCD_DisconnectCallback
 .text.USBD_LL_Init
                0x700083a0       0x9c ./USB_DEVICE/Target/usbd_conf.o
                0x700083a0                USBD_LL_Init
 .text.USBD_LL_Start
                0x7000843c       0x36 ./USB_DEVICE/Target/usbd_conf.o
                0x7000843c                USBD_LL_Start
 .text.USBD_LL_OpenEP
                0x70008472       0x4c ./USB_DEVICE/Target/usbd_conf.o
                0x70008472                USBD_LL_OpenEP
 .text.USBD_LL_CloseEP
                0x700084be       0x3e ./USB_DEVICE/Target/usbd_conf.o
                0x700084be                USBD_LL_CloseEP
 .text.USBD_LL_StallEP
                0x700084fc       0x3e ./USB_DEVICE/Target/usbd_conf.o
                0x700084fc                USBD_LL_StallEP
 .text.USBD_LL_ClearStallEP
                0x7000853a       0x3e ./USB_DEVICE/Target/usbd_conf.o
                0x7000853a                USBD_LL_ClearStallEP
 .text.USBD_LL_IsStallEP
                0x70008578       0x58 ./USB_DEVICE/Target/usbd_conf.o
                0x70008578                USBD_LL_IsStallEP
 .text.USBD_LL_SetUSBAddress
                0x700085d0       0x3e ./USB_DEVICE/Target/usbd_conf.o
                0x700085d0                USBD_LL_SetUSBAddress
 .text.USBD_LL_Transmit
                0x7000860e       0x42 ./USB_DEVICE/Target/usbd_conf.o
                0x7000860e                USBD_LL_Transmit
 .text.USBD_LL_PrepareReceive
                0x70008650       0x42 ./USB_DEVICE/Target/usbd_conf.o
                0x70008650                USBD_LL_PrepareReceive
 *fill*         0x70008692        0x2 
 .text.USBD_static_malloc
                0x70008694       0x1c ./USB_DEVICE/Target/usbd_conf.o
                0x70008694                USBD_static_malloc
 .text.USBD_static_free
                0x700086b0       0x14 ./USB_DEVICE/Target/usbd_conf.o
                0x700086b0                USBD_static_free
 .text.USBD_Get_USB_Status
                0x700086c4       0x58 ./USB_DEVICE/Target/usbd_conf.o
                0x700086c4                USBD_Get_USB_Status
 .text.memset   0x7000871c       0x10 C:/ST/STM32CubeIDE_1.19.0/STM32CubeIDE/plugins/com.st.stm32cube.ide.mcu.externaltools.gnu-tools-for-stm32.13.3.rel1.win32_1.0.0.202411081344/tools/bin/../lib/gcc/arm-none-eabi/13.3.1/../../../../arm-none-eabi/lib/thumb/v7e-m+dp/hard\libc_nano.a(libc_a-memset.o)
                0x7000871c                memset
 .text.__libc_init_array
                0x7000872c       0x48 C:/ST/STM32CubeIDE_1.19.0/STM32CubeIDE/plugins/com.st.stm32cube.ide.mcu.externaltools.gnu-tools-for-stm32.13.3.rel1.win32_1.0.0.202411081344/tools/bin/../lib/gcc/arm-none-eabi/13.3.1/../../../../arm-none-eabi/lib/thumb/v7e-m+dp/hard\libc_nano.a(libc_a-init.o)
                0x7000872c                __libc_init_array
 .text.memcpy   0x70008774       0x1c C:/ST/STM32CubeIDE_1.19.0/STM32CubeIDE/plugins/com.st.stm32cube.ide.mcu.externaltools.gnu-tools-for-stm32.13.3.rel1.win32_1.0.0.202411081344/tools/bin/../lib/gcc/arm-none-eabi/13.3.1/../../../../arm-none-eabi/lib/thumb/v7e-m+dp/hard\libc_nano.a(libc_a-memcpy-stub.o)
                0x70008774                memcpy
 *(.glue_7)
 .glue_7        0x70008790        0x0 linker stubs
 *(.glue_7t)
 .glue_7t       0x70008790        0x0 linker stubs
 *(.eh_frame)
 .eh_frame      0x70008790        0x0 C:/ST/STM32CubeIDE_1.19.0/STM32CubeIDE/plugins/com.st.stm32cube.ide.mcu.externaltools.gnu-tools-for-stm32.13.3.rel1.win32_1.0.0.202411081344/tools/bin/../lib/gcc/arm-none-eabi/13.3.1/thumb/v7e-m+dp/hard/crtbegin.o
 *(.init)
 .init          0x70008790        0x4 C:/ST/STM32CubeIDE_1.19.0/STM32CubeIDE/plugins/com.st.stm32cube.ide.mcu.externaltools.gnu-tools-for-stm32.13.3.rel1.win32_1.0.0.202411081344/tools/bin/../lib/gcc/arm-none-eabi/13.3.1/thumb/v7e-m+dp/hard/crti.o
                0x70008790                _init
 .init          0x70008794        0x8 C:/ST/STM32CubeIDE_1.19.0/STM32CubeIDE/plugins/com.st.stm32cube.ide.mcu.externaltools.gnu-tools-for-stm32.13.3.rel1.win32_1.0.0.202411081344/tools/bin/../lib/gcc/arm-none-eabi/13.3.1/thumb/v7e-m+dp/hard/crtn.o
 *(.fini)
 .fini          0x7000879c        0x4 C:/ST/STM32CubeIDE_1.19.0/STM32CubeIDE/plugins/com.st.stm32cube.ide.mcu.externaltools.gnu-tools-for-stm32.13.3.rel1.win32_1.0.0.202411081344/tools/bin/../lib/gcc/arm-none-eabi/13.3.1/thumb/v7e-m+dp/hard/crti.o
                0x7000879c                _fini
 .fini          0x700087a0        0x8 C:/ST/STM32CubeIDE_1.19.0/STM32CubeIDE/plugins/com.st.stm32cube.ide.mcu.externaltools.gnu-tools-for-stm32.13.3.rel1.win32_1.0.0.202411081344/tools/bin/../lib/gcc/arm-none-eabi/13.3.1/thumb/v7e-m+dp/hard/crtn.o
                0x700087a8                        . = ALIGN (0x4)
                0x700087a8                        _etext = .

.vfp11_veneer   0x700087a8        0x0
 .vfp11_veneer  0x700087a8        0x0 linker stubs

.v4_bx          0x700087a8        0x0
 .v4_bx         0x700087a8        0x0 linker stubs

.iplt           0x700087a8        0x0
 .iplt          0x700087a8        0x0 C:/ST/STM32CubeIDE_1.19.0/STM32CubeIDE/plugins/com.st.stm32cube.ide.mcu.externaltools.gnu-tools-for-stm32.13.3.rel1.win32_1.0.0.202411081344/tools/bin/../lib/gcc/arm-none-eabi/13.3.1/thumb/v7e-m+dp/hard/crtbegin.o

.rodata         0x700087a8       0x68
                0x700087a8                        . = ALIGN (0x4)
 *(.rodata)
 .rodata        0x700087a8        0x8 ./Drivers/STM32H7RSxx_HAL_Driver/stm32h7rsxx_hal_rcc.o
 .rodata        0x700087b0       0x5d ./USB_DEVICE/App/usbd_desc.o
 *(.rodata*)
                0x70008810                        . = ALIGN (0x4)
 *fill*         0x7000880d        0x3 

.ARM.extab      0x70008810        0x0
                0x70008810                        . = ALIGN (0x4)
 *(.ARM.extab* .gnu.linkonce.armextab.*)
                0x70008810                        . = ALIGN (0x4)

.ARM            0x70008810        0x0
                0x70008810                        . = ALIGN (0x4)
                0x70008810                        __exidx_start = .
 *(.ARM.exidx*)
                0x70008810                        __exidx_end = .
                0x70008810                        . = ALIGN (0x4)

.preinit_array  0x70008810        0x0
                0x70008810                        . = ALIGN (0x4)
                0x70008810                        PROVIDE (__preinit_array_start = .)
 *(.preinit_array*)
                0x70008810                        PROVIDE (__preinit_array_end = .)
                0x70008810                        . = ALIGN (0x4)

.init_array     0x70008810        0x4
                0x70008810                        . = ALIGN (0x4)
                0x70008810                        PROVIDE (__init_array_start = .)
 *(SORT_BY_NAME(.init_array.*))
 *(.init_array*)
 .init_array    0x70008810        0x4 C:/ST/STM32CubeIDE_1.19.0/STM32CubeIDE/plugins/com.st.stm32cube.ide.mcu.externaltools.gnu-tools-for-stm32.13.3.rel1.win32_1.0.0.202411081344/tools/bin/../lib/gcc/arm-none-eabi/13.3.1/thumb/v7e-m+dp/hard/crtbegin.o
                0x70008814                        PROVIDE (__init_array_end = .)
                0x70008814                        . = ALIGN (0x4)

.fini_array     0x70008814        0x4
                0x70008814                        . = ALIGN (0x4)
                [!provide]                        PROVIDE (__fini_array_start = .)
 *(SORT_BY_NAME(.fini_array.*))
 *(.fini_array*)
 .fini_array    0x70008814        0x4 C:/ST/STM32CubeIDE_1.19.0/STM32CubeIDE/plugins/com.st.stm32cube.ide.mcu.externaltools.gnu-tools-for-stm32.13.3.rel1.win32_1.0.0.202411081344/tools/bin/../lib/gcc/arm-none-eabi/13.3.1/thumb/v7e-m+dp/hard/crtbegin.o
                [!provide]                        PROVIDE (__fini_array_end = .)
                0x70008818                        . = ALIGN (0x4)
                0x70008818                        _sidata = LOADADDR (.data)

.rel.dyn        0x70008818        0x0
 .rel.iplt      0x70008818        0x0 C:/ST/STM32CubeIDE_1.19.0/STM32CubeIDE/plugins/com.st.stm32cube.ide.mcu.externaltools.gnu-tools-for-stm32.13.3.rel1.win32_1.0.0.202411081344/tools/bin/../lib/gcc/arm-none-eabi/13.3.1/thumb/v7e-m+dp/hard/crtbegin.o

.data           0x24000000      0x188 load address 0x70008818
                0x24000000                        . = ALIGN (0x4)
                0x24000000                        _sdata = .
 *(.data)
 *(.data*)
 .data.activeBuffer
                0x24000000        0x4 ./Core/Src/main.o
                0x24000000                activeBuffer
 .data.SystemCoreClock
                0x24000004        0x4 ./Core/Src/system_stm32h7rsxx.o
                0x24000004                SystemCoreClock
 .data.USBD_VIDEO
                0x24000008       0x38 ./Core/Src/usbd_video.o
                0x24000008                USBD_VIDEO
 .data.videoProbeControl
                0x24000040       0x22 ./Core/Src/usbd_video.o
 *fill*         0x24000062        0x2 
 .data.USBD_VIDEO_CfgDesc
                0x24000064       0xa9 ./Core/Src/usbd_video.o
 *fill*         0x2400010d        0x3 
 .data.USBD_VIDEO_DeviceQualifierDesc
                0x24000110        0xa ./Core/Src/usbd_video.o
 *fill*         0x2400011a        0x2 
 .data.USBD_VIDEO_fops_FS
                0x2400011c       0x10 ./Core/Src/usbd_video_if.o
                0x2400011c                USBD_VIDEO_fops_FS
 .data.uwTickPrio
                0x2400012c        0x4 ./Drivers/STM32H7RSxx_HAL_Driver/stm32h7rsxx_hal.o
                0x2400012c                uwTickPrio
 .data.uwTickFreq
                0x24000130        0x1 ./Drivers/STM32H7RSxx_HAL_Driver/stm32h7rsxx_hal.o
                0x24000130                uwTickFreq
 *fill*         0x24000131        0x3 
 .data.CUSTOMHID_Desc
                0x24000134       0x20 ./USB_DEVICE/App/usbd_desc.o
                0x24000134                CUSTOMHID_Desc
 .data.USBD_CUSTOMHID_DeviceDesc
                0x24000154       0x12 ./USB_DEVICE/App/usbd_desc.o
                0x24000154                USBD_CUSTOMHID_DeviceDesc
 *fill*         0x24000166        0x2 
 .data.USBD_LangIDDesc
                0x24000168        0x4 ./USB_DEVICE/App/usbd_desc.o
                0x24000168                USBD_LangIDDesc
 .data.USBD_StringSerial
                0x2400016c       0x1a ./USB_DEVICE/App/usbd_desc.o
                0x2400016c                USBD_StringSerial
 *(.RamFunc)
 *(.RamFunc*)
                0x24000188                        . = ALIGN (0x4)
 *fill*         0x24000186        0x2 
                0x24000188                        _edata = .

.igot.plt       0x24000188        0x0 load address 0x700089a0
 .igot.plt      0x24000188        0x0 C:/ST/STM32CubeIDE_1.19.0/STM32CubeIDE/plugins/com.st.stm32cube.ide.mcu.externaltools.gnu-tools-for-stm32.13.3.rel1.win32_1.0.0.202411081344/tools/bin/../lib/gcc/arm-none-eabi/13.3.1/thumb/v7e-m+dp/hard/crtbegin.o

.axisram        0x24000188    0x4b000 load address 0x700089a0
 .axisram       0x24000188    0x4b000 ./Core/Src/main.o
                0x24000188                frameBuffer1
                0x24025988                frameBuffer2
                0x2404b188                        . = ALIGN (0x4)

.bss            0x2404b188      0xa50 load address 0x700539a0
                0x2404b188                        _sbss = .
                0x2404b188                        __bss_start__ = _sbss
 *(.bss)
 .bss           0x2404b188       0x1c C:/ST/STM32CubeIDE_1.19.0/STM32CubeIDE/plugins/com.st.stm32cube.ide.mcu.externaltools.gnu-tools-for-stm32.13.3.rel1.win32_1.0.0.202411081344/tools/bin/../lib/gcc/arm-none-eabi/13.3.1/thumb/v7e-m+dp/hard/crtbegin.o
 *(.bss*)
 .bss.phdcmipp  0x2404b1a4        0xc ./Core/Src/main.o
                0x2404b1a4                phdcmipp
 .bss.hUsbDeviceFS
                0x2404b1b0      0x2dc ./Core/Src/main.o
                0x2404b1b0                hUsbDeviceFS
 .bss.readyBuffer
                0x2404b48c        0x4 ./Core/Src/main.o
                0x2404b48c                readyBuffer
 .bss.frameReady
                0x2404b490        0x1 ./Core/Src/main.o
                0x2404b490                frameReady
 *fill*         0x2404b491        0x3 
 .bss.videoCommitControl
                0x2404b494       0x22 ./Core/Src/usbd_video.o
 *fill*         0x2404b4b6        0x2 
 .bss.camera_control
                0x2404b4b8       0x14 ./Core/Src/usbd_video_if.o
 .bss.camera_initialized
                0x2404b4cc        0x1 ./Core/Src/usbd_video_if.o
 *fill*         0x2404b4cd        0x3 
 .bss.uwTick    0x2404b4d0        0x4 ./Drivers/STM32H7RSxx_HAL_Driver/stm32h7rsxx_hal.o
                0x2404b4d0                uwTick
 .bss.cfgidx.0  0x2404b4d4        0x1 ./Middlewares/ST/STM32_USB_Device_Library/usbd_ctlreq.o
 *fill*         0x2404b4d5        0x3 
 .bss.USBD_StrDesc
                0x2404b4d8      0x200 ./USB_DEVICE/App/usbd_desc.o
                0x2404b4d8                USBD_StrDesc
 .bss.hpcd_USB_OTG_HS
                0x2404b6d8      0x4e4 ./USB_DEVICE/Target/usbd_conf.o
                0x2404b6d8                hpcd_USB_OTG_HS
 .bss.mem.0     0x2404bbbc       0x1c ./USB_DEVICE/Target/usbd_conf.o
 *(COMMON)
                0x2404bbd8                        . = ALIGN (0x4)
                0x2404bbd8                        _ebss = .
                0x2404bbd8                        __bss_end__ = _ebss

RW_NONCACHEABLE
                0x24071c00        0x0
                0x24071c00                        __NONCACHEABLEBUFFER_BEGIN = .
 *(noncacheable_buffer)
                0x24071c00                        __NONCACHEABLEBUFFER_END = .

._user_heap_stack
                0x20000000      0x600
                0x20000000                        . = ALIGN (0x8)
                [!provide]                        PROVIDE (end = .)
                0x20000000                        PROVIDE (_end = .)
                0x20000200                        . = (. + _Min_Heap_Size)
 *fill*         0x20000000      0x200 
                0x20000600                        . = (. + _Min_Stack_Size)
 *fill*         0x20000200      0x400 
                0x20000600                        . = ALIGN (0x8)

/DISCARD/
 libc.a(*)
 libm.a(*)
 libgcc.a(*)

.ARM.attributes
                0x00000000       0x2e
 *(.ARM.attributes)
 .ARM.attributes
                0x00000000       0x20 C:/ST/STM32CubeIDE_1.19.0/STM32CubeIDE/plugins/com.st.stm32cube.ide.mcu.externaltools.gnu-tools-for-stm32.13.3.rel1.win32_1.0.0.202411081344/tools/bin/../lib/gcc/arm-none-eabi/13.3.1/thumb/v7e-m+dp/hard/crti.o
 .ARM.attributes
                0x00000020       0x32 C:/ST/STM32CubeIDE_1.19.0/STM32CubeIDE/plugins/com.st.stm32cube.ide.mcu.externaltools.gnu-tools-for-stm32.13.3.rel1.win32_1.0.0.202411081344/tools/bin/../lib/gcc/arm-none-eabi/13.3.1/thumb/v7e-m+dp/hard/crtbegin.o
 .ARM.attributes
                0x00000052       0x32 ./Core/Src/main.o
 .ARM.attributes
                0x00000084       0x32 ./Core/Src/stm32h7rsxx_hal_msp.o
 .ARM.attributes
                0x000000b6       0x32 ./Core/Src/stm32h7rsxx_it.o
 .ARM.attributes
                0x000000e8       0x32 ./Core/Src/system_stm32h7rsxx.o
 .ARM.attributes
                0x0000011a       0x32 ./Core/Src/usbd_video.o
 .ARM.attributes
                0x0000014c       0x32 ./Core/Src/usbd_video_if.o
 .ARM.attributes
                0x0000017e       0x21 ./Core/Startup/startup_stm32h7s3l8hx.o
 .ARM.attributes
                0x0000019f       0x32 ./Drivers/STM32H7RSxx_HAL_Driver/stm32h7rsxx_hal.o
 .ARM.attributes
                0x000001d1       0x32 ./Drivers/STM32H7RSxx_HAL_Driver/stm32h7rsxx_hal_cortex.o
 .ARM.attributes
                0x00000203       0x32 ./Drivers/STM32H7RSxx_HAL_Driver/stm32h7rsxx_hal_dcmipp.o
 .ARM.attributes
                0x00000235       0x32 ./Drivers/STM32H7RSxx_HAL_Driver/stm32h7rsxx_hal_gpio.o
 .ARM.attributes
                0x00000267       0x32 ./Drivers/STM32H7RSxx_HAL_Driver/stm32h7rsxx_hal_pcd.o
 .ARM.attributes
                0x00000299       0x32 ./Drivers/STM32H7RSxx_HAL_Driver/stm32h7rsxx_hal_pcd_ex.o
 .ARM.attributes
                0x000002cb       0x32 ./Drivers/STM32H7RSxx_HAL_Driver/stm32h7rsxx_hal_pwr.o
 .ARM.attributes
                0x000002fd       0x32 ./Drivers/STM32H7RSxx_HAL_Driver/stm32h7rsxx_hal_pwr_ex.o
 .ARM.attributes
                0x0000032f       0x32 ./Drivers/STM32H7RSxx_HAL_Driver/stm32h7rsxx_hal_rcc.o
 .ARM.attributes
                0x00000361       0x32 ./Drivers/STM32H7RSxx_HAL_Driver/stm32h7rsxx_hal_rcc_ex.o
 .ARM.attributes
                0x00000393       0x32 ./Drivers/STM32H7RSxx_HAL_Driver/stm32h7rsxx_ll_usb.o
 .ARM.attributes
                0x000003c5       0x32 ./Middlewares/ST/STM32_USB_Device_Library/usbd_core.o
 .ARM.attributes
                0x000003f7       0x32 ./Middlewares/ST/STM32_USB_Device_Library/usbd_ctlreq.o
 .ARM.attributes
                0x00000429       0x32 ./Middlewares/ST/STM32_USB_Device_Library/usbd_ioreq.o
 .ARM.attributes
                0x0000045b       0x32 ./USB_DEVICE/App/usbd_desc.o
 .ARM.attributes
                0x0000048d       0x32 ./USB_DEVICE/Target/usbd_conf.o
 .ARM.attributes
                0x000004bf       0x32 C:/ST/STM32CubeIDE_1.19.0/STM32CubeIDE/plugins/com.st.stm32cube.ide.mcu.externaltools.gnu-tools-for-stm32.13.3.rel1.win32_1.0.0.202411081344/tools/bin/../lib/gcc/arm-none-eabi/13.3.1/../../../../arm-none-eabi/lib/thumb/v7e-m+dp/hard\libc_nano.a(libc_a-memset.o)
 .ARM.attributes
                0x000004f1       0x32 C:/ST/STM32CubeIDE_1.19.0/STM32CubeIDE/plugins/com.st.stm32cube.ide.mcu.externaltools.gnu-tools-for-stm32.13.3.rel1.win32_1.0.0.202411081344/tools/bin/../lib/gcc/arm-none-eabi/13.3.1/../../../../arm-none-eabi/lib/thumb/v7e-m+dp/hard\libc_nano.a(libc_a-init.o)
 .ARM.attributes
                0x00000523       0x32 C:/ST/STM32CubeIDE_1.19.0/STM32CubeIDE/plugins/com.st.stm32cube.ide.mcu.externaltools.gnu-tools-for-stm32.13.3.rel1.win32_1.0.0.202411081344/tools/bin/../lib/gcc/arm-none-eabi/13.3.1/../../../../arm-none-eabi/lib/thumb/v7e-m+dp/hard\libc_nano.a(libc_a-memcpy-stub.o)
 .ARM.attributes
                0x00000555       0x20 C:/ST/STM32CubeIDE_1.19.0/STM32CubeIDE/plugins/com.st.stm32cube.ide.mcu.externaltools.gnu-tools-for-stm32.13.3.rel1.win32_1.0.0.202411081344/tools/bin/../lib/gcc/arm-none-eabi/13.3.1/thumb/v7e-m+dp/hard/crtn.o
OUTPUT(CMOS-TTL-webcam_Appli.elf elf32-littlearm)
LOAD linker stubs
LOAD C:/ST/STM32CubeIDE_1.19.0/STM32CubeIDE/plugins/com.st.stm32cube.ide.mcu.externaltools.gnu-tools-for-stm32.13.3.rel1.win32_1.0.0.202411081344/tools/bin/../lib/gcc/arm-none-eabi/13.3.1/../../../../arm-none-eabi/lib/thumb/v7e-m+dp/hard\libc.a
LOAD C:/ST/STM32CubeIDE_1.19.0/STM32CubeIDE/plugins/com.st.stm32cube.ide.mcu.externaltools.gnu-tools-for-stm32.13.3.rel1.win32_1.0.0.202411081344/tools/bin/../lib/gcc/arm-none-eabi/13.3.1/../../../../arm-none-eabi/lib/thumb/v7e-m+dp/hard\libm.a
LOAD C:/ST/STM32CubeIDE_1.19.0/STM32CubeIDE/plugins/com.st.stm32cube.ide.mcu.externaltools.gnu-tools-for-stm32.13.3.rel1.win32_1.0.0.202411081344/tools/bin/../lib/gcc/arm-none-eabi/13.3.1/thumb/v7e-m+dp/hard\libgcc.a

.debug_info     0x00000000    0x15c0a
 .debug_info    0x00000000     0x28f4 ./Core/Src/main.o
 .debug_info    0x000028f4     0x14c2 ./Core/Src/stm32h7rsxx_hal_msp.o
 .debug_info    0x00003db6      0x6bc ./Core/Src/stm32h7rsxx_it.o
 .debug_info    0x00004472      0x9bd ./Core/Src/system_stm32h7rsxx.o
 .debug_info    0x00004e2f      0xc62 ./Core/Src/usbd_video.o
 .debug_info    0x00005a91      0x40f ./Core/Src/usbd_video_if.o
 .debug_info    0x00005ea0       0x30 ./Core/Startup/startup_stm32h7s3l8hx.o
 .debug_info    0x00005ed0     0x18a1 ./Drivers/STM32H7RSxx_HAL_Driver/stm32h7rsxx_hal.o
 .debug_info    0x00007771     0x1103 ./Drivers/STM32H7RSxx_HAL_Driver/stm32h7rsxx_hal_cortex.o
 .debug_info    0x00008874     0x1359 ./Drivers/STM32H7RSxx_HAL_Driver/stm32h7rsxx_hal_dcmipp.o
 .debug_info    0x00009bcd      0x702 ./Drivers/STM32H7RSxx_HAL_Driver/stm32h7rsxx_hal_gpio.o
 .debug_info    0x0000a2cf     0x157a ./Drivers/STM32H7RSxx_HAL_Driver/stm32h7rsxx_hal_pcd.o
 .debug_info    0x0000b849      0x8c9 ./Drivers/STM32H7RSxx_HAL_Driver/stm32h7rsxx_hal_pcd_ex.o
 .debug_info    0x0000c112      0x88c ./Drivers/STM32H7RSxx_HAL_Driver/stm32h7rsxx_hal_pwr.o
 .debug_info    0x0000c99e      0xb87 ./Drivers/STM32H7RSxx_HAL_Driver/stm32h7rsxx_hal_pwr_ex.o
 .debug_info    0x0000d525     0x1464 ./Drivers/STM32H7RSxx_HAL_Driver/stm32h7rsxx_hal_rcc.o
 .debug_info    0x0000e989      0xd71 ./Drivers/STM32H7RSxx_HAL_Driver/stm32h7rsxx_hal_rcc_ex.o
 .debug_info    0x0000f6fa     0x1a38 ./Drivers/STM32H7RSxx_HAL_Driver/stm32h7rsxx_ll_usb.o
 .debug_info    0x00011132      0xe20 ./Middlewares/ST/STM32_USB_Device_Library/usbd_core.o
 .debug_info    0x00011f52      0xaf9 ./Middlewares/ST/STM32_USB_Device_Library/usbd_ctlreq.o
 .debug_info    0x00012a4b      0x770 ./Middlewares/ST/STM32_USB_Device_Library/usbd_ioreq.o
 .debug_info    0x000131bb      0x4c5 ./USB_DEVICE/App/usbd_desc.o
 .debug_info    0x00013680     0x258a ./USB_DEVICE/Target/usbd_conf.o

.debug_abbrev   0x00000000     0x3570
 .debug_abbrev  0x00000000      0x3e4 ./Core/Src/main.o
 .debug_abbrev  0x000003e4      0x287 ./Core/Src/stm32h7rsxx_hal_msp.o
 .debug_abbrev  0x0000066b      0x1a4 ./Core/Src/stm32h7rsxx_it.o
 .debug_abbrev  0x0000080f      0x12e ./Core/Src/system_stm32h7rsxx.o
 .debug_abbrev  0x0000093d      0x2d6 ./Core/Src/usbd_video.o
 .debug_abbrev  0x00000c13      0x1fc ./Core/Src/usbd_video_if.o
 .debug_abbrev  0x00000e0f       0x24 ./Core/Startup/startup_stm32h7s3l8hx.o
 .debug_abbrev  0x00000e33      0x34a ./Drivers/STM32H7RSxx_HAL_Driver/stm32h7rsxx_hal.o
 .debug_abbrev  0x0000117d      0x31f ./Drivers/STM32H7RSxx_HAL_Driver/stm32h7rsxx_hal_cortex.o
 .debug_abbrev  0x0000149c      0x21d ./Drivers/STM32H7RSxx_HAL_Driver/stm32h7rsxx_hal_dcmipp.o
 .debug_abbrev  0x000016b9      0x1ec ./Drivers/STM32H7RSxx_HAL_Driver/stm32h7rsxx_hal_gpio.o
 .debug_abbrev  0x000018a5      0x2ed ./Drivers/STM32H7RSxx_HAL_Driver/stm32h7rsxx_hal_pcd.o
 .debug_abbrev  0x00001b92      0x25a ./Drivers/STM32H7RSxx_HAL_Driver/stm32h7rsxx_hal_pcd_ex.o
 .debug_abbrev  0x00001dec      0x177 ./Drivers/STM32H7RSxx_HAL_Driver/stm32h7rsxx_hal_pwr.o
 .debug_abbrev  0x00001f63      0x250 ./Drivers/STM32H7RSxx_HAL_Driver/stm32h7rsxx_hal_pwr_ex.o
 .debug_abbrev  0x000021b3      0x2df ./Drivers/STM32H7RSxx_HAL_Driver/stm32h7rsxx_hal_rcc.o
 .debug_abbrev  0x00002492      0x24f ./Drivers/STM32H7RSxx_HAL_Driver/stm32h7rsxx_hal_rcc_ex.o
 .debug_abbrev  0x000026e1      0x2b3 ./Drivers/STM32H7RSxx_HAL_Driver/stm32h7rsxx_ll_usb.o
 .debug_abbrev  0x00002994      0x27c ./Middlewares/ST/STM32_USB_Device_Library/usbd_core.o
 .debug_abbrev  0x00002c10      0x26f ./Middlewares/ST/STM32_USB_Device_Library/usbd_ctlreq.o
 .debug_abbrev  0x00002e7f      0x19a ./Middlewares/ST/STM32_USB_Device_Library/usbd_ioreq.o
 .debug_abbrev  0x00003019      0x1f5 ./USB_DEVICE/App/usbd_desc.o
 .debug_abbrev  0x0000320e      0x362 ./USB_DEVICE/Target/usbd_conf.o

.debug_aranges  0x00000000     0x1258
 .debug_aranges
                0x00000000       0x78 ./Core/Src/main.o
 .debug_aranges
                0x00000078       0x50 ./Core/Src/stm32h7rsxx_hal_msp.o
 .debug_aranges
                0x000000c8       0x68 ./Core/Src/stm32h7rsxx_it.o
 .debug_aranges
                0x00000130       0x28 ./Core/Src/system_stm32h7rsxx.o
 .debug_aranges
                0x00000158       0x70 ./Core/Src/usbd_video.o
 .debug_aranges
                0x000001c8       0x58 ./Core/Src/usbd_video_if.o
 .debug_aranges
                0x00000220       0x28 ./Core/Startup/startup_stm32h7s3l8hx.o
 .debug_aranges
                0x00000248      0x240 ./Drivers/STM32H7RSxx_HAL_Driver/stm32h7rsxx_hal.o
 .debug_aranges
                0x00000488      0x130 ./Drivers/STM32H7RSxx_HAL_Driver/stm32h7rsxx_hal_cortex.o
 .debug_aranges
                0x000005b8      0x180 ./Drivers/STM32H7RSxx_HAL_Driver/stm32h7rsxx_hal_dcmipp.o
 .debug_aranges
                0x00000738       0x60 ./Drivers/STM32H7RSxx_HAL_Driver/stm32h7rsxx_hal_gpio.o
 .debug_aranges
                0x00000798      0x140 ./Drivers/STM32H7RSxx_HAL_Driver/stm32h7rsxx_hal_pcd.o
 .debug_aranges
                0x000008d8       0x60 ./Drivers/STM32H7RSxx_HAL_Driver/stm32h7rsxx_hal_pcd_ex.o
 .debug_aranges
                0x00000938       0x90 ./Drivers/STM32H7RSxx_HAL_Driver/stm32h7rsxx_hal_pwr.o
 .debug_aranges
                0x000009c8      0x1c8 ./Drivers/STM32H7RSxx_HAL_Driver/stm32h7rsxx_hal_pwr_ex.o
 .debug_aranges
                0x00000b90      0x130 ./Drivers/STM32H7RSxx_HAL_Driver/stm32h7rsxx_hal_rcc.o
 .debug_aranges
                0x00000cc0       0xc8 ./Drivers/STM32H7RSxx_HAL_Driver/stm32h7rsxx_hal_rcc_ex.o
 .debug_aranges
                0x00000d88      0x1a0 ./Drivers/STM32H7RSxx_HAL_Driver/stm32h7rsxx_ll_usb.o
 .debug_aranges
                0x00000f28       0xd8 ./Middlewares/ST/STM32_USB_Device_Library/usbd_core.o
 .debug_aranges
                0x00001000       0x90 ./Middlewares/ST/STM32_USB_Device_Library/usbd_ctlreq.o
 .debug_aranges
                0x00001090       0x50 ./Middlewares/ST/STM32_USB_Device_Library/usbd_ioreq.o
 .debug_aranges
                0x000010e0       0x68 ./USB_DEVICE/App/usbd_desc.o
 .debug_aranges
                0x00001148      0x110 ./USB_DEVICE/Target/usbd_conf.o

.debug_rnglists
                0x00000000      0xdae
 .debug_rnglists
                0x00000000       0x5a ./Core/Src/main.o
 .debug_rnglists
                0x0000005a       0x3a ./Core/Src/stm32h7rsxx_hal_msp.o
 .debug_rnglists
                0x00000094       0x49 ./Core/Src/stm32h7rsxx_it.o
 .debug_rnglists
                0x000000dd       0x1a ./Core/Src/system_stm32h7rsxx.o
 .debug_rnglists
                0x000000f7       0x54 ./Core/Src/usbd_video.o
 .debug_rnglists
                0x0000014b       0x40 ./Core/Src/usbd_video_if.o
 .debug_rnglists
                0x0000018b       0x19 ./Core/Startup/startup_stm32h7s3l8hx.o
 .debug_rnglists
                0x000001a4      0x1ae ./Drivers/STM32H7RSxx_HAL_Driver/stm32h7rsxx_hal.o
 .debug_rnglists
                0x00000352       0xe0 ./Drivers/STM32H7RSxx_HAL_Driver/stm32h7rsxx_hal_cortex.o
 .debug_rnglists
                0x00000432      0x121 ./Drivers/STM32H7RSxx_HAL_Driver/stm32h7rsxx_hal_dcmipp.o
 .debug_rnglists
                0x00000553       0x45 ./Drivers/STM32H7RSxx_HAL_Driver/stm32h7rsxx_hal_gpio.o
 .debug_rnglists
                0x00000598       0xf4 ./Drivers/STM32H7RSxx_HAL_Driver/stm32h7rsxx_hal_pcd.o
 .debug_rnglists
                0x0000068c       0x45 ./Drivers/STM32H7RSxx_HAL_Driver/stm32h7rsxx_hal_pcd_ex.o
 .debug_rnglists
                0x000006d1       0x68 ./Drivers/STM32H7RSxx_HAL_Driver/stm32h7rsxx_hal_pwr.o
 .debug_rnglists
                0x00000739      0x154 ./Drivers/STM32H7RSxx_HAL_Driver/stm32h7rsxx_hal_pwr_ex.o
 .debug_rnglists
                0x0000088d       0xea ./Drivers/STM32H7RSxx_HAL_Driver/stm32h7rsxx_hal_rcc.o
 .debug_rnglists
                0x00000977       0x98 ./Drivers/STM32H7RSxx_HAL_Driver/stm32h7rsxx_hal_rcc_ex.o
 .debug_rnglists
                0x00000a0f      0x147 ./Drivers/STM32H7RSxx_HAL_Driver/stm32h7rsxx_ll_usb.o
 .debug_rnglists
                0x00000b56       0xa1 ./Middlewares/ST/STM32_USB_Device_Library/usbd_core.o
 .debug_rnglists
                0x00000bf7       0x6e ./Middlewares/ST/STM32_USB_Device_Library/usbd_ctlreq.o
 .debug_rnglists
                0x00000c65       0x37 ./Middlewares/ST/STM32_USB_Device_Library/usbd_ioreq.o
 .debug_rnglists
                0x00000c9c       0x49 ./USB_DEVICE/App/usbd_desc.o
 .debug_rnglists
                0x00000ce5       0xc9 ./USB_DEVICE/Target/usbd_conf.o

.debug_macro    0x00000000    0x33139
 .debug_macro   0x00000000      0x3dd ./Core/Src/main.o
 .debug_macro   0x000003dd      0xaf0 ./Core/Src/main.o
 .debug_macro   0x00000ecd      0x1c2 ./Core/Src/main.o
 .debug_macro   0x0000108f       0x2e ./Core/Src/main.o
 .debug_macro   0x000010bd       0x42 ./Core/Src/main.o
 .debug_macro   0x000010ff       0x22 ./Core/Src/main.o
 .debug_macro   0x00001121       0x8e ./Core/Src/main.o
 .debug_macro   0x000011af       0x51 ./Core/Src/main.o
 .debug_macro   0x00001200      0x103 ./Core/Src/main.o
 .debug_macro   0x00001303       0x6a ./Core/Src/main.o
 .debug_macro   0x0000136d      0x1df ./Core/Src/main.o
 .debug_macro   0x0000154c       0x1c ./Core/Src/main.o
 .debug_macro   0x00001568       0x22 ./Core/Src/main.o
 .debug_macro   0x0000158a       0xfb ./Core/Src/main.o
 .debug_macro   0x00001685     0x1313 ./Core/Src/main.o
 .debug_macro   0x00002998      0x11f ./Core/Src/main.o
 .debug_macro   0x00002ab7       0x22 ./Core/Src/main.o
 .debug_macro   0x00002ad9    0x21462 ./Core/Src/main.o
 .debug_macro   0x00023f3b       0x6d ./Core/Src/main.o
 .debug_macro   0x00023fa8     0x3478 ./Core/Src/main.o
 .debug_macro   0x00027420       0x61 ./Core/Src/main.o
 .debug_macro   0x00027481       0x29 ./Core/Src/main.o
 .debug_macro   0x000274aa       0x43 ./Core/Src/main.o
 .debug_macro   0x000274ed       0x34 ./Core/Src/main.o
 .debug_macro   0x00027521      0x190 ./Core/Src/main.o
 .debug_macro   0x000276b1      0x370 ./Core/Src/main.o
 .debug_macro   0x00027a21       0x16 ./Core/Src/main.o
 .debug_macro   0x00027a37       0x4a ./Core/Src/main.o
 .debug_macro   0x00027a81       0x34 ./Core/Src/main.o
 .debug_macro   0x00027ab5       0x10 ./Core/Src/main.o
 .debug_macro   0x00027ac5       0x58 ./Core/Src/main.o
 .debug_macro   0x00027b1d       0x8e ./Core/Src/main.o
 .debug_macro   0x00027bab       0x1c ./Core/Src/main.o
 .debug_macro   0x00027bc7      0x185 ./Core/Src/main.o
 .debug_macro   0x00027d4c      0x19b ./Core/Src/main.o
 .debug_macro   0x00027ee7       0x64 ./Core/Src/main.o
 .debug_macro   0x00027f4b      0xac3 ./Core/Src/main.o
 .debug_macro   0x00028a0e     0x1f68 ./Core/Src/main.o
 .debug_macro   0x0002a976      0x93a ./Core/Src/main.o
 .debug_macro   0x0002b2b0      0x170 ./Core/Src/main.o
 .debug_macro   0x0002b420      0x1ba ./Core/Src/main.o
 .debug_macro   0x0002b5da      0x2e8 ./Core/Src/main.o
 .debug_macro   0x0002b8c2      0x590 ./Core/Src/main.o
 .debug_macro   0x0002be52      0x52e ./Core/Src/main.o
 .debug_macro   0x0002c380       0xba ./Core/Src/main.o
 .debug_macro   0x0002c43a      0x27c ./Core/Src/main.o
 .debug_macro   0x0002c6b6      0x39f ./Core/Src/main.o
 .debug_macro   0x0002ca55      0x2c0 ./Core/Src/main.o
 .debug_macro   0x0002cd15      0x3fb ./Core/Src/main.o
 .debug_macro   0x0002d110       0xb0 ./Core/Src/main.o
 .debug_macro   0x0002d1c0      0x11c ./Core/Src/main.o
 .debug_macro   0x0002d2dc      0x293 ./Core/Src/main.o
 .debug_macro   0x0002d56f       0x90 ./Core/Src/main.o
 .debug_macro   0x0002d5ff      0x210 ./Core/Src/main.o
 .debug_macro   0x0002d80f      0x2a0 ./Core/Src/main.o
 .debug_macro   0x0002daaf       0x3c ./Core/Src/main.o
 .debug_macro   0x0002daeb      0x512 ./Core/Src/main.o
 .debug_macro   0x0002dffd      0x58d ./Core/Src/main.o
 .debug_macro   0x0002e58a       0x1c ./Core/Src/main.o
 .debug_macro   0x0002e5a6       0x3c ./Core/Src/main.o
 .debug_macro   0x0002e5e2       0x10 ./Core/Src/main.o
 .debug_macro   0x0002e5f2       0x1c ./Core/Src/main.o
 .debug_macro   0x0002e60e       0x16 ./Core/Src/main.o
 .debug_macro   0x0002e624      0x146 ./Core/Src/main.o
 .debug_macro   0x0002e76a       0x16 ./Core/Src/main.o
 .debug_macro   0x0002e780       0x16 ./Core/Src/main.o
 .debug_macro   0x0002e796       0x29 ./Core/Src/main.o
 .debug_macro   0x0002e7bf       0x16 ./Core/Src/main.o
 .debug_macro   0x0002e7d5       0x20 ./Core/Src/main.o
 .debug_macro   0x0002e7f5       0x79 ./Core/Src/main.o
 .debug_macro   0x0002e86e      0x215 ./Core/Src/main.o
 .debug_macro   0x0002ea83       0x1c ./Core/Src/main.o
 .debug_macro   0x0002ea9f      0x1df ./Core/Src/main.o
 .debug_macro   0x0002ec7e      0x2b5 ./Core/Src/stm32h7rsxx_hal_msp.o
 .debug_macro   0x0002ef33      0x2bf ./Core/Src/stm32h7rsxx_it.o
 .debug_macro   0x0002f1f2      0x2b1 ./Core/Src/system_stm32h7rsxx.o
 .debug_macro   0x0002f4a3      0x3ac ./Core/Src/usbd_video.o
 .debug_macro   0x0002f84f       0x16 ./Core/Src/usbd_video.o
 .debug_macro   0x0002f865       0x9e ./Core/Src/usbd_video.o
 .debug_macro   0x0002f903      0x112 ./Core/Src/usbd_video.o
 .debug_macro   0x0002fa15       0x16 ./Core/Src/usbd_video.o
 .debug_macro   0x0002fa2b      0x20f ./Core/Src/usbd_video.o
 .debug_macro   0x0002fc3a      0x442 ./Core/Src/usbd_video_if.o
 .debug_macro   0x0003007c      0x2ed ./Drivers/STM32H7RSxx_HAL_Driver/stm32h7rsxx_hal.o
 .debug_macro   0x00030369      0x2ab ./Drivers/STM32H7RSxx_HAL_Driver/stm32h7rsxx_hal_cortex.o
 .debug_macro   0x00030614      0x2b3 ./Drivers/STM32H7RSxx_HAL_Driver/stm32h7rsxx_hal_dcmipp.o
 .debug_macro   0x000308c7      0x2b2 ./Drivers/STM32H7RSxx_HAL_Driver/stm32h7rsxx_hal_gpio.o
 .debug_macro   0x00030b79      0x2b7 ./Drivers/STM32H7RSxx_HAL_Driver/stm32h7rsxx_hal_pcd.o
 .debug_macro   0x00030e30      0x2ab ./Drivers/STM32H7RSxx_HAL_Driver/stm32h7rsxx_hal_pcd_ex.o
 .debug_macro   0x000310db      0x2ca ./Drivers/STM32H7RSxx_HAL_Driver/stm32h7rsxx_hal_pwr.o
 .debug_macro   0x000313a5      0x2e4 ./Drivers/STM32H7RSxx_HAL_Driver/stm32h7rsxx_hal_pwr_ex.o
 .debug_macro   0x00031689      0x311 ./Drivers/STM32H7RSxx_HAL_Driver/stm32h7rsxx_hal_rcc.o
 .debug_macro   0x0003199a      0x2ab ./Drivers/STM32H7RSxx_HAL_Driver/stm32h7rsxx_hal_rcc_ex.o
 .debug_macro   0x00031c45      0x2ab ./Drivers/STM32H7RSxx_HAL_Driver/stm32h7rsxx_ll_usb.o
 .debug_macro   0x00031ef0      0x393 ./Middlewares/ST/STM32_USB_Device_Library/usbd_core.o
 .debug_macro   0x00032283      0x39d ./Middlewares/ST/STM32_USB_Device_Library/usbd_ctlreq.o
 .debug_macro   0x00032620      0x399 ./Middlewares/ST/STM32_USB_Device_Library/usbd_ioreq.o
 .debug_macro   0x000329b9      0x3d6 ./USB_DEVICE/App/usbd_desc.o
 .debug_macro   0x00032d8f      0x3aa ./USB_DEVICE/Target/usbd_conf.o

.debug_line     0x00000000    0x1654d
 .debug_line    0x00000000      0xdcb ./Core/Src/main.o
 .debug_line    0x00000dcb      0xac0 ./Core/Src/stm32h7rsxx_hal_msp.o
 .debug_line    0x0000188b      0x9db ./Core/Src/stm32h7rsxx_it.o
 .debug_line    0x00002266      0xa1b ./Core/Src/system_stm32h7rsxx.o
 .debug_line    0x00002c81      0xd7d ./Core/Src/usbd_video.o
 .debug_line    0x000039fe      0xca4 ./Core/Src/usbd_video_if.o
 .debug_line    0x000046a2       0x7b ./Core/Startup/startup_stm32h7s3l8hx.o
 .debug_line    0x0000471d     0x1187 ./Drivers/STM32H7RSxx_HAL_Driver/stm32h7rsxx_hal.o
 .debug_line    0x000058a4      0xf2f ./Drivers/STM32H7RSxx_HAL_Driver/stm32h7rsxx_hal_cortex.o
 .debug_line    0x000067d3     0x12f1 ./Drivers/STM32H7RSxx_HAL_Driver/stm32h7rsxx_hal_dcmipp.o
 .debug_line    0x00007ac4      0xd06 ./Drivers/STM32H7RSxx_HAL_Driver/stm32h7rsxx_hal_gpio.o
 .debug_line    0x000087ca     0x1697 ./Drivers/STM32H7RSxx_HAL_Driver/stm32h7rsxx_hal_pcd.o
 .debug_line    0x00009e61      0xbe2 ./Drivers/STM32H7RSxx_HAL_Driver/stm32h7rsxx_hal_pcd_ex.o
 .debug_line    0x0000aa43      0xb48 ./Drivers/STM32H7RSxx_HAL_Driver/stm32h7rsxx_hal_pwr.o
 .debug_line    0x0000b58b     0x1175 ./Drivers/STM32H7RSxx_HAL_Driver/stm32h7rsxx_hal_pwr_ex.o
 .debug_line    0x0000c700     0x19a9 ./Drivers/STM32H7RSxx_HAL_Driver/stm32h7rsxx_hal_rcc.o
 .debug_line    0x0000e0a9     0x1cf5 ./Drivers/STM32H7RSxx_HAL_Driver/stm32h7rsxx_hal_rcc_ex.o
 .debug_line    0x0000fd9e     0x1fc5 ./Drivers/STM32H7RSxx_HAL_Driver/stm32h7rsxx_ll_usb.o
 .debug_line    0x00011d63     0x1026 ./Middlewares/ST/STM32_USB_Device_Library/usbd_core.o
 .debug_line    0x00012d89     0x1220 ./Middlewares/ST/STM32_USB_Device_Library/usbd_ctlreq.o
 .debug_line    0x00013fa9      0xb3c ./Middlewares/ST/STM32_USB_Device_Library/usbd_ioreq.o
 .debug_line    0x00014ae5      0xb86 ./USB_DEVICE/App/usbd_desc.o
 .debug_line    0x0001566b      0xee2 ./USB_DEVICE/Target/usbd_conf.o

.debug_str      0x00000000   0x136fdb
 .debug_str     0x00000000   0x136fdb ./Core/Src/main.o
                             0x131dd2 (size before relaxing)
 .debug_str     0x00136fdb   0x12f160 ./Core/Src/stm32h7rsxx_hal_msp.o
 .debug_str     0x00136fdb   0x12e785 ./Core/Src/stm32h7rsxx_it.o
 .debug_str     0x00136fdb   0x12e6bf ./Core/Src/system_stm32h7rsxx.o
 .debug_str     0x00136fdb   0x130466 ./Core/Src/usbd_video.o
 .debug_str     0x00136fdb   0x13003e ./Core/Src/usbd_video_if.o
 .debug_str     0x00136fdb       0x93 ./Core/Startup/startup_stm32h7s3l8hx.o
 .debug_str     0x00136fdb   0x12fb92 ./Drivers/STM32H7RSxx_HAL_Driver/stm32h7rsxx_hal.o
 .debug_str     0x00136fdb   0x12f194 ./Drivers/STM32H7RSxx_HAL_Driver/stm32h7rsxx_hal_cortex.o
 .debug_str     0x00136fdb   0x12ee1f ./Drivers/STM32H7RSxx_HAL_Driver/stm32h7rsxx_hal_dcmipp.o
 .debug_str     0x00136fdb   0x12e5b3 ./Drivers/STM32H7RSxx_HAL_Driver/stm32h7rsxx_hal_gpio.o
 .debug_str     0x00136fdb   0x12ef86 ./Drivers/STM32H7RSxx_HAL_Driver/stm32h7rsxx_hal_pcd.o
 .debug_str     0x00136fdb   0x12e92e ./Drivers/STM32H7RSxx_HAL_Driver/stm32h7rsxx_hal_pcd_ex.o
 .debug_str     0x00136fdb   0x12e74f ./Drivers/STM32H7RSxx_HAL_Driver/stm32h7rsxx_hal_pwr.o
 .debug_str     0x00136fdb   0x12ec71 ./Drivers/STM32H7RSxx_HAL_Driver/stm32h7rsxx_hal_pwr_ex.o
 .debug_str     0x00136fdb   0x12f069 ./Drivers/STM32H7RSxx_HAL_Driver/stm32h7rsxx_hal_rcc.o
 .debug_str     0x00136fdb   0x12ee19 ./Drivers/STM32H7RSxx_HAL_Driver/stm32h7rsxx_hal_rcc_ex.o
 .debug_str     0x00136fdb   0x12ee80 ./Drivers/STM32H7RSxx_HAL_Driver/stm32h7rsxx_ll_usb.o
 .debug_str     0x00136fdb   0x12fd3b ./Middlewares/ST/STM32_USB_Device_Library/usbd_core.o
 .debug_str     0x00136fdb   0x12fb66 ./Middlewares/ST/STM32_USB_Device_Library/usbd_ctlreq.o
 .debug_str     0x00136fdb   0x12fa3b ./Middlewares/ST/STM32_USB_Device_Library/usbd_ioreq.o
 .debug_str     0x00136fdb   0x12f978 ./USB_DEVICE/App/usbd_desc.o
 .debug_str     0x00136fdb   0x1313fb ./USB_DEVICE/Target/usbd_conf.o

.comment        0x00000000       0x43
 .comment       0x00000000       0x43 ./Core/Src/main.o
                                 0x44 (size before relaxing)
 .comment       0x00000043       0x44 ./Core/Src/stm32h7rsxx_hal_msp.o
 .comment       0x00000043       0x44 ./Core/Src/stm32h7rsxx_it.o
 .comment       0x00000043       0x44 ./Core/Src/system_stm32h7rsxx.o
 .comment       0x00000043       0x44 ./Core/Src/usbd_video.o
 .comment       0x00000043       0x44 ./Core/Src/usbd_video_if.o
 .comment       0x00000043       0x44 ./Drivers/STM32H7RSxx_HAL_Driver/stm32h7rsxx_hal.o
 .comment       0x00000043       0x44 ./Drivers/STM32H7RSxx_HAL_Driver/stm32h7rsxx_hal_cortex.o
 .comment       0x00000043       0x44 ./Drivers/STM32H7RSxx_HAL_Driver/stm32h7rsxx_hal_dcmipp.o
 .comment       0x00000043       0x44 ./Drivers/STM32H7RSxx_HAL_Driver/stm32h7rsxx_hal_gpio.o
 .comment       0x00000043       0x44 ./Drivers/STM32H7RSxx_HAL_Driver/stm32h7rsxx_hal_pcd.o
 .comment       0x00000043       0x44 ./Drivers/STM32H7RSxx_HAL_Driver/stm32h7rsxx_hal_pcd_ex.o
 .comment       0x00000043       0x44 ./Drivers/STM32H7RSxx_HAL_Driver/stm32h7rsxx_hal_pwr.o
 .comment       0x00000043       0x44 ./Drivers/STM32H7RSxx_HAL_Driver/stm32h7rsxx_hal_pwr_ex.o
 .comment       0x00000043       0x44 ./Drivers/STM32H7RSxx_HAL_Driver/stm32h7rsxx_hal_rcc.o
 .comment       0x00000043       0x44 ./Drivers/STM32H7RSxx_HAL_Driver/stm32h7rsxx_hal_rcc_ex.o
 .comment       0x00000043       0x44 ./Drivers/STM32H7RSxx_HAL_Driver/stm32h7rsxx_ll_usb.o
 .comment       0x00000043       0x44 ./Middlewares/ST/STM32_USB_Device_Library/usbd_core.o
 .comment       0x00000043       0x44 ./Middlewares/ST/STM32_USB_Device_Library/usbd_ctlreq.o
 .comment       0x00000043       0x44 ./Middlewares/ST/STM32_USB_Device_Library/usbd_ioreq.o
 .comment       0x00000043       0x44 ./USB_DEVICE/App/usbd_desc.o
 .comment       0x00000043       0x44 ./USB_DEVICE/Target/usbd_conf.o

.debug_frame    0x00000000     0x4be4
 .debug_frame   0x00000000      0x1b8 ./Core/Src/main.o
 .debug_frame   0x000001b8      0x108 ./Core/Src/stm32h7rsxx_hal_msp.o
 .debug_frame   0x000002c0      0x120 ./Core/Src/stm32h7rsxx_it.o
 .debug_frame   0x000003e0       0x58 ./Core/Src/system_stm32h7rsxx.o
 .debug_frame   0x00000438      0x1bc ./Core/Src/usbd_video.o
 .debug_frame   0x000005f4      0x120 ./Core/Src/usbd_video_if.o
 .debug_frame   0x00000714      0x9a0 ./Drivers/STM32H7RSxx_HAL_Driver/stm32h7rsxx_hal.o
 .debug_frame   0x000010b4      0x508 ./Drivers/STM32H7RSxx_HAL_Driver/stm32h7rsxx_hal_cortex.o
 .debug_frame   0x000015bc      0x6f0 ./Drivers/STM32H7RSxx_HAL_Driver/stm32h7rsxx_hal_dcmipp.o
 .debug_frame   0x00001cac      0x174 ./Drivers/STM32H7RSxx_HAL_Driver/stm32h7rsxx_hal_gpio.o
 .debug_frame   0x00001e20      0x590 ./Drivers/STM32H7RSxx_HAL_Driver/stm32h7rsxx_hal_pcd.o
 .debug_frame   0x000023b0      0x174 ./Drivers/STM32H7RSxx_HAL_Driver/stm32h7rsxx_hal_pcd_ex.o
 .debug_frame   0x00002524      0x218 ./Drivers/STM32H7RSxx_HAL_Driver/stm32h7rsxx_hal_pwr.o
 .debug_frame   0x0000273c      0x758 ./Drivers/STM32H7RSxx_HAL_Driver/stm32h7rsxx_hal_pwr_ex.o
 .debug_frame   0x00002e94      0x510 ./Drivers/STM32H7RSxx_HAL_Driver/stm32h7rsxx_hal_rcc.o
 .debug_frame   0x000033a4      0x32c ./Drivers/STM32H7RSxx_HAL_Driver/stm32h7rsxx_hal_rcc_ex.o
 .debug_frame   0x000036d0      0x7c0 ./Drivers/STM32H7RSxx_HAL_Driver/stm32h7rsxx_ll_usb.o
 .debug_frame   0x00003e90      0x390 ./Middlewares/ST/STM32_USB_Device_Library/usbd_core.o
 .debug_frame   0x00004220      0x23c ./Middlewares/ST/STM32_USB_Device_Library/usbd_ctlreq.o
 .debug_frame   0x0000445c      0x10c ./Middlewares/ST/STM32_USB_Device_Library/usbd_ioreq.o
 .debug_frame   0x00004568      0x188 ./USB_DEVICE/App/usbd_desc.o
 .debug_frame   0x000046f0      0x480 ./USB_DEVICE/Target/usbd_conf.o
 .debug_frame   0x00004b70       0x20 C:/ST/STM32CubeIDE_1.19.0/STM32CubeIDE/plugins/com.st.stm32cube.ide.mcu.externaltools.gnu-tools-for-stm32.13.3.rel1.win32_1.0.0.202411081344/tools/bin/../lib/gcc/arm-none-eabi/13.3.1/../../../../arm-none-eabi/lib/thumb/v7e-m+dp/hard\libc_nano.a(libc_a-memset.o)
 .debug_frame   0x00004b90       0x2c C:/ST/STM32CubeIDE_1.19.0/STM32CubeIDE/plugins/com.st.stm32cube.ide.mcu.externaltools.gnu-tools-for-stm32.13.3.rel1.win32_1.0.0.202411081344/tools/bin/../lib/gcc/arm-none-eabi/13.3.1/../../../../arm-none-eabi/lib/thumb/v7e-m+dp/hard\libc_nano.a(libc_a-init.o)
 .debug_frame   0x00004bbc       0x28 C:/ST/STM32CubeIDE_1.19.0/STM32CubeIDE/plugins/com.st.stm32cube.ide.mcu.externaltools.gnu-tools-for-stm32.13.3.rel1.win32_1.0.0.202411081344/tools/bin/../lib/gcc/arm-none-eabi/13.3.1/../../../../arm-none-eabi/lib/thumb/v7e-m+dp/hard\libc_nano.a(libc_a-memcpy-stub.o)

.debug_line_str
                0x00000000       0x77
 .debug_line_str
                0x00000000       0x77 ./Core/Startup/startup_stm32h7s3l8hx.o
