Archive member included to satisfy reference by file (symbol)

C:/ST/STM32CubeIDE_1.19.0/STM32CubeIDE/plugins/com.st.stm32cube.ide.mcu.externaltools.gnu-tools-for-stm32.13.3.rel1.win32_1.0.0.202411081344/tools/bin/../lib/gcc/arm-none-eabi/13.3.1/../../../../arm-none-eabi/lib/thumb/v7e-m+dp/hard\libc_nano.a(libc_a-exit.o)
                              C:/ST/STM32CubeIDE_1.19.0/STM32CubeIDE/plugins/com.st.stm32cube.ide.mcu.externaltools.gnu-tools-for-stm32.13.3.rel1.win32_1.0.0.202411081344/tools/bin/../lib/gcc/arm-none-eabi/13.3.1/../../../../arm-none-eabi/lib/thumb/v7e-m+dp/hard/crt0.o (exit)
C:/ST/STM32CubeIDE_1.19.0/STM32CubeIDE/plugins/com.st.stm32cube.ide.mcu.externaltools.gnu-tools-for-stm32.13.3.rel1.win32_1.0.0.202411081344/tools/bin/../lib/gcc/arm-none-eabi/13.3.1/../../../../arm-none-eabi/lib/thumb/v7e-m+dp/hard\libc_nano.a(libc_a-findfp.o)
                              C:/ST/STM32CubeIDE_1.19.0/STM32CubeIDE/plugins/com.st.stm32cube.ide.mcu.externaltools.gnu-tools-for-stm32.13.3.rel1.win32_1.0.0.202411081344/tools/bin/../lib/gcc/arm-none-eabi/13.3.1/../../../../arm-none-eabi/lib/thumb/v7e-m+dp/hard\libc_nano.a(libc_a-exit.o) (__stdio_exit_handler)
C:/ST/STM32CubeIDE_1.19.0/STM32CubeIDE/plugins/com.st.stm32cube.ide.mcu.externaltools.gnu-tools-for-stm32.13.3.rel1.win32_1.0.0.202411081344/tools/bin/../lib/gcc/arm-none-eabi/13.3.1/../../../../arm-none-eabi/lib/thumb/v7e-m+dp/hard\libc_nano.a(libc_a-fwalk.o)
                              C:/ST/STM32CubeIDE_1.19.0/STM32CubeIDE/plugins/com.st.stm32cube.ide.mcu.externaltools.gnu-tools-for-stm32.13.3.rel1.win32_1.0.0.202411081344/tools/bin/../lib/gcc/arm-none-eabi/13.3.1/../../../../arm-none-eabi/lib/thumb/v7e-m+dp/hard\libc_nano.a(libc_a-findfp.o) (_fwalk_sglue)
C:/ST/STM32CubeIDE_1.19.0/STM32CubeIDE/plugins/com.st.stm32cube.ide.mcu.externaltools.gnu-tools-for-stm32.13.3.rel1.win32_1.0.0.202411081344/tools/bin/../lib/gcc/arm-none-eabi/13.3.1/../../../../arm-none-eabi/lib/thumb/v7e-m+dp/hard\libc_nano.a(libc_a-stdio.o)
                              C:/ST/STM32CubeIDE_1.19.0/STM32CubeIDE/plugins/com.st.stm32cube.ide.mcu.externaltools.gnu-tools-for-stm32.13.3.rel1.win32_1.0.0.202411081344/tools/bin/../lib/gcc/arm-none-eabi/13.3.1/../../../../arm-none-eabi/lib/thumb/v7e-m+dp/hard\libc_nano.a(libc_a-findfp.o) (__sread)
C:/ST/STM32CubeIDE_1.19.0/STM32CubeIDE/plugins/com.st.stm32cube.ide.mcu.externaltools.gnu-tools-for-stm32.13.3.rel1.win32_1.0.0.202411081344/tools/bin/../lib/gcc/arm-none-eabi/13.3.1/../../../../arm-none-eabi/lib/thumb/v7e-m+dp/hard\libc_nano.a(libc_a-memset.o)
                              C:/ST/STM32CubeIDE_1.19.0/STM32CubeIDE/plugins/com.st.stm32cube.ide.mcu.externaltools.gnu-tools-for-stm32.13.3.rel1.win32_1.0.0.202411081344/tools/bin/../lib/gcc/arm-none-eabi/13.3.1/../../../../arm-none-eabi/lib/thumb/v7e-m+dp/hard/crt0.o (memset)
C:/ST/STM32CubeIDE_1.19.0/STM32CubeIDE/plugins/com.st.stm32cube.ide.mcu.externaltools.gnu-tools-for-stm32.13.3.rel1.win32_1.0.0.202411081344/tools/bin/../lib/gcc/arm-none-eabi/13.3.1/../../../../arm-none-eabi/lib/thumb/v7e-m+dp/hard\libc_nano.a(libc_a-closer.o)
                              C:/ST/STM32CubeIDE_1.19.0/STM32CubeIDE/plugins/com.st.stm32cube.ide.mcu.externaltools.gnu-tools-for-stm32.13.3.rel1.win32_1.0.0.202411081344/tools/bin/../lib/gcc/arm-none-eabi/13.3.1/../../../../arm-none-eabi/lib/thumb/v7e-m+dp/hard\libc_nano.a(libc_a-stdio.o) (_close_r)
C:/ST/STM32CubeIDE_1.19.0/STM32CubeIDE/plugins/com.st.stm32cube.ide.mcu.externaltools.gnu-tools-for-stm32.13.3.rel1.win32_1.0.0.202411081344/tools/bin/../lib/gcc/arm-none-eabi/13.3.1/../../../../arm-none-eabi/lib/thumb/v7e-m+dp/hard\libc_nano.a(libc_a-reent.o)
                              C:/ST/STM32CubeIDE_1.19.0/STM32CubeIDE/plugins/com.st.stm32cube.ide.mcu.externaltools.gnu-tools-for-stm32.13.3.rel1.win32_1.0.0.202411081344/tools/bin/../lib/gcc/arm-none-eabi/13.3.1/../../../../arm-none-eabi/lib/thumb/v7e-m+dp/hard\libc_nano.a(libc_a-closer.o) (errno)
C:/ST/STM32CubeIDE_1.19.0/STM32CubeIDE/plugins/com.st.stm32cube.ide.mcu.externaltools.gnu-tools-for-stm32.13.3.rel1.win32_1.0.0.202411081344/tools/bin/../lib/gcc/arm-none-eabi/13.3.1/../../../../arm-none-eabi/lib/thumb/v7e-m+dp/hard\libc_nano.a(libc_a-impure.o)
                              C:/ST/STM32CubeIDE_1.19.0/STM32CubeIDE/plugins/com.st.stm32cube.ide.mcu.externaltools.gnu-tools-for-stm32.13.3.rel1.win32_1.0.0.202411081344/tools/bin/../lib/gcc/arm-none-eabi/13.3.1/../../../../arm-none-eabi/lib/thumb/v7e-m+dp/hard\libc_nano.a(libc_a-reent.o) (_impure_ptr)
C:/ST/STM32CubeIDE_1.19.0/STM32CubeIDE/plugins/com.st.stm32cube.ide.mcu.externaltools.gnu-tools-for-stm32.13.3.rel1.win32_1.0.0.202411081344/tools/bin/../lib/gcc/arm-none-eabi/13.3.1/../../../../arm-none-eabi/lib/thumb/v7e-m+dp/hard\libc_nano.a(libc_a-lseekr.o)
[...]
Memory Configuration

Name             Origin             Length             Attributes
RAM              0x24000000         0x00071c00         xrw
RAM_NONCACHEABLEBUFFER 0x24071c00         0x00000400         xrw
ITCM             0x00000000         0x00010000         xrw
DTCM             0x20000000         0x00010000         rw
SRAMAHB          0x30000000         0x00008000         rw
BKPSRAM          0x38800000         0x00001000         rw
FLASH            0x08000000         0x00010000         xrw
*default*        0x00000000         0xffffffff

Linker script and memory map

LOAD C:/ST/STM32CubeIDE_1.19.0/STM32CubeIDE/plugins/com.st.stm32cube.ide.mcu.externaltools.gnu-tools-for-stm32.13.3.rel1.win32_1.0.0.202411081344/tools/bin/../lib/gcc/arm-none-eabi/13.3.1/thumb/v7e-m+dp/hard/crti.o
LOAD C:/ST/STM32CubeIDE_1.19.0/STM32CubeIDE/plugins/com.st.stm32cube.ide.mcu.externaltools.gnu-tools-for-stm32.13.3.rel1.win32_1.0.0.202411081344/tools/bin/../lib/gcc/arm-none-eabi/13.3.1/thumb/v7e-m+dp/hard/crtbegin.o
LOAD C:/ST/STM32CubeIDE_1.19.0/STM32CubeIDE/plugins/com.st.stm32cube.ide.mcu.externaltools.gnu-tools-for-stm32.13.3.rel1.win32_1.0.0.202411081344/tools/bin/../lib/gcc/arm-none-eabi/13.3.1/../../../../arm-none-eabi/lib/thumb/v7e-m+dp/hard/crt0.o
LOAD ./Core/Src/extmem_manager.o
LOAD ./Core/Src/main.o
LOAD ./Core/Src/stm32h7rsxx_hal_msp.o
LOAD ./Core/Src/stm32h7rsxx_it.o
LOAD ./Core/Src/syscalls.o
LOAD ./Core/Src/sysmem.o
LOAD ./Core/Src/system_stm32h7rsxx.o
LOAD ./Core/Startup/startup_stm32h7s3l8hx.o
LOAD ./Drivers/STM32H7RSxx_HAL_Driver/stm32h7rsxx_hal.o
LOAD ./Drivers/STM32H7RSxx_HAL_Driver/stm32h7rsxx_hal_cortex.o
LOAD ./Drivers/STM32H7RSxx_HAL_Driver/stm32h7rsxx_hal_dcmipp.o
LOAD ./Drivers/STM32H7RSxx_HAL_Driver/stm32h7rsxx_hal_dma.o
LOAD ./Drivers/STM32H7RSxx_HAL_Driver/stm32h7rsxx_hal_dma_ex.o
LOAD ./Drivers/STM32H7RSxx_HAL_Driver/stm32h7rsxx_hal_exti.o
LOAD ./Drivers/STM32H7RSxx_HAL_Driver/stm32h7rsxx_hal_flash.o
LOAD ./Drivers/STM32H7RSxx_HAL_Driver/stm32h7rsxx_hal_flash_ex.o
LOAD ./Drivers/STM32H7RSxx_HAL_Driver/stm32h7rsxx_hal_gpio.o
LOAD ./Drivers/STM32H7RSxx_HAL_Driver/stm32h7rsxx_hal_nand.o
LOAD ./Drivers/STM32H7RSxx_HAL_Driver/stm32h7rsxx_hal_nor.o
LOAD ./Drivers/STM32H7RSxx_HAL_Driver/stm32h7rsxx_hal_pcd.o
LOAD ./Drivers/STM32H7RSxx_HAL_Driver/stm32h7rsxx_hal_pcd_ex.o
LOAD ./Drivers/STM32H7RSxx_HAL_Driver/stm32h7rsxx_hal_pwr.o
LOAD ./Drivers/STM32H7RSxx_HAL_Driver/stm32h7rsxx_hal_pwr_ex.o
LOAD ./Drivers/STM32H7RSxx_HAL_Driver/stm32h7rsxx_hal_rcc.o
LOAD ./Drivers/STM32H7RSxx_HAL_Driver/stm32h7rsxx_hal_rcc_ex.o
LOAD ./Drivers/STM32H7RSxx_HAL_Driver/stm32h7rsxx_hal_sdram.o
LOAD ./Drivers/STM32H7RSxx_HAL_Driver/stm32h7rsxx_hal_sram.o
LOAD ./Drivers/STM32H7RSxx_HAL_Driver/stm32h7rsxx_hal_xspi.o
LOAD ./Drivers/STM32H7RSxx_HAL_Driver/stm32h7rsxx_ll_fmc.o
LOAD ./Drivers/STM32H7RSxx_HAL_Driver/stm32h7rsxx_ll_usb.o
LOAD ./Middlewares/ST/STM32_ExtMem_Manager/stm32_boot_xip.o
LOAD ./Middlewares/ST/STM32_ExtMem_Manager/stm32_extmem.o
LOAD ./Middlewares/ST/STM32_ExtMem_Manager/stm32_psram_driver.o
LOAD ./Middlewares/ST/STM32_ExtMem_Manager/stm32_sal_sd.o
LOAD ./Middlewares/ST/STM32_ExtMem_Manager/stm32_sal_xspi.o
LOAD ./Middlewares/ST/STM32_ExtMem_Manager/stm32_sdcard_driver.o
LOAD ./Middlewares/ST/STM32_ExtMem_Manager/stm32_sfdp_data.o
LOAD ./Middlewares/ST/STM32_ExtMem_Manager/stm32_sfdp_driver.o
LOAD ./Middlewares/ST/STM32_ExtMem_Manager/stm32_user_driver.o
LOAD ./Middlewares/ST/STM32_USB_Device_Library/usbd_core.o
LOAD ./Middlewares/ST/STM32_USB_Device_Library/usbd_ctlreq.o
LOAD ./Middlewares/ST/STM32_USB_Device_Library/usbd_customhid.o
LOAD ./Middlewares/ST/STM32_USB_Device_Library/usbd_ioreq.o
LOAD ./USB_DEVICE/App/usb_device.o
LOAD ./USB_DEVICE/App/usbd_custom_hid_if.o
LOAD ./USB_DEVICE/App/usbd_desc.o
LOAD ./USB_DEVICE/Target/usbd_conf.o
START GROUP
LOAD C:/ST/STM32CubeIDE_1.19.0/STM32CubeIDE/plugins/com.st.stm32cube.ide.mcu.externaltools.gnu-tools-for-stm32.13.3.rel1.win32_1.0.0.202411081344/tools/bin/../lib/gcc/arm-none-eabi/13.3.1/../../../../arm-none-eabi/lib/thumb/v7e-m+dp/hard\libc_nano.a
LOAD C:/ST/STM32CubeIDE_1.19.0/STM32CubeIDE/plugins/com.st.stm32cube.ide.mcu.externaltools.gnu-tools-for-stm32.13.3.rel1.win32_1.0.0.202411081344/tools/bin/../lib/gcc/arm-none-eabi/13.3.1/../../../../arm-none-eabi/lib/thumb/v7e-m+dp/hard\libm.a
END GROUP
START GROUP
LOAD C:/ST/STM32CubeIDE_1.19.0/STM32CubeIDE/plugins/com.st.stm32cube.ide.mcu.externaltools.gnu-tools-for-stm32.13.3.rel1.win32_1.0.0.202411081344/tools/bin/../lib/gcc/arm-none-eabi/13.3.1/thumb/v7e-m+dp/hard\libgcc.a
LOAD C:/ST/STM32CubeIDE_1.19.0/STM32CubeIDE/plugins/com.st.stm32cube.ide.mcu.externaltools.gnu-tools-for-stm32.13.3.rel1.win32_1.0.0.202411081344/tools/bin/../lib/gcc/arm-none-eabi/13.3.1/../../../../arm-none-eabi/lib/thumb/v7e-m+dp/hard\libc_nano.a
END GROUP
START GROUP
LOAD C:/ST/STM32CubeIDE_1.19.0/STM32CubeIDE/plugins/com.st.stm32cube.ide.mcu.externaltools.gnu-tools-for-stm32.13.3.rel1.win32_1.0.0.202411081344/tools/bin/../lib/gcc/arm-none-eabi/13.3.1/thumb/v7e-m+dp/hard\libgcc.a
LOAD C:/ST/STM32CubeIDE_1.19.0/STM32CubeIDE/plugins/com.st.stm32cube.ide.mcu.externaltools.gnu-tools-for-stm32.13.3.rel1.win32_1.0.0.202411081344/tools/bin/../lib/gcc/arm-none-eabi/13.3.1/../../../../arm-none-eabi/lib/thumb/v7e-m+dp/hard\libc_nano.a
LOAD C:/ST/STM32CubeIDE_1.19.0/STM32CubeIDE/plugins/com.st.stm32cube.ide.mcu.externaltools.gnu-tools-for-stm32.13.3.rel1.win32_1.0.0.202411081344/tools/bin/../lib/gcc/arm-none-eabi/13.3.1/../../../../arm-none-eabi/lib/thumb/v7e-m+dp/hard\libnosys.a
END GROUP
START GROUP
LOAD C:/ST/STM32CubeIDE_1.19.0/STM32CubeIDE/plugins/com.st.stm32cube.ide.mcu.externaltools.gnu-tools-for-stm32.13.3.rel1.win32_1.0.0.202411081344/tools/bin/../lib/gcc/arm-none-eabi/13.3.1/thumb/v7e-m+dp/hard\libgcc.a
LOAD C:/ST/STM32CubeIDE_1.19.0/STM32CubeIDE/plugins/com.st.stm32cube.ide.mcu.externaltools.gnu-tools-for-stm32.13.3.rel1.win32_1.0.0.202411081344/tools/bin/../lib/gcc/arm-none-eabi/13.3.1/../../../../arm-none-eabi/lib/thumb/v7e-m+dp/hard\libc_nano.a
LOAD C:/ST/STM32CubeIDE_1.19.0/STM32CubeIDE/plugins/com.st.stm32cube.ide.mcu.externaltools.gnu-tools-for-stm32.13.3.rel1.win32_1.0.0.202411081344/tools/bin/../lib/gcc/arm-none-eabi/13.3.1/../../../../arm-none-eabi/lib/thumb/v7e-m+dp/hard\libnosys.a
END GROUP
LOAD C:/ST/STM32CubeIDE_1.19.0/STM32CubeIDE/plugins/com.st.stm32cube.ide.mcu.externaltools.gnu-tools-for-stm32.13.3.rel1.win32_1.0.0.202411081344/tools/bin/../lib/gcc/arm-none-eabi/13.3.1/thumb/v7e-m+dp/hard/crtend.o
LOAD C:/ST/STM32CubeIDE_1.19.0/STM32CubeIDE/plugins/com.st.stm32cube.ide.mcu.externaltools.gnu-tools-for-stm32.13.3.rel1.win32_1.0.0.202411081344/tools/bin/../lib/gcc/arm-none-eabi/13.3.1/thumb/v7e-m+dp/hard/crtn.o
                0x20010000                        _estack = (ORIGIN (DTCM) + LENGTH (DTCM))
                0x00000200                        _Min_Heap_Size = 0x200
                0x00000400                        _Min_Stack_Size = 0x400
                0x08000000                        __FLASH_BEGIN = 0x8000000
                0x00010000                        __FLASH_SIZE = 0x10000
                0x24000000                        __RAM_BEGIN = 0x24000000
                0x00071c00                        __RAM_SIZE = 0x71c00
                0x00000400                        __RAM_NONCACHEABLEBUFFER_SIZE = 0x400

.isr_vector     0x08000000      0x2b0
                0x08000000                        . = ALIGN (0x4)
 *(.isr_vector)
 .isr_vector    0x08000000      0x2b0 ./Core/Startup/startup_stm32h7s3l8hx.o
                0x08000000                g_pfnVectors
                0x080002b0                        . = ALIGN (0x4)

.text           0x080002b0     0x3d28
                0x080002b0                        . = ALIGN (0x4)
 *(.text)
 .text          0x080002b0       0x40 C:/ST/STM32CubeIDE_1.19.0/STM32CubeIDE/plugins/com.st.stm32cube.ide.mcu.externaltools.gnu-tools-for-stm32.13.3.rel1.win32_1.0.0.202411081344/tools/bin/../lib/gcc/arm-none-eabi/13.3.1/thumb/v7e-m+dp/hard/crtbegin.o
 *(.text*)
 .text.Error_Handler
                0x080002f0        0xc ./Core/Src/main.o
                0x080002f0                Error_Handler
 .text.NMI_Handler
                0x080002fc        0x8 ./Core/Src/stm32h7rsxx_it.o
                0x080002fc                NMI_Handler
 .text.HardFault_Handler
                0x08000304        0x8 ./Core/Src/stm32h7rsxx_it.o
                0x08000304                HardFault_Handler
 .text.MemManage_Handler
                0x0800030c        0x8 ./Core/Src/stm32h7rsxx_it.o
                0x0800030c                MemManage_Handler
 .text.BusFault_Handler
                0x08000314        0x8 ./Core/Src/stm32h7rsxx_it.o
                0x08000314                BusFault_Handler
 .text.UsageFault_Handler
                0x0800031c        0x8 ./Core/Src/stm32h7rsxx_it.o
                0x0800031c                UsageFault_Handler
 .text.SVC_Handler
                0x08000324        0xe ./Core/Src/stm32h7rsxx_it.o
                0x08000324                SVC_Handler
 .text.DebugMon_Handler
                0x08000332        0xe ./Core/Src/stm32h7rsxx_it.o
                0x08000332                DebugMon_Handler
 .text.PendSV_Handler
                0x08000340        0xe ./Core/Src/stm32h7rsxx_it.o
                0x08000340                PendSV_Handler
 .text.SysTick_Handler
                0x0800034e        0xc ./Core/Src/stm32h7rsxx_it.o
                0x0800034e                SysTick_Handler
 *fill*         0x0800035a        0x2 
 .text.OTG_HS_IRQHandler
                0x0800035c       0x14 ./Core/Src/stm32h7rsxx_it.o
                0x0800035c                OTG_HS_IRQHandler
 .text.SystemInit
                0x08000370       0x2c ./Core/Src/system_stm32h7rsxx.o
                0x08000370                SystemInit
 .text.Reset_Handler
                0x0800039c       0x50 ./Core/Startup/startup_stm32h7s3l8hx.o
                0x0800039c                Reset_Handler
 .text.Default_Handler
                0x080003ec        0x2 ./Core/Startup/startup_stm32h7s3l8hx.o
                0x080003ec                HPDMA1_Channel13_IRQHandler
                0x080003ec                EXTI2_IRQHandler
                0x080003ec                MCE2_IRQHandler
                0x080003ec                SAI1_A_IRQHandler
                0x080003ec                EXTI5_IRQHandler
                0x080003ec                I3C1_ER_IRQHandler
                0x080003ec                UART8_IRQHandler
                0x080003ec                SPI4_IRQHandler
                0x080003ec                EXTI13_IRQHandler
                0x080003ec                TIM1_CC_IRQHandler
                0x080003ec                XSPI1_IRQHandler
                0x080003ec                JPEG_IRQHandler
                0x080003ec                TAMP_IRQHandler
                0x080003ec                TIM6_IRQHandler
                0x080003ec                EXTI12_IRQHandler
                0x080003ec                CORDIC_IRQHandler
                0x080003ec                GFXTIM_IRQHandler
                0x080003ec                EXTI3_IRQHandler
                0x080003ec                LPTIM4_IRQHandler
                0x080003ec                GPDMA1_Channel5_IRQHandler
                0x080003ec                EXTI8_IRQHandler
                0x080003ec                LPTIM2_IRQHandler
                0x080003ec                GFXMMU_IRQHandler
                0x080003ec                I2C3_ER_IRQHandler
                0x080003ec                LPTIM3_IRQHandler
                0x080003ec                SAI2_A_IRQHandler
                0x080003ec                EXTI0_IRQHandler
                0x080003ec                HPDMA1_Channel9_IRQHandler
                0x080003ec                I2C2_EV_IRQHandler
                0x080003ec                FPU_IRQHandler
                0x080003ec                GPDMA1_Channel3_IRQHandler
                0x080003ec                GPDMA1_Channel7_IRQHandler
                0x080003ec                FDCAN1_IT1_IRQHandler
                0x080003ec                HPDMA1_Channel3_IRQHandler
                0x080003ec                ADC1_2_IRQHandler
                0x080003ec                GPDMA1_Channel9_IRQHandler
                0x080003ec                SPI1_IRQHandler
                0x080003ec                SAI1_B_IRQHandler
                0x080003ec                GPDMA1_Channel2_IRQHandler
                0x080003ec                I3C1_WKUP_IRQHandler
                0x080003ec                PKA_IRQHandler
                0x080003ec                HPDMA1_Channel2_IRQHandler
                0x080003ec                EXTI15_IRQHandler
                0x080003ec                TIM17_IRQHandler
                0x080003ec                USART3_IRQHandler
                0x080003ec                HPDMA1_Channel6_IRQHandler
                0x080003ec                CRYP_IRQHandler
                0x080003ec                RTC_IRQHandler
                0x080003ec                XSPI2_IRQHandler
                0x080003ec                EXTI9_IRQHandler
                0x080003ec                HPDMA1_Channel0_IRQHandler
                0x080003ec                LPTIM5_IRQHandler
                0x080003ec                HPDMA1_Channel1_IRQHandler
                0x080003ec                UART5_IRQHandler
                0x080003ec                TIM4_IRQHandler
                0x080003ec                I2C1_EV_IRQHandler
                0x080003ec                GPDMA1_Channel12_IRQHandler
                0x080003ec                HPDMA1_Channel7_IRQHandler
                0x080003ec                GPDMA1_Channel1_IRQHandler
                0x080003ec                TIM16_IRQHandler
                0x080003ec                GPDMA1_Channel15_IRQHandler
                0x080003ec                UART4_IRQHandler
                0x080003ec                TIM3_IRQHandler
                0x080003ec                RCC_IRQHandler
                0x080003ec                TIM1_TRG_COM_IRQHandler
                0x080003ec                SAI2_B_IRQHandler
                0x080003ec                Default_Handler
                0x080003ec                GPDMA1_Channel8_IRQHandler
                0x080003ec                HPDMA1_Channel8_IRQHandler
                0x080003ec                CEC_IRQHandler
                0x080003ec                TIM14_IRQHandler
                0x080003ec                TIM13_IRQHandler
                0x080003ec                GPDMA1_Channel11_IRQHandler
                0x080003ec                SPI5_IRQHandler
                0x080003ec                TIM12_IRQHandler
                0x080003ec                TIM7_IRQHandler
                0x080003ec                HPDMA1_Channel10_IRQHandler
                0x080003ec                SDMMC1_IRQHandler
                0x080003ec                SAES_IRQHandler
                0x080003ec                TIM5_IRQHandler
                0x080003ec                UCPD1_IRQHandler
                0x080003ec                GPDMA1_Channel0_IRQHandler
                0x080003ec                I3C1_EV_IRQHandler
                0x080003ec                HPDMA1_Channel5_IRQHandler
                0x080003ec                TIM15_IRQHandler
                0x080003ec                I2C3_EV_IRQHandler
                0x080003ec                HPDMA1_Channel4_IRQHandler
                0x080003ec                HPDMA1_Channel15_IRQHandler
                0x080003ec                TIM9_IRQHandler
                0x080003ec                SPDIF_RX_IRQHandler
                0x080003ec                PVD_PVM_IRQHandler
                0x080003ec                SPI2_IRQHandler
                0x080003ec                HPDMA1_Channel11_IRQHandler
                0x080003ec                EXTI14_IRQHandler
                0x080003ec                EXTI11_IRQHandler
                0x080003ec                CRS_IRQHandler
                0x080003ec                GPDMA1_Channel14_IRQHandler
                0x080003ec                EXTI4_IRQHandler
                0x080003ec                GPDMA1_Channel13_IRQHandler
                0x080003ec                RNG_IRQHandler
                0x080003ec                FDCAN2_IT1_IRQHandler
                0x080003ec                ETH_IRQHandler
                0x080003ec                TIM1_UP_IRQHandler
                0x080003ec                WWDG_IRQHandler
                0x080003ec                SPI6_IRQHandler
                0x080003ec                MDIOS_IRQHandler
                0x080003ec                FDCAN2_IT0_IRQHandler
                0x080003ec                IWDG_IRQHandler
                0x080003ec                HPDMA1_Channel14_IRQHandler
                0x080003ec                LPUART1_IRQHandler
                0x080003ec                FDCAN1_IT0_IRQHandler
                0x080003ec                TIM2_IRQHandler
                0x080003ec                PSSI_IRQHandler
                0x080003ec                MCE3_IRQHandler
                0x080003ec                GPDMA1_Channel4_IRQHandler
                0x080003ec                EXTI7_IRQHandler
                0x080003ec                DMA2D_IRQHandler
                0x080003ec                TIM1_BRK_IRQHandler
                0x080003ec                EXTI1_IRQHandler
                0x080003ec                SDMMC2_IRQHandler
                0x080003ec                UART7_IRQHandler
                0x080003ec                DTS_IRQHandler
                0x080003ec                USART2_IRQHandler
                0x080003ec                GPDMA1_Channel6_IRQHandler
                0x080003ec                ADF1_FLT0_IRQHandler
                0x080003ec                RAMECC_IRQHandler
                0x080003ec                I2C2_ER_IRQHandler
                0x080003ec                MCE1_IRQHandler
                0x080003ec                HPDMA1_Channel12_IRQHandler
                0x080003ec                FLASH_IRQHandler
                0x080003ec                USART1_IRQHandler
                0x080003ec                EXTI10_IRQHandler
                0x080003ec                OTG_FS_IRQHandler
                0x080003ec                SPI3_IRQHandler
                0x080003ec                WAKEUP_PIN_IRQHandler
                0x080003ec                DCMIPP_IRQHandler
                0x080003ec                I2C1_ER_IRQHandler
                0x080003ec                FMC_IRQHandler
                0x080003ec                EXTI6_IRQHandler
                0x080003ec                LPTIM1_IRQHandler
                0x080003ec                GPDMA1_Channel10_IRQHandler
                0x080003ec                HASH_IRQHandler
 *fill*         0x080003ee        0x2 
 .text.HAL_IncTick
                0x080003f0       0x28 ./Drivers/STM32H7RSxx_HAL_Driver/stm32h7rsxx_hal.o
                0x080003f0                HAL_IncTick
 .text.HAL_SuspendTick
                0x08000418       0x20 ./Drivers/STM32H7RSxx_HAL_Driver/stm32h7rsxx_hal.o
                0x08000418                HAL_SuspendTick
 .text.HAL_ResumeTick
                0x08000438       0x20 ./Drivers/STM32H7RSxx_HAL_Driver/stm32h7rsxx_hal.o
                0x08000438                HAL_ResumeTick
 .text.HAL_PCD_IRQHandler
                0x08000458      0x99c ./Drivers/STM32H7RSxx_HAL_Driver/stm32h7rsxx_hal_pcd.o
                0x08000458                HAL_PCD_IRQHandler
 .text.HAL_PCD_SetAddress
                0x08000df4       0x48 ./Drivers/STM32H7RSxx_HAL_Driver/stm32h7rsxx_hal_pcd.o
                0x08000df4                HAL_PCD_SetAddress
 .text.HAL_PCD_EP_Open
                0x08000e3c       0xd4 ./Drivers/STM32H7RSxx_HAL_Driver/stm32h7rsxx_hal_pcd.o
                0x08000e3c                HAL_PCD_EP_Open
 .text.HAL_PCD_EP_Receive
                0x08000f10       0x76 ./Drivers/STM32H7RSxx_HAL_Driver/stm32h7rsxx_hal_pcd.o
                0x08000f10                HAL_PCD_EP_Receive
 .text.HAL_PCD_EP_Transmit
                0x08000f86       0x74 ./Drivers/STM32H7RSxx_HAL_Driver/stm32h7rsxx_hal_pcd.o
                0x08000f86                HAL_PCD_EP_Transmit
 .text.HAL_PCD_EP_SetStall
                0x08000ffa       0xc6 ./Drivers/STM32H7RSxx_HAL_Driver/stm32h7rsxx_hal_pcd.o
                0x08000ffa                HAL_PCD_EP_SetStall
 .text.HAL_PCD_EP_ClrStall
                0x080010c0       0xac ./Drivers/STM32H7RSxx_HAL_Driver/stm32h7rsxx_hal_pcd.o
                0x080010c0                HAL_PCD_EP_ClrStall
 .text.HAL_PCD_EP_Abort
                0x0800116c       0x62 ./Drivers/STM32H7RSxx_HAL_Driver/stm32h7rsxx_hal_pcd.o
                0x0800116c                HAL_PCD_EP_Abort
 .text.PCD_WriteEmptyTxFifo
                0x080011ce      0x118 ./Drivers/STM32H7RSxx_HAL_Driver/stm32h7rsxx_hal_pcd.o
 *fill*         0x080012e6        0x2 
 .text.PCD_EP_OutXfrComplete_int
                0x080012e8      0x1d0 ./Drivers/STM32H7RSxx_HAL_Driver/stm32h7rsxx_hal_pcd.o
 .text.PCD_EP_OutSetupPacket_int
                0x080014b8       0x8c ./Drivers/STM32H7RSxx_HAL_Driver/stm32h7rsxx_hal_pcd.o
 .text.HAL_PCDEx_LPM_Callback
                0x08001544       0x18 ./Drivers/STM32H7RSxx_HAL_Driver/stm32h7rsxx_hal_pcd_ex.o
                0x08001544                HAL_PCDEx_LPM_Callback
 .text.HAL_RCC_GetSysClockFreq
                0x0800155c      0x2cc ./Drivers/STM32H7RSxx_HAL_Driver/stm32h7rsxx_hal_rcc.o
                0x0800155c                HAL_RCC_GetSysClockFreq
 .text.HAL_RCC_GetHCLKFreq
                0x08001828       0x50 ./Drivers/STM32H7RSxx_HAL_Driver/stm32h7rsxx_hal_rcc.o
                0x08001828                HAL_RCC_GetHCLKFreq
 .text.USB_SetTurnaroundTime
                0x08001878      0x144 ./Drivers/STM32H7RSxx_HAL_Driver/stm32h7rsxx_ll_usb.o
                0x08001878                USB_SetTurnaroundTime
 .text.USB_FlushTxFifo
                0x080019bc       0x64 ./Drivers/STM32H7RSxx_HAL_Driver/stm32h7rsxx_ll_usb.o
                0x080019bc                USB_FlushTxFifo
 .text.USB_GetDevSpeed
                0x08001a20       0x4a ./Drivers/STM32H7RSxx_HAL_Driver/stm32h7rsxx_ll_usb.o
                0x08001a20                USB_GetDevSpeed
 *fill*         0x08001a6a        0x2 
 .text.USB_ActivateEndpoint
                0x08001a6c      0x110 ./Drivers/STM32H7RSxx_HAL_Driver/stm32h7rsxx_ll_usb.o
                0x08001a6c                USB_ActivateEndpoint
 .text.USB_EPStartXfer
                0x08001b7c      0x548 ./Drivers/STM32H7RSxx_HAL_Driver/stm32h7rsxx_ll_usb.o
                0x08001b7c                USB_EPStartXfer
 .text.USB_EPStopXfer
                0x080020c4      0x154 ./Drivers/STM32H7RSxx_HAL_Driver/stm32h7rsxx_ll_usb.o
                0x080020c4                USB_EPStopXfer
 .text.USB_WritePacket
                0x08002218       0x7c ./Drivers/STM32H7RSxx_HAL_Driver/stm32h7rsxx_ll_usb.o
                0x08002218                USB_WritePacket
 .text.USB_ReadPacket
                0x08002294       0xb0 ./Drivers/STM32H7RSxx_HAL_Driver/stm32h7rsxx_ll_usb.o
                0x08002294                USB_ReadPacket
 .text.USB_EPSetStall
                0x08002344       0xdc ./Drivers/STM32H7RSxx_HAL_Driver/stm32h7rsxx_ll_usb.o
                0x08002344                USB_EPSetStall
 .text.USB_EPClearStall
                0x08002420       0xcc ./Drivers/STM32H7RSxx_HAL_Driver/stm32h7rsxx_ll_usb.o
                0x08002420                USB_EPClearStall
 .text.USB_SetDevAddress
                0x080024ec       0x4c ./Drivers/STM32H7RSxx_HAL_Driver/stm32h7rsxx_ll_usb.o
                0x080024ec                USB_SetDevAddress
 .text.USB_ReadInterrupts
                0x08002538       0x26 ./Drivers/STM32H7RSxx_HAL_Driver/stm32h7rsxx_ll_usb.o
                0x08002538                USB_ReadInterrupts
 .text.USB_ReadDevAllOutEpInterrupt
                0x0800255e       0x34 ./Drivers/STM32H7RSxx_HAL_Driver/stm32h7rsxx_ll_usb.o
                0x0800255e                USB_ReadDevAllOutEpInterrupt
 .text.USB_ReadDevAllInEpInterrupt
                0x08002592       0x34 ./Drivers/STM32H7RSxx_HAL_Driver/stm32h7rsxx_ll_usb.o
                0x08002592                USB_ReadDevAllInEpInterrupt
 .text.USB_ReadDevOutEPInterrupt
                0x080025c6       0x3c ./Drivers/STM32H7RSxx_HAL_Driver/stm32h7rsxx_ll_usb.o
                0x080025c6                USB_ReadDevOutEPInterrupt
 .text.USB_ReadDevInEPInterrupt
                0x08002602       0x5c ./Drivers/STM32H7RSxx_HAL_Driver/stm32h7rsxx_ll_usb.o
                0x08002602                USB_ReadDevInEPInterrupt
 .text.USB_GetMode
                0x0800265e       0x1c ./Drivers/STM32H7RSxx_HAL_Driver/stm32h7rsxx_ll_usb.o
                0x0800265e                USB_GetMode
 *fill*         0x0800267a        0x2 
 .text.USB_ActivateSetup
                0x0800267c       0x48 ./Drivers/STM32H7RSxx_HAL_Driver/stm32h7rsxx_ll_usb.o
                0x0800267c                USB_ActivateSetup
 .text.USB_EP0_OutStart
                0x080026c4       0xbc ./Drivers/STM32H7RSxx_HAL_Driver/stm32h7rsxx_ll_usb.o
                0x080026c4                USB_EP0_OutStart
 .text.USBD_RunTestMode
                0x08002780       0x16 ./Middlewares/ST/STM32_USB_Device_Library/usbd_core.o
                0x08002780                USBD_RunTestMode
 .text.USBD_SetClassConfig
                0x08002796       0x38 ./Middlewares/ST/STM32_USB_Device_Library/usbd_core.o
                0x08002796                USBD_SetClassConfig
 .text.USBD_ClrClassConfig
                0x080027ce       0x34 ./Middlewares/ST/STM32_USB_Device_Library/usbd_core.o
                0x080027ce                USBD_ClrClassConfig
 .text.USBD_LL_SetupStage
                0x08002802       0xaa ./Middlewares/ST/STM32_USB_Device_Library/usbd_core.o
                0x08002802                USBD_LL_SetupStage
 .text.USBD_LL_DataOutStage
                0x080028ac      0x166 ./Middlewares/ST/STM32_USB_Device_Library/usbd_core.o
                0x080028ac                USBD_LL_DataOutStage
 .text.USBD_LL_DataInStage
                0x08002a12      0x164 ./Middlewares/ST/STM32_USB_Device_Library/usbd_core.o
                0x08002a12                USBD_LL_DataInStage
 .text.USBD_LL_Reset
                0x08002b76       0xa4 ./Middlewares/ST/STM32_USB_Device_Library/usbd_core.o
                0x08002b76                USBD_LL_Reset
 .text.USBD_LL_SetSpeed
                0x08002c1a       0x20 ./Middlewares/ST/STM32_USB_Device_Library/usbd_core.o
                0x08002c1a                USBD_LL_SetSpeed
 .text.USBD_LL_Suspend
                0x08002c3a       0x38 ./Middlewares/ST/STM32_USB_Device_Library/usbd_core.o
                0x08002c3a                USBD_LL_Suspend
 .text.USBD_LL_Resume
                0x08002c72       0x30 ./Middlewares/ST/STM32_USB_Device_Library/usbd_core.o
                0x08002c72                USBD_LL_Resume
 .text.USBD_LL_SOF
                0x08002ca2       0x40 ./Middlewares/ST/STM32_USB_Device_Library/usbd_core.o
                0x08002ca2                USBD_LL_SOF
 .text.USBD_LL_IsoINIncomplete
                0x08002ce2       0x64 ./Middlewares/ST/STM32_USB_Device_Library/usbd_core.o
                0x08002ce2                USBD_LL_IsoINIncomplete
 .text.USBD_LL_IsoOUTIncomplete
                0x08002d46       0x64 ./Middlewares/ST/STM32_USB_Device_Library/usbd_core.o
                0x08002d46                USBD_LL_IsoOUTIncomplete
 .text.USBD_LL_DevConnected
                0x08002daa       0x16 ./Middlewares/ST/STM32_USB_Device_Library/usbd_core.o
                0x08002daa                USBD_LL_DevConnected
 .text.USBD_LL_DevDisconnected
                0x08002dc0       0x46 ./Middlewares/ST/STM32_USB_Device_Library/usbd_core.o
                0x08002dc0                USBD_LL_DevDisconnected
 .text.USBD_CoreFindIF
                0x08002e06       0x1a ./Middlewares/ST/STM32_USB_Device_Library/usbd_core.o
                0x08002e06                USBD_CoreFindIF
 .text.USBD_CoreFindEP
                0x08002e20       0x1a ./Middlewares/ST/STM32_USB_Device_Library/usbd_core.o
                0x08002e20                USBD_CoreFindEP
 .text.SWAPBYTE
                0x08002e3a       0x3e ./Middlewares/ST/STM32_USB_Device_Library/usbd_ctlreq.o
 .text.USBD_StdDevReq
                0x08002e78       0xe4 ./Middlewares/ST/STM32_USB_Device_Library/usbd_ctlreq.o
                0x08002e78                USBD_StdDevReq
 .text.USBD_StdItfReq
                0x08002f5c       0xd8 ./Middlewares/ST/STM32_USB_Device_Library/usbd_ctlreq.o
                0x08002f5c                USBD_StdItfReq
 .text.USBD_StdEPReq
                0x08003034      0x33a ./Middlewares/ST/STM32_USB_Device_Library/usbd_ctlreq.o
                0x08003034                USBD_StdEPReq
 *fill*         0x0800336e        0x2 
 .text.USBD_GetDescriptor
                0x08003370      0x328 ./Middlewares/ST/STM32_USB_Device_Library/usbd_ctlreq.o
 .text.USBD_SetAddress
                0x08003698       0x88 ./Middlewares/ST/STM32_USB_Device_Library/usbd_ctlreq.o
 .text.USBD_SetConfig
                0x08003720      0x154 ./Middlewares/ST/STM32_USB_Device_Library/usbd_ctlreq.o
 .text.USBD_GetConfig
                0x08003874       0x6c ./Middlewares/ST/STM32_USB_Device_Library/usbd_ctlreq.o
 .text.USBD_GetStatus
                0x080038e0       0x68 ./Middlewares/ST/STM32_USB_Device_Library/usbd_ctlreq.o
 .text.USBD_SetFeature
                0x08003948       0x52 ./Middlewares/ST/STM32_USB_Device_Library/usbd_ctlreq.o
 .text.USBD_ClrFeature
                0x0800399a       0x44 ./Middlewares/ST/STM32_USB_Device_Library/usbd_ctlreq.o
 .text.USBD_ParseSetupRequest
                0x080039de       0x74 ./Middlewares/ST/STM32_USB_Device_Library/usbd_ctlreq.o
                0x080039de                USBD_ParseSetupRequest
 .text.USBD_CtlError
                0x08003a52       0x22 ./Middlewares/ST/STM32_USB_Device_Library/usbd_ctlreq.o
                0x08003a52                USBD_CtlError
 .text.USBD_CtlSendData
                0x08003a74       0x36 ./Middlewares/ST/STM32_USB_Device_Library/usbd_ioreq.o
                0x08003a74                USBD_CtlSendData
 .text.USBD_CtlContinueSendData
                0x08003aaa       0x22 ./Middlewares/ST/STM32_USB_Device_Library/usbd_ioreq.o
                0x08003aaa                USBD_CtlContinueSendData
 .text.USBD_CtlContinueRx
                0x08003acc       0x22 ./Middlewares/ST/STM32_USB_Device_Library/usbd_ioreq.o
                0x08003acc                USBD_CtlContinueRx
 .text.USBD_CtlSendStatus
                0x08003aee       0x26 ./Middlewares/ST/STM32_USB_Device_Library/usbd_ioreq.o
                0x08003aee                USBD_CtlSendStatus
 .text.USBD_CtlReceiveStatus
                0x08003b14       0x26 ./Middlewares/ST/STM32_USB_Device_Library/usbd_ioreq.o
                0x08003b14                USBD_CtlReceiveStatus
 .text.HAL_PCD_SetupStageCallback
                0x08003b3a       0x24 ./USB_DEVICE/Target/usbd_conf.o
                0x08003b3a                HAL_PCD_SetupStageCallback
 .text.HAL_PCD_DataOutStageCallback
                0x08003b5e       0x36 ./USB_DEVICE/Target/usbd_conf.o
                0x08003b5e                HAL_PCD_DataOutStageCallback
 .text.HAL_PCD_DataInStageCallback
                0x08003b94       0x34 ./USB_DEVICE/Target/usbd_conf.o
                0x08003b94                HAL_PCD_DataInStageCallback
 .text.HAL_PCD_SOFCallback
                0x08003bc8       0x1c ./USB_DEVICE/Target/usbd_conf.o
                0x08003bc8                HAL_PCD_SOFCallback
 .text.HAL_PCD_ResetCallback
                0x08003be4       0x50 ./USB_DEVICE/Target/usbd_conf.o
                0x08003be4                HAL_PCD_ResetCallback
 .text.HAL_PCD_SuspendCallback
                0x08003c34       0x38 ./USB_DEVICE/Target/usbd_conf.o
                0x08003c34                HAL_PCD_SuspendCallback
 .text.HAL_PCD_ResumeCallback
                0x08003c6c       0x50 ./USB_DEVICE/Target/usbd_conf.o
                0x08003c6c                HAL_PCD_ResumeCallback
 .text.HAL_PCD_ISOOUTIncompleteCallback
                0x08003cbc       0x24 ./USB_DEVICE/Target/usbd_conf.o
                0x08003cbc                HAL_PCD_ISOOUTIncompleteCallback
 .text.HAL_PCD_ISOINIncompleteCallback
                0x08003ce0       0x24 ./USB_DEVICE/Target/usbd_conf.o
                0x08003ce0                HAL_PCD_ISOINIncompleteCallback
 .text.HAL_PCD_ConnectCallback
                0x08003d04       0x1c ./USB_DEVICE/Target/usbd_conf.o
                0x08003d04                HAL_PCD_ConnectCallback
 .text.HAL_PCD_DisconnectCallback
                0x08003d20       0x1c ./USB_DEVICE/Target/usbd_conf.o
                0x08003d20                HAL_PCD_DisconnectCallback
 .text.USBD_LL_OpenEP
                0x08003d3c       0x4c ./USB_DEVICE/Target/usbd_conf.o
                0x08003d3c                USBD_LL_OpenEP
 .text.USBD_LL_StallEP
                0x08003d88       0x3e ./USB_DEVICE/Target/usbd_conf.o
                0x08003d88                USBD_LL_StallEP
 .text.USBD_LL_ClearStallEP
                0x08003dc6       0x3e ./USB_DEVICE/Target/usbd_conf.o
                0x08003dc6                USBD_LL_ClearStallEP
 .text.USBD_LL_IsStallEP
                0x08003e04       0x58 ./USB_DEVICE/Target/usbd_conf.o
                0x08003e04                USBD_LL_IsStallEP
 .text.USBD_LL_SetUSBAddress
                0x08003e5c       0x3e ./USB_DEVICE/Target/usbd_conf.o
                0x08003e5c                USBD_LL_SetUSBAddress
 .text.USBD_LL_Transmit
                0x08003e9a       0x42 ./USB_DEVICE/Target/usbd_conf.o
                0x08003e9a                USBD_LL_Transmit
 .text.USBD_LL_PrepareReceive
                0x08003edc       0x42 ./USB_DEVICE/Target/usbd_conf.o
                0x08003edc                USBD_LL_PrepareReceive
 *fill*         0x08003f1e        0x2 
 .text.USBD_Get_USB_Status
                0x08003f20       0x58 ./USB_DEVICE/Target/usbd_conf.o
                0x08003f20                USBD_Get_USB_Status
 .text.__libc_init_array
                0x08003f78       0x48 C:/ST/STM32CubeIDE_1.19.0/STM32CubeIDE/plugins/com.st.stm32cube.ide.mcu.externaltools.gnu-tools-for-stm32.13.3.rel1.win32_1.0.0.202411081344/tools/bin/../lib/gcc/arm-none-eabi/13.3.1/../../../../arm-none-eabi/lib/thumb/v7e-m+dp/hard\libc_nano.a(libc_a-init.o)
                0x08003f78                __libc_init_array
 *(.glue_7)
 .glue_7        0x08003fc0        0x0 linker stubs
 *(.glue_7t)
 .glue_7t       0x08003fc0        0x0 linker stubs
 *(.eh_frame)
 .eh_frame      0x08003fc0        0x0 C:/ST/STM32CubeIDE_1.19.0/STM32CubeIDE/plugins/com.st.stm32cube.ide.mcu.externaltools.gnu-tools-for-stm32.13.3.rel1.win32_1.0.0.202411081344/tools/bin/../lib/gcc/arm-none-eabi/13.3.1/thumb/v7e-m+dp/hard/crtbegin.o
 *(.init)
 .init          0x08003fc0        0x4 C:/ST/STM32CubeIDE_1.19.0/STM32CubeIDE/plugins/com.st.stm32cube.ide.mcu.externaltools.gnu-tools-for-stm32.13.3.rel1.win32_1.0.0.202411081344/tools/bin/../lib/gcc/arm-none-eabi/13.3.1/thumb/v7e-m+dp/hard/crti.o
                0x08003fc0                _init
 .init          0x08003fc4        0x8 C:/ST/STM32CubeIDE_1.19.0/STM32CubeIDE/plugins/com.st.stm32cube.ide.mcu.externaltools.gnu-tools-for-stm32.13.3.rel1.win32_1.0.0.202411081344/tools/bin/../lib/gcc/arm-none-eabi/13.3.1/thumb/v7e-m+dp/hard/crtn.o
 *(.fini)
 .fini          0x08003fcc        0x4 C:/ST/STM32CubeIDE_1.19.0/STM32CubeIDE/plugins/com.st.stm32cube.ide.mcu.externaltools.gnu-tools-for-stm32.13.3.rel1.win32_1.0.0.202411081344/tools/bin/../lib/gcc/arm-none-eabi/13.3.1/thumb/v7e-m+dp/hard/crti.o
                0x08003fcc                _fini
 .fini          0x08003fd0        0x8 C:/ST/STM32CubeIDE_1.19.0/STM32CubeIDE/plugins/com.st.stm32cube.ide.mcu.externaltools.gnu-tools-for-stm32.13.3.rel1.win32_1.0.0.202411081344/tools/bin/../lib/gcc/arm-none-eabi/13.3.1/thumb/v7e-m+dp/hard/crtn.o
                0x08003fd8                        . = ALIGN (0x4)
                0x08003fd8                        _etext = .

.vfp11_veneer   0x08003fd8        0x0
 .vfp11_veneer  0x08003fd8        0x0 linker stubs

.v4_bx          0x08003fd8        0x0
 .v4_bx         0x08003fd8        0x0 linker stubs

.iplt           0x08003fd8        0x0
 .iplt          0x08003fd8        0x0 C:/ST/STM32CubeIDE_1.19.0/STM32CubeIDE/plugins/com.st.stm32cube.ide.mcu.externaltools.gnu-tools-for-stm32.13.3.rel1.win32_1.0.0.202411081344/tools/bin/../lib/gcc/arm-none-eabi/13.3.1/thumb/v7e-m+dp/hard/crtbegin.o

.rodata         0x08003fd8        0x8
                0x08003fd8                        . = ALIGN (0x4)
 *(.rodata)
 .rodata        0x08003fd8        0x8 ./Drivers/STM32H7RSxx_HAL_Driver/stm32h7rsxx_hal_rcc.o
 *(.rodata*)
                0x08003fe0                        . = ALIGN (0x4)

.ARM.extab      0x08003fe0        0x0
                0x08003fe0                        . = ALIGN (0x4)
 *(.ARM.extab* .gnu.linkonce.armextab.*)
                0x08003fe0                        . = ALIGN (0x4)

.ARM            0x08003fe0        0x0
                0x08003fe0                        . = ALIGN (0x4)
                0x08003fe0                        __exidx_start = .
 *(.ARM.exidx*)
                0x08003fe0                        __exidx_end = .
                0x08003fe0                        . = ALIGN (0x4)

.preinit_array  0x08003fe0        0x0
                0x08003fe0                        . = ALIGN (0x4)
                0x08003fe0                        PROVIDE (__preinit_array_start = .)
 *(.preinit_array*)
                0x08003fe0                        PROVIDE (__preinit_array_end = .)
                0x08003fe0                        . = ALIGN (0x4)

.init_array     0x08003fe0        0x4
                0x08003fe0                        . = ALIGN (0x4)
                0x08003fe0                        PROVIDE (__init_array_start = .)
 *(SORT_BY_NAME(.init_array.*))
 *(.init_array*)
 .init_array    0x08003fe0        0x4 C:/ST/STM32CubeIDE_1.19.0/STM32CubeIDE/plugins/com.st.stm32cube.ide.mcu.externaltools.gnu-tools-for-stm32.13.3.rel1.win32_1.0.0.202411081344/tools/bin/../lib/gcc/arm-none-eabi/13.3.1/thumb/v7e-m+dp/hard/crtbegin.o
                0x08003fe4                        PROVIDE (__init_array_end = .)
                0x08003fe4                        . = ALIGN (0x4)

.fini_array     0x08003fe4        0x4
                0x08003fe4                        . = ALIGN (0x4)
                [!provide]                        PROVIDE (__fini_array_start = .)
 *(SORT_BY_NAME(.fini_array.*))
 *(.fini_array*)
 .fini_array    0x08003fe4        0x4 C:/ST/STM32CubeIDE_1.19.0/STM32CubeIDE/plugins/com.st.stm32cube.ide.mcu.externaltools.gnu-tools-for-stm32.13.3.rel1.win32_1.0.0.202411081344/tools/bin/../lib/gcc/arm-none-eabi/13.3.1/thumb/v7e-m+dp/hard/crtbegin.o
                [!provide]                        PROVIDE (__fini_array_end = .)
                0x08003fe8                        . = ALIGN (0x4)
                0x08003fe8                        _sidata = LOADADDR (.data)

.rel.dyn        0x08003fe8        0x0
 .rel.iplt      0x08003fe8        0x0 C:/ST/STM32CubeIDE_1.19.0/STM32CubeIDE/plugins/com.st.stm32cube.ide.mcu.externaltools.gnu-tools-for-stm32.13.3.rel1.win32_1.0.0.202411081344/tools/bin/../lib/gcc/arm-none-eabi/13.3.1/thumb/v7e-m+dp/hard/crtbegin.o

.data           0x24000000        0x4 load address 0x08003fe8
                0x24000000                        . = ALIGN (0x4)
                0x24000000                        _sdata = .
 *(.data)
 *(.data*)
 .data.uwTickFreq
                0x24000000        0x1 ./Drivers/STM32H7RSxx_HAL_Driver/stm32h7rsxx_hal.o
                0x24000000                uwTickFreq
 *(.RamFunc)
 *(.RamFunc*)
                0x24000004                        . = ALIGN (0x4)
 *fill*         0x24000001        0x3 
                0x24000004                        _edata = .

.igot.plt       0x24000004        0x0 load address 0x08003fec
 .igot.plt      0x24000004        0x0 C:/ST/STM32CubeIDE_1.19.0/STM32CubeIDE/plugins/com.st.stm32cube.ide.mcu.externaltools.gnu-tools-for-stm32.13.3.rel1.win32_1.0.0.202411081344/tools/bin/../lib/gcc/arm-none-eabi/13.3.1/thumb/v7e-m+dp/hard/crtbegin.o
                0x24000004                        . = ALIGN (0x4)

.bss            0x24000004      0x508 load address 0x08003fec
                0x24000004                        _sbss = .
                0x24000004                        __bss_start__ = _sbss
 *(.bss)
 .bss           0x24000004       0x1c C:/ST/STM32CubeIDE_1.19.0/STM32CubeIDE/plugins/com.st.stm32cube.ide.mcu.externaltools.gnu-tools-for-stm32.13.3.rel1.win32_1.0.0.202411081344/tools/bin/../lib/gcc/arm-none-eabi/13.3.1/thumb/v7e-m+dp/hard/crtbegin.o
 *(.bss*)
 .bss.uwTick    0x24000020        0x4 ./Drivers/STM32H7RSxx_HAL_Driver/stm32h7rsxx_hal.o
                0x24000020                uwTick
 .bss.cfgidx.0  0x24000024        0x1 ./Middlewares/ST/STM32_USB_Device_Library/usbd_ctlreq.o
 *fill*         0x24000025        0x3 
 .bss.hpcd_USB_OTG_HS
                0x24000028      0x4e4 ./USB_DEVICE/Target/usbd_conf.o
                0x24000028                hpcd_USB_OTG_HS
 *(COMMON)
                0x2400050c                        . = ALIGN (0x4)
                0x2400050c                        _ebss = .
                0x2400050c                        __bss_end__ = _ebss

RW_NONCACHEABLE
                0x24071c00        0x0
                0x24071c00                        __NONCACHEABLEBUFFER_BEGIN = .
 *(noncacheable_buffer)
                0x24071c00                        __NONCACHEABLEBUFFER_END = .

._user_heap_stack
                0x20000000      0x600
                0x20000000                        . = ALIGN (0x8)
                [!provide]                        PROVIDE (end = .)
                0x20000000                        PROVIDE (_end = .)
                0x20000200                        . = (. + _Min_Heap_Size)
 *fill*         0x20000000      0x200 
                0x20000600                        . = (. + _Min_Stack_Size)
 *fill*         0x20000200      0x400 
                0x20000600                        . = ALIGN (0x8)

/DISCARD/
 libc.a(*)
 libm.a(*)
 libgcc.a(*)

.ARM.attributes
                0x00000000       0x2e
 *(.ARM.attributes)
 .ARM.attributes
                0x00000000       0x20 C:/ST/STM32CubeIDE_1.19.0/STM32CubeIDE/plugins/com.st.stm32cube.ide.mcu.externaltools.gnu-tools-for-stm32.13.3.rel1.win32_1.0.0.202411081344/tools/bin/../lib/gcc/arm-none-eabi/13.3.1/thumb/v7e-m+dp/hard/crti.o
 .ARM.attributes
                0x00000020       0x32 C:/ST/STM32CubeIDE_1.19.0/STM32CubeIDE/plugins/com.st.stm32cube.ide.mcu.externaltools.gnu-tools-for-stm32.13.3.rel1.win32_1.0.0.202411081344/tools/bin/../lib/gcc/arm-none-eabi/13.3.1/thumb/v7e-m+dp/hard/crtbegin.o
 .ARM.attributes
                0x00000052       0x32 ./Core/Src/main.o
 .ARM.attributes
                0x00000084       0x32 ./Core/Src/stm32h7rsxx_it.o
 .ARM.attributes
                0x000000b6       0x32 ./Core/Src/system_stm32h7rsxx.o
 .ARM.attributes
                0x000000e8       0x21 ./Core/Startup/startup_stm32h7s3l8hx.o
 .ARM.attributes
                0x00000109       0x32 ./Drivers/STM32H7RSxx_HAL_Driver/stm32h7rsxx_hal.o
 .ARM.attributes
                0x0000013b       0x32 ./Drivers/STM32H7RSxx_HAL_Driver/stm32h7rsxx_hal_pcd.o
 .ARM.attributes
                0x0000016d       0x32 ./Drivers/STM32H7RSxx_HAL_Driver/stm32h7rsxx_hal_pcd_ex.o
 .ARM.attributes
                0x0000019f       0x32 ./Drivers/STM32H7RSxx_HAL_Driver/stm32h7rsxx_hal_rcc.o
 .ARM.attributes
                0x000001d1       0x32 ./Drivers/STM32H7RSxx_HAL_Driver/stm32h7rsxx_ll_usb.o
 .ARM.attributes
                0x00000203       0x32 ./Middlewares/ST/STM32_USB_Device_Library/usbd_core.o
 .ARM.attributes
                0x00000235       0x32 ./Middlewares/ST/STM32_USB_Device_Library/usbd_ctlreq.o
 .ARM.attributes
                0x00000267       0x32 ./Middlewares/ST/STM32_USB_Device_Library/usbd_ioreq.o
 .ARM.attributes
                0x00000299       0x32 ./USB_DEVICE/Target/usbd_conf.o
 .ARM.attributes
                0x000002cb       0x32 C:/ST/STM32CubeIDE_1.19.0/STM32CubeIDE/plugins/com.st.stm32cube.ide.mcu.externaltools.gnu-tools-for-stm32.13.3.rel1.win32_1.0.0.202411081344/tools/bin/../lib/gcc/arm-none-eabi/13.3.1/../../../../arm-none-eabi/lib/thumb/v7e-m+dp/hard\libc_nano.a(libc_a-init.o)
 .ARM.attributes
                0x000002fd       0x20 C:/ST/STM32CubeIDE_1.19.0/STM32CubeIDE/plugins/com.st.stm32cube.ide.mcu.externaltools.gnu-tools-for-stm32.13.3.rel1.win32_1.0.0.202411081344/tools/bin/../lib/gcc/arm-none-eabi/13.3.1/thumb/v7e-m+dp/hard/crtn.o
OUTPUT(CMOS-TTL-webcam_Boot.elf elf32-littlearm)
LOAD linker stubs
LOAD C:/ST/STM32CubeIDE_1.19.0/STM32CubeIDE/plugins/com.st.stm32cube.ide.mcu.externaltools.gnu-tools-for-stm32.13.3.rel1.win32_1.0.0.202411081344/tools/bin/../lib/gcc/arm-none-eabi/13.3.1/../../../../arm-none-eabi/lib/thumb/v7e-m+dp/hard\libc.a
LOAD C:/ST/STM32CubeIDE_1.19.0/STM32CubeIDE/plugins/com.st.stm32cube.ide.mcu.externaltools.gnu-tools-for-stm32.13.3.rel1.win32_1.0.0.202411081344/tools/bin/../lib/gcc/arm-none-eabi/13.3.1/../../../../arm-none-eabi/lib/thumb/v7e-m+dp/hard\libm.a
LOAD C:/ST/STM32CubeIDE_1.19.0/STM32CubeIDE/plugins/com.st.stm32cube.ide.mcu.externaltools.gnu-tools-for-stm32.13.3.rel1.win32_1.0.0.202411081344/tools/bin/../lib/gcc/arm-none-eabi/13.3.1/thumb/v7e-m+dp/hard\libgcc.a

.debug_info     0x00000000     0xd9cb
 .debug_info    0x00000000     0x1d8f ./Core/Src/main.o
 .debug_info    0x00001d8f      0x6bc ./Core/Src/stm32h7rsxx_it.o
 .debug_info    0x0000244b      0x9bd ./Core/Src/system_stm32h7rsxx.o
 .debug_info    0x00002e08       0x30 ./Core/Startup/startup_stm32h7s3l8hx.o
 .debug_info    0x00002e38     0x18a1 ./Drivers/STM32H7RSxx_HAL_Driver/stm32h7rsxx_hal.o
 .debug_info    0x000046d9     0x157a ./Drivers/STM32H7RSxx_HAL_Driver/stm32h7rsxx_hal_pcd.o
 .debug_info    0x00005c53      0x8c9 ./Drivers/STM32H7RSxx_HAL_Driver/stm32h7rsxx_hal_pcd_ex.o
 .debug_info    0x0000651c     0x1464 ./Drivers/STM32H7RSxx_HAL_Driver/stm32h7rsxx_hal_rcc.o
 .debug_info    0x00007980     0x1a38 ./Drivers/STM32H7RSxx_HAL_Driver/stm32h7rsxx_ll_usb.o
 .debug_info    0x000093b8      0xe20 ./Middlewares/ST/STM32_USB_Device_Library/usbd_core.o
 .debug_info    0x0000a1d8      0xaf9 ./Middlewares/ST/STM32_USB_Device_Library/usbd_ctlreq.o
 .debug_info    0x0000acd1      0x770 ./Middlewares/ST/STM32_USB_Device_Library/usbd_ioreq.o
 .debug_info    0x0000b441     0x258a ./USB_DEVICE/Target/usbd_conf.o

.debug_abbrev   0x00000000     0x1dd3
 .debug_abbrev  0x00000000      0x2d3 ./Core/Src/main.o
 .debug_abbrev  0x000002d3      0x1a4 ./Core/Src/stm32h7rsxx_it.o
 .debug_abbrev  0x00000477      0x12e ./Core/Src/system_stm32h7rsxx.o
 .debug_abbrev  0x000005a5       0x24 ./Core/Startup/startup_stm32h7s3l8hx.o
 .debug_abbrev  0x000005c9      0x34a ./Drivers/STM32H7RSxx_HAL_Driver/stm32h7rsxx_hal.o
 .debug_abbrev  0x00000913      0x2ed ./Drivers/STM32H7RSxx_HAL_Driver/stm32h7rsxx_hal_pcd.o
 .debug_abbrev  0x00000c00      0x25a ./Drivers/STM32H7RSxx_HAL_Driver/stm32h7rsxx_hal_pcd_ex.o
 .debug_abbrev  0x00000e5a      0x2df ./Drivers/STM32H7RSxx_HAL_Driver/stm32h7rsxx_hal_rcc.o
 .debug_abbrev  0x00001139      0x2b3 ./Drivers/STM32H7RSxx_HAL_Driver/stm32h7rsxx_ll_usb.o
 .debug_abbrev  0x000013ec      0x27c ./Middlewares/ST/STM32_USB_Device_Library/usbd_core.o
 .debug_abbrev  0x00001668      0x26f ./Middlewares/ST/STM32_USB_Device_Library/usbd_ctlreq.o
 .debug_abbrev  0x000018d7      0x19a ./Middlewares/ST/STM32_USB_Device_Library/usbd_ioreq.o
 .debug_abbrev  0x00001a71      0x362 ./USB_DEVICE/Target/usbd_conf.o

.debug_aranges  0x00000000      0xa88
 .debug_aranges
                0x00000000       0x58 ./Core/Src/main.o
 .debug_aranges
                0x00000058       0x68 ./Core/Src/stm32h7rsxx_it.o
 .debug_aranges
                0x000000c0       0x28 ./Core/Src/system_stm32h7rsxx.o
 .debug_aranges
                0x000000e8       0x28 ./Core/Startup/startup_stm32h7s3l8hx.o
 .debug_aranges
                0x00000110      0x240 ./Drivers/STM32H7RSxx_HAL_Driver/stm32h7rsxx_hal.o
 .debug_aranges
                0x00000350      0x140 ./Drivers/STM32H7RSxx_HAL_Driver/stm32h7rsxx_hal_pcd.o
 .debug_aranges
                0x00000490       0x60 ./Drivers/STM32H7RSxx_HAL_Driver/stm32h7rsxx_hal_pcd_ex.o
 .debug_aranges
                0x000004f0      0x130 ./Drivers/STM32H7RSxx_HAL_Driver/stm32h7rsxx_hal_rcc.o
 .debug_aranges
                0x00000620      0x1a0 ./Drivers/STM32H7RSxx_HAL_Driver/stm32h7rsxx_ll_usb.o
 .debug_aranges
                0x000007c0       0xd8 ./Middlewares/ST/STM32_USB_Device_Library/usbd_core.o
 .debug_aranges
                0x00000898       0x90 ./Middlewares/ST/STM32_USB_Device_Library/usbd_ctlreq.o
 .debug_aranges
                0x00000928       0x50 ./Middlewares/ST/STM32_USB_Device_Library/usbd_ioreq.o
 .debug_aranges
                0x00000978      0x110 ./USB_DEVICE/Target/usbd_conf.o

.debug_rnglists
                0x00000000      0x7e6
 .debug_rnglists
                0x00000000       0x43 ./Core/Src/main.o
 .debug_rnglists
                0x00000043       0x49 ./Core/Src/stm32h7rsxx_it.o
 .debug_rnglists
                0x0000008c       0x1a ./Core/Src/system_stm32h7rsxx.o
 .debug_rnglists
                0x000000a6       0x19 ./Core/Startup/startup_stm32h7s3l8hx.o
 .debug_rnglists
                0x000000bf      0x1ae ./Drivers/STM32H7RSxx_HAL_Driver/stm32h7rsxx_hal.o
 .debug_rnglists
                0x0000026d       0xf4 ./Drivers/STM32H7RSxx_HAL_Driver/stm32h7rsxx_hal_pcd.o
 .debug_rnglists
                0x00000361       0x45 ./Drivers/STM32H7RSxx_HAL_Driver/stm32h7rsxx_hal_pcd_ex.o
 .debug_rnglists
                0x000003a6       0xea ./Drivers/STM32H7RSxx_HAL_Driver/stm32h7rsxx_hal_rcc.o
 .debug_rnglists
                0x00000490      0x147 ./Drivers/STM32H7RSxx_HAL_Driver/stm32h7rsxx_ll_usb.o
 .debug_rnglists
                0x000005d7       0xa1 ./Middlewares/ST/STM32_USB_Device_Library/usbd_core.o
 .debug_rnglists
                0x00000678       0x6e ./Middlewares/ST/STM32_USB_Device_Library/usbd_ctlreq.o
 .debug_rnglists
                0x000006e6       0x37 ./Middlewares/ST/STM32_USB_Device_Library/usbd_ioreq.o
 .debug_rnglists
                0x0000071d       0xc9 ./USB_DEVICE/Target/usbd_conf.o

.debug_macro    0x00000000     0x2e9c
 .debug_macro   0x00000000      0x3ce ./Core/Src/main.o
 .debug_macro   0x000003ce       0x1c ./Core/Src/main.o
 .debug_macro   0x000003ea       0x10 ./Core/Src/main.o
 .debug_macro   0x000003fa       0x1c ./Core/Src/main.o
 .debug_macro   0x00000416       0x16 ./Core/Src/main.o
 .debug_macro   0x0000042c      0x146 ./Core/Src/main.o
 .debug_macro   0x00000572       0x16 ./Core/Src/main.o
 .debug_macro   0x00000588       0x16 ./Core/Src/main.o
 .debug_macro   0x0000059e       0x29 ./Core/Src/main.o
 .debug_macro   0x000005c7       0x79 ./Core/Src/main.o
 .debug_macro   0x00000640      0x20f ./Core/Src/main.o
 .debug_macro   0x0000084f      0x2c9 ./Core/Src/stm32h7rsxx_it.o
 .debug_macro   0x00000b18      0x2bb ./Core/Src/system_stm32h7rsxx.o
 .debug_macro   0x00000dd3      0x2f7 ./Drivers/STM32H7RSxx_HAL_Driver/stm32h7rsxx_hal.o
 .debug_macro   0x000010ca      0x2c1 ./Drivers/STM32H7RSxx_HAL_Driver/stm32h7rsxx_hal_pcd.o
 .debug_macro   0x0000138b      0x2b5 ./Drivers/STM32H7RSxx_HAL_Driver/stm32h7rsxx_hal_pcd_ex.o
 .debug_macro   0x00001640      0x31b ./Drivers/STM32H7RSxx_HAL_Driver/stm32h7rsxx_hal_rcc.o
 .debug_macro   0x0000195b      0x2b5 ./Drivers/STM32H7RSxx_HAL_Driver/stm32h7rsxx_ll_usb.o
 .debug_macro   0x00001c10      0x39d ./Middlewares/ST/STM32_USB_Device_Library/usbd_core.o
 .debug_macro   0x00001fad       0x16 ./Middlewares/ST/STM32_USB_Device_Library/usbd_core.o
 .debug_macro   0x00001fc3       0x9e ./Middlewares/ST/STM32_USB_Device_Library/usbd_core.o
 .debug_macro   0x00002061      0x112 ./Middlewares/ST/STM32_USB_Device_Library/usbd_core.o
 .debug_macro   0x00002173       0x16 ./Middlewares/ST/STM32_USB_Device_Library/usbd_core.o
 .debug_macro   0x00002189      0x215 ./Middlewares/ST/STM32_USB_Device_Library/usbd_core.o
 .debug_macro   0x0000239e      0x3a7 ./Middlewares/ST/STM32_USB_Device_Library/usbd_ctlreq.o
 .debug_macro   0x00002745      0x3a3 ./Middlewares/ST/STM32_USB_Device_Library/usbd_ioreq.o
 .debug_macro   0x00002ae8      0x3b4 ./USB_DEVICE/Target/usbd_conf.o

.debug_line     0x00000000     0xcd27
 .debug_line    0x00000000      0xdc6 ./Core/Src/main.o
 .debug_line    0x00000dc6      0x9f5 ./Core/Src/stm32h7rsxx_it.o
 .debug_line    0x000017bb      0xa35 ./Core/Src/system_stm32h7rsxx.o
 .debug_line    0x000021f0       0x7b ./Core/Startup/startup_stm32h7s3l8hx.o
 .debug_line    0x0000226b     0x11a1 ./Drivers/STM32H7RSxx_HAL_Driver/stm32h7rsxx_hal.o
 .debug_line    0x0000340c     0x16b1 ./Drivers/STM32H7RSxx_HAL_Driver/stm32h7rsxx_hal_pcd.o
 .debug_line    0x00004abd      0xbfc ./Drivers/STM32H7RSxx_HAL_Driver/stm32h7rsxx_hal_pcd_ex.o
 .debug_line    0x000056b9     0x19c3 ./Drivers/STM32H7RSxx_HAL_Driver/stm32h7rsxx_hal_rcc.o
 .debug_line    0x0000707c     0x1fdf ./Drivers/STM32H7RSxx_HAL_Driver/stm32h7rsxx_ll_usb.o
 .debug_line    0x0000905b     0x1040 ./Middlewares/ST/STM32_USB_Device_Library/usbd_core.o
 .debug_line    0x0000a09b     0x123a ./Middlewares/ST/STM32_USB_Device_Library/usbd_ctlreq.o
 .debug_line    0x0000b2d5      0xb56 ./Middlewares/ST/STM32_USB_Device_Library/usbd_ioreq.o
 .debug_line    0x0000be2b      0xefc ./USB_DEVICE/Target/usbd_conf.o

.debug_str      0x00000000   0x138cbb
 .debug_str     0x00000000   0x138cbb ./Core/Src/main.o
                             0x134dad (size before relaxing)
 .debug_str     0x00138cbb   0x132b04 ./Core/Src/stm32h7rsxx_it.o
 .debug_str     0x00138cbb   0x132a3e ./Core/Src/system_stm32h7rsxx.o
 .debug_str     0x00138cbb       0x92 ./Core/Startup/startup_stm32h7s3l8hx.o
 .debug_str     0x00138cbb   0x133f11 ./Drivers/STM32H7RSxx_HAL_Driver/stm32h7rsxx_hal.o
 .debug_str     0x00138cbb   0x133305 ./Drivers/STM32H7RSxx_HAL_Driver/stm32h7rsxx_hal_pcd.o
 .debug_str     0x00138cbb   0x132cad ./Drivers/STM32H7RSxx_HAL_Driver/stm32h7rsxx_hal_pcd_ex.o
 .debug_str     0x00138cbb   0x1333e8 ./Drivers/STM32H7RSxx_HAL_Driver/stm32h7rsxx_hal_rcc.o
 .debug_str     0x00138cbb   0x1331ff ./Drivers/STM32H7RSxx_HAL_Driver/stm32h7rsxx_ll_usb.o
 .debug_str     0x00138cbb   0x1340ba ./Middlewares/ST/STM32_USB_Device_Library/usbd_core.o
 .debug_str     0x00138cbb   0x133ee5 ./Middlewares/ST/STM32_USB_Device_Library/usbd_ctlreq.o
 .debug_str     0x00138cbb   0x133dba ./Middlewares/ST/STM32_USB_Device_Library/usbd_ioreq.o
 .debug_str     0x00138cbb   0x13577a ./USB_DEVICE/Target/usbd_conf.o

.comment        0x00000000       0x43
 .comment       0x00000000       0x43 ./Core/Src/main.o
                                 0x44 (size before relaxing)
 .comment       0x00000043       0x44 ./Core/Src/stm32h7rsxx_it.o
 .comment       0x00000043       0x44 ./Core/Src/system_stm32h7rsxx.o
 .comment       0x00000043       0x44 ./Drivers/STM32H7RSxx_HAL_Driver/stm32h7rsxx_hal.o
 .comment       0x00000043       0x44 ./Drivers/STM32H7RSxx_HAL_Driver/stm32h7rsxx_hal_pcd.o
 .comment       0x00000043       0x44 ./Drivers/STM32H7RSxx_HAL_Driver/stm32h7rsxx_hal_pcd_ex.o
 .comment       0x00000043       0x44 ./Drivers/STM32H7RSxx_HAL_Driver/stm32h7rsxx_hal_rcc.o
 .comment       0x00000043       0x44 ./Drivers/STM32H7RSxx_HAL_Driver/stm32h7rsxx_ll_usb.o
 .comment       0x00000043       0x44 ./Middlewares/ST/STM32_USB_Device_Library/usbd_core.o
 .comment       0x00000043       0x44 ./Middlewares/ST/STM32_USB_Device_Library/usbd_ctlreq.o
 .comment       0x00000043       0x44 ./Middlewares/ST/STM32_USB_Device_Library/usbd_ioreq.o
 .comment       0x00000043       0x44 ./USB_DEVICE/Target/usbd_conf.o

.debug_frame    0x00000000     0x2b94
 .debug_frame   0x00000000      0x124 ./Core/Src/main.o
 .debug_frame   0x00000124      0x120 ./Core/Src/stm32h7rsxx_it.o
 .debug_frame   0x00000244       0x58 ./Core/Src/system_stm32h7rsxx.o
 .debug_frame   0x0000029c      0x9a0 ./Drivers/STM32H7RSxx_HAL_Driver/stm32h7rsxx_hal.o
 .debug_frame   0x00000c3c      0x590 ./Drivers/STM32H7RSxx_HAL_Driver/stm32h7rsxx_hal_pcd.o
 .debug_frame   0x000011cc      0x174 ./Drivers/STM32H7RSxx_HAL_Driver/stm32h7rsxx_hal_pcd_ex.o
 .debug_frame   0x00001340      0x510 ./Drivers/STM32H7RSxx_HAL_Driver/stm32h7rsxx_hal_rcc.o
 .debug_frame   0x00001850      0x7c0 ./Drivers/STM32H7RSxx_HAL_Driver/stm32h7rsxx_ll_usb.o
 .debug_frame   0x00002010      0x390 ./Middlewares/ST/STM32_USB_Device_Library/usbd_core.o
 .debug_frame   0x000023a0      0x23c ./Middlewares/ST/STM32_USB_Device_Library/usbd_ctlreq.o
 .debug_frame   0x000025dc      0x10c ./Middlewares/ST/STM32_USB_Device_Library/usbd_ioreq.o
 .debug_frame   0x000026e8      0x480 ./USB_DEVICE/Target/usbd_conf.o
 .debug_frame   0x00002b68       0x2c C:/ST/STM32CubeIDE_1.19.0/STM32CubeIDE/plugins/com.st.stm32cube.ide.mcu.externaltools.gnu-tools-for-stm32.13.3.rel1.win32_1.0.0.202411081344/tools/bin/../lib/gcc/arm-none-eabi/13.3.1/../../../../arm-none-eabi/lib/thumb/v7e-m+dp/hard\libc_nano.a(libc_a-init.o)

.debug_line_str
                0x00000000       0x76
 .debug_line_str
                0x00000000       0x76 ./Core/Startup/startup_stm32h7s3l8hx.o
